Component: ARM Compiler 5.06 update 7 (build 960) Tool: armlink [4d3601]

==============================================================================

Section Cross References

    startup_stm32h750xx.o(RESET) refers to startup_stm32h750xx.o(STACK) for __initial_sp
    startup_stm32h750xx.o(RESET) refers to startup_stm32h750xx.o(.text) for Reset_Handler
    startup_stm32h750xx.o(RESET) refers to stm32h7xx_it.o(i.NMI_Handler) for NMI_Handler
    startup_stm32h750xx.o(RESET) refers to stm32h7xx_it.o(i.HardFault_Handler) for HardFault_Handler
    startup_stm32h750xx.o(RESET) refers to stm32h7xx_it.o(i.MemManage_Handler) for MemManage_Handler
    startup_stm32h750xx.o(RESET) refers to stm32h7xx_it.o(i.BusFault_Handler) for BusFault_Handler
    startup_stm32h750xx.o(RESET) refers to stm32h7xx_it.o(i.UsageFault_Handler) for UsageFault_Handler
    startup_stm32h750xx.o(RESET) refers to port.o(.emb_text) for SVC_Handler
    startup_stm32h750xx.o(RESET) refers to stm32h7xx_it.o(i.DebugMon_Handler) for DebugMon_Handler
    startup_stm32h750xx.o(RESET) refers to cmsis_os2.o(i.SysTick_Handler) for SysTick_Handler
    startup_stm32h750xx.o(RESET) refers to stm32h7xx_it.o(i.DMA1_Stream0_IRQHandler) for DMA1_Stream0_IRQHandler
    startup_stm32h750xx.o(RESET) refers to stm32h7xx_it.o(i.DMA1_Stream1_IRQHandler) for DMA1_Stream1_IRQHandler
    startup_stm32h750xx.o(RESET) refers to stm32h7xx_it.o(i.TIM1_UP_IRQHandler) for TIM1_UP_IRQHandler
    startup_stm32h750xx.o(RESET) refers to stm32h7xx_it.o(i.USART1_IRQHandler) for USART1_IRQHandler
    startup_stm32h750xx.o(RESET) refers to stm32h7xx_it.o(i.TIM6_DAC_IRQHandler) for TIM6_DAC_IRQHandler
    startup_stm32h750xx.o(RESET) refers to stm32h7xx_it.o(i.USART6_IRQHandler) for USART6_IRQHandler
    startup_stm32h750xx.o(.text) refers to system_stm32h7xx.o(i.SystemInit) for SystemInit
    startup_stm32h750xx.o(.text) refers to entry.o(.ARM.Collect$$$$00000000) for __main
    main.o(i.HAL_TIM_PeriodElapsedCallback) refers to stm32h7xx_hal.o(i.HAL_IncTick) for HAL_IncTick
    main.o(i.HAL_TIM_PeriodElapsedCallback) refers to printfa.o(i.__0printf) for __2printf
    main.o(i.MX_ADC1_Init) refers to memseta.o(.text) for __aeabi_memclr4
    main.o(i.MX_ADC1_Init) refers to stm32h7xx_hal_adc.o(i.HAL_ADC_Init) for HAL_ADC_Init
    main.o(i.MX_ADC1_Init) refers to stm32h7xx_hal_adc_ex.o(i.HAL_ADCEx_MultiModeConfigChannel) for HAL_ADCEx_MultiModeConfigChannel
    main.o(i.MX_ADC1_Init) refers to stm32h7xx_hal_adc.o(i.HAL_ADC_ConfigChannel) for HAL_ADC_ConfigChannel
    main.o(i.MX_ADC1_Init) refers to main.o(.bss) for .bss
    main.o(i.MX_ADC2_Init) refers to memseta.o(.text) for __aeabi_memclr4
    main.o(i.MX_ADC2_Init) refers to stm32h7xx_hal_adc.o(i.HAL_ADC_Init) for HAL_ADC_Init
    main.o(i.MX_ADC2_Init) refers to stm32h7xx_hal_adc.o(i.HAL_ADC_ConfigChannel) for HAL_ADC_ConfigChannel
    main.o(i.MX_ADC2_Init) refers to main.o(.bss) for .bss
    main.o(i.MX_DAC1_Init) refers to memseta.o(.text) for __aeabi_memclr4
    main.o(i.MX_DAC1_Init) refers to stm32h7xx_hal_dac.o(i.HAL_DAC_Init) for HAL_DAC_Init
    main.o(i.MX_DAC1_Init) refers to stm32h7xx_hal_dac.o(i.HAL_DAC_ConfigChannel) for HAL_DAC_ConfigChannel
    main.o(i.MX_DAC1_Init) refers to main.o(.bss) for .bss
    main.o(i.MX_GPIO_Init) refers to memseta.o(.text) for __aeabi_memclr4
    main.o(i.MX_GPIO_Init) refers to stm32h7xx_hal_gpio.o(i.HAL_GPIO_WritePin) for HAL_GPIO_WritePin
    main.o(i.MX_GPIO_Init) refers to stm32h7xx_hal_gpio.o(i.HAL_GPIO_Init) for HAL_GPIO_Init
    main.o(i.MX_I2C1_Init) refers to stm32h7xx_hal_i2c.o(i.HAL_I2C_Init) for HAL_I2C_Init
    main.o(i.MX_I2C1_Init) refers to stm32h7xx_hal_i2c_ex.o(i.HAL_I2CEx_ConfigAnalogFilter) for HAL_I2CEx_ConfigAnalogFilter
    main.o(i.MX_I2C1_Init) refers to stm32h7xx_hal_i2c_ex.o(i.HAL_I2CEx_ConfigDigitalFilter) for HAL_I2CEx_ConfigDigitalFilter
    main.o(i.MX_I2C1_Init) refers to main.o(.bss) for .bss
    main.o(i.MX_SPI1_Init) refers to stm32h7xx_hal_spi.o(i.HAL_SPI_Init) for HAL_SPI_Init
    main.o(i.MX_SPI1_Init) refers to main.o(.bss) for .bss
    main.o(i.MX_TIM3_Init) refers to stm32h7xx_hal_tim.o(i.HAL_TIM_Base_Init) for HAL_TIM_Base_Init
    main.o(i.MX_TIM3_Init) refers to stm32h7xx_hal_tim.o(i.HAL_TIM_ConfigClockSource) for HAL_TIM_ConfigClockSource
    main.o(i.MX_TIM3_Init) refers to stm32h7xx_hal_tim_ex.o(i.HAL_TIMEx_MasterConfigSynchronization) for HAL_TIMEx_MasterConfigSynchronization
    main.o(i.MX_TIM3_Init) refers to main.o(.bss) for .bss
    main.o(i.MX_TIM4_Init) refers to stm32h7xx_hal_tim.o(i.HAL_TIM_Base_Init) for HAL_TIM_Base_Init
    main.o(i.MX_TIM4_Init) refers to stm32h7xx_hal_tim.o(i.HAL_TIM_ConfigClockSource) for HAL_TIM_ConfigClockSource
    main.o(i.MX_TIM4_Init) refers to stm32h7xx_hal_tim_ex.o(i.HAL_TIMEx_MasterConfigSynchronization) for HAL_TIMEx_MasterConfigSynchronization
    main.o(i.MX_TIM4_Init) refers to main.o(.bss) for .bss
[...]
    HAL_RCCEx_GetPLL3ClockFreq               0x08005fd5   Thumb Code   296  stm32h7xx_hal_rcc_ex.o(i.HAL_RCCEx_GetPLL3ClockFreq)
    HAL_RCCEx_GetPeriphCLKFreq               0x08006119   Thumb Code   692  stm32h7xx_hal_rcc_ex.o(i.HAL_RCCEx_GetPeriphCLKFreq)
    HAL_RCCEx_PeriphCLKConfig                0x080063e1   Thumb Code  2472  stm32h7xx_hal_rcc_ex.o(i.HAL_RCCEx_PeriphCLKConfig)
    HAL_RCC_ClockConfig                      0x08006d8d   Thumb Code   580  stm32h7xx_hal_rcc.o(i.HAL_RCC_ClockConfig)
    HAL_RCC_GetClockConfig                   0x08006fe9   Thumb Code    84  stm32h7xx_hal_rcc.o(i.HAL_RCC_GetClockConfig)
    HAL_RCC_GetHCLKFreq                      0x08007045   Thumb Code    52  stm32h7xx_hal_rcc.o(i.HAL_RCC_GetHCLKFreq)
    HAL_RCC_GetPCLK1Freq                     0x08007089   Thumb Code    26  stm32h7xx_hal_rcc.o(i.HAL_RCC_GetPCLK1Freq)
    HAL_RCC_GetPCLK2Freq                     0x080070ad   Thumb Code    26  stm32h7xx_hal_rcc.o(i.HAL_RCC_GetPCLK2Freq)
    HAL_RCC_GetSysClockFreq                  0x080070d1   Thumb Code   278  stm32h7xx_hal_rcc.o(i.HAL_RCC_GetSysClockFreq)
    HAL_RCC_OscConfig                        0x08007209   Thumb Code  1410  stm32h7xx_hal_rcc.o(i.HAL_RCC_OscConfig)
    HAL_SPI_Init                             0x0800778d   Thumb Code   366  stm32h7xx_hal_spi.o(i.HAL_SPI_Init)
    HAL_SPI_MspInit                          0x08007909   Thumb Code   180  stm32h7xx_hal_msp.o(i.HAL_SPI_MspInit)
    HAL_TIMEx_Break2Callback                 0x080079cd   Thumb Code     2  stm32h7xx_hal_tim_ex.o(i.HAL_TIMEx_Break2Callback)
    HAL_TIMEx_BreakCallback                  0x080079cf   Thumb Code     2  stm32h7xx_hal_tim_ex.o(i.HAL_TIMEx_BreakCallback)
    HAL_TIMEx_CommutCallback                 0x080079d1   Thumb Code     2  stm32h7xx_hal_tim_ex.o(i.HAL_TIMEx_CommutCallback)
    HAL_TIMEx_MasterConfigSynchronization    0x080079d5   Thumb Code   134  stm32h7xx_hal_tim_ex.o(i.HAL_TIMEx_MasterConfigSynchronization)
    HAL_TIM_Base_Init                        0x08007a79   Thumb Code    98  stm32h7xx_hal_tim.o(i.HAL_TIM_Base_Init)
    HAL_TIM_Base_MspInit                     0x08007add   Thumb Code    94  stm32h7xx_hal_msp.o(i.HAL_TIM_Base_MspInit)
    HAL_TIM_Base_Start                       0x08007b4d   Thumb Code    96  stm32h7xx_hal_tim.o(i.HAL_TIM_Base_Start)
    HAL_TIM_Base_Start_IT                    0x08007bcd   Thumb Code   106  stm32h7xx_hal_tim.o(i.HAL_TIM_Base_Start_IT)
    HAL_TIM_Base_Stop                        0x08007c59   Thumb Code    38  stm32h7xx_hal_tim.o(i.HAL_TIM_Base_Stop)
    HAL_TIM_Base_Stop_IT                     0x08007c7f   Thumb Code    48  stm32h7xx_hal_tim.o(i.HAL_TIM_Base_Stop_IT)
    HAL_TIM_ConfigClockSource                0x08007cb1   Thumb Code   248  stm32h7xx_hal_tim.o(i.HAL_TIM_ConfigClockSource)
    HAL_TIM_IC_CaptureCallback               0x08007dad   Thumb Code     2  stm32h7xx_hal_tim.o(i.HAL_TIM_IC_CaptureCallback)
    HAL_TIM_IRQHandler                       0x08007daf   Thumb Code   328  stm32h7xx_hal_tim.o(i.HAL_TIM_IRQHandler)
    HAL_TIM_OC_DelayElapsedCallback          0x08007ef7   Thumb Code     2  stm32h7xx_hal_tim.o(i.HAL_TIM_OC_DelayElapsedCallback)
    HAL_TIM_PWM_PulseFinishedCallback        0x08007ef9   Thumb Code     2  stm32h7xx_hal_tim.o(i.HAL_TIM_PWM_PulseFinishedCallback)
    HAL_TIM_PeriodElapsedCallback            0x08007efd   Thumb Code    36  main.o(i.HAL_TIM_PeriodElapsedCallback)
    HAL_TIM_TriggerCallback                  0x08007f41   Thumb Code     2  stm32h7xx_hal_tim.o(i.HAL_TIM_TriggerCallback)
    HAL_UARTEx_DisableFifoMode               0x08007f43   Thumb Code    64  stm32h7xx_hal_uart_ex.o(i.HAL_UARTEx_DisableFifoMode)
    HAL_UARTEx_RxEventCallback               0x08007f83   Thumb Code     2  stm32h7xx_hal_uart.o(i.HAL_UARTEx_RxEventCallback)
    HAL_UARTEx_RxFifoFullCallback            0x08007f85   Thumb Code     2  stm32h7xx_hal_uart_ex.o(i.HAL_UARTEx_RxFifoFullCallback)
    HAL_UARTEx_SetRxFifoThreshold            0x08007f87   Thumb Code    76  stm32h7xx_hal_uart_ex.o(i.HAL_UARTEx_SetRxFifoThreshold)
    HAL_UARTEx_SetTxFifoThreshold            0x08007fd3   Thumb Code    76  stm32h7xx_hal_uart_ex.o(i.HAL_UARTEx_SetTxFifoThreshold)
    HAL_UARTEx_TxFifoEmptyCallback           0x0800801f   Thumb Code     2  stm32h7xx_hal_uart_ex.o(i.HAL_UARTEx_TxFifoEmptyCallback)
    HAL_UARTEx_WakeupCallback                0x08008021   Thumb Code     2  stm32h7xx_hal_uart_ex.o(i.HAL_UARTEx_WakeupCallback)
    HAL_UART_ErrorCallback                   0x08008023   Thumb Code     2  stm32h7xx_hal_uart.o(i.HAL_UART_ErrorCallback)
    HAL_UART_IRQHandler                      0x08008025   Thumb Code   878  stm32h7xx_hal_uart.o(i.HAL_UART_IRQHandler)
    HAL_UART_Init                            0x080083ad   Thumb Code   106  stm32h7xx_hal_uart.o(i.HAL_UART_Init)
    HAL_UART_MspInit                         0x08008419   Thumb Code   234  stm32h7xx_hal_msp.o(i.HAL_UART_MspInit)
    HAL_UART_Receive_IT                      0x08008519   Thumb Code    66  stm32h7xx_hal_uart.o(i.HAL_UART_Receive_IT)
    HAL_UART_RxCpltCallback                  0x08008561   Thumb Code   140  my_uart_task.o(i.HAL_UART_RxCpltCallback)
    HAL_UART_Transmit                        0x08008609   Thumb Code   176  stm32h7xx_hal_uart.o(i.HAL_UART_Transmit)
    HAL_UART_TxCpltCallback                  0x080086b9   Thumb Code     2  stm32h7xx_hal_uart.o(i.HAL_UART_TxCpltCallback)
    HardFault_Handler                        0x080086bb   Thumb Code     2  stm32h7xx_it.o(i.HardFault_Handler)
    Matrix_Keypad_Scan                       0x08008cb9   Thumb Code    96  my_button_config.o(i.Matrix_Keypad_Scan)
    MemManage_Handler                        0x08008d1d   Thumb Code     2  stm32h7xx_it.o(i.MemManage_Handler)
    NMI_Handler                              0x08008d1f   Thumb Code     2  stm32h7xx_it.o(i.NMI_Handler)
    PeriphCommonClock_Config                 0x08008d21   Thumb Code    66  main.o(i.PeriphCommonClock_Config)
    StartADCProcessingTask                   0x08008fa5   Thumb Code  2206  my_adc_task.o(i.StartADCProcessingTask)
    StartDefaultTask                         0x08009a2d   Thumb Code     8  main.o(i.StartDefaultTask)
    StartUARTProcessingTask                  0x08009a35   Thumb Code    92  my_uart_task.o(i.StartUARTProcessingTask)
    SysTick_Handler                          0x08009ac1   Thumb Code    26  cmsis_os2.o(i.SysTick_Handler)
    SystemClock_Config                       0x08009add   Thumb Code   160  main.o(i.SystemClock_Config)
    SystemInit                               0x08009b85   Thumb Code   180  system_stm32h7xx.o(i.SystemInit)
    TIM1_UP_IRQHandler                       0x08009c61   Thumb Code     6  stm32h7xx_it.o(i.TIM1_UP_IRQHandler)
    TIM6_DAC_IRQHandler                      0x08009c6d   Thumb Code    18  stm32h7xx_it.o(i.TIM6_DAC_IRQHandler)
    TIM_Base_SetConfig                       0x08009c89   Thumb Code   176  stm32h7xx_hal_tim.o(i.TIM_Base_SetConfig)
    TIM_ETR_SetConfig                        0x08009d59   Thumb Code    18  stm32h7xx_hal_tim.o(i.TIM_ETR_SetConfig)
    UART_AdvFeatureConfig                    0x08009e0d   Thumb Code   200  stm32h7xx_hal_uart.o(i.UART_AdvFeatureConfig)
    UART_CheckIdleState                      0x08009ed5   Thumb Code   170  stm32h7xx_hal_uart.o(i.UART_CheckIdleState)
    UART_SetConfig                           0x0800a4b9   Thumb Code   876  stm32h7xx_hal_uart.o(i.UART_SetConfig)
    UART_Start_Receive_IT                    0x0800a865   Thumb Code   256  stm32h7xx_hal_uart.o(i.UART_Start_Receive_IT)
    UART_WaitOnFlagUntilTimeout              0x0800a975   Thumb Code   148  stm32h7xx_hal_uart.o(i.UART_WaitOnFlagUntilTimeout)
    UPDATE                                   0x0800aa09   Thumb Code    34  ad9954.o(i.UPDATE)
    USART1_IRQHandler                        0x0800aa31   Thumb Code     6  stm32h7xx_it.o(i.USART1_IRQHandler)
    USART6_IRQHandler                        0x0800aa3d   Thumb Code     6  stm32h7xx_it.o(i.USART6_IRQHandler)
    UsageFault_Handler                       0x0800aa49   Thumb Code     2  stm32h7xx_it.o(i.UsageFault_Handler)
    __0printf                                0x0800aa4d   Thumb Code    22  printfa.o(i.__0printf)
    __1printf                                0x0800aa4d   Thumb Code     0  printfa.o(i.__0printf)
    __2printf                                0x0800aa4d   Thumb Code     0  printfa.o(i.__0printf)
    __c89printf                              0x0800aa4d   Thumb Code     0  printfa.o(i.__0printf)
    printf                                   0x0800aa4d   Thumb Code     0  printfa.o(i.__0printf)
    __ARM_fpclassifyf                        0x0800aa6d   Thumb Code    38  fpclassifyf.o(i.__ARM_fpclassifyf)
    __aeabi_errno_addr                       0x0800aab5   Thumb Code     4  errno.o(i.__aeabi_errno_addr)
    __rt_errno_addr                          0x0800aab5   Thumb Code     0  errno.o(i.__aeabi_errno_addr)
    __hardfp_atan2f                          0x0800aabd   Thumb Code   594  atan2f.o(i.__hardfp_atan2f)
    __hardfp_atof                            0x0800ad71   Thumb Code    44  atof.o(i.__hardfp_atof)
    __hardfp_log10f                          0x0800ada9   Thumb Code   336  log10f.o(i.__hardfp_log10f)
    __hardfp_powf                            0x0800af39   Thumb Code  1590  powf.o(i.__hardfp_powf)
    __mathlib_powf                           0x0800af39   Thumb Code     0  powf.o(i.__hardfp_powf)
    __hardfp_sqrtf                           0x0800b591   Thumb Code    58  sqrtf.o(i.__hardfp_sqrtf)
    __mathlib_flt_divzero                    0x0800b5cd   Thumb Code    14  funder.o(i.__mathlib_flt_divzero)
    __mathlib_flt_infnan                     0x0800b5e5   Thumb Code     6  funder.o(i.__mathlib_flt_infnan)
    __mathlib_flt_infnan2                    0x0800b5eb   Thumb Code     6  funder.o(i.__mathlib_flt_infnan2)
    __mathlib_flt_invalid                    0x0800b5f1   Thumb Code    10  funder.o(i.__mathlib_flt_invalid)
    __mathlib_flt_overflow                   0x0800b601   Thumb Code    10  funder.o(i.__mathlib_flt_overflow)
    __mathlib_flt_underflow                  0x0800b611   Thumb Code    10  funder.o(i.__mathlib_flt_underflow)
    __read_errno                             0x0800b621   Thumb Code     6  errno.o(i.__read_errno)
    __scatterload_copy                       0x0800b62d   Thumb Code    14  handlers.o(i.__scatterload_copy)
    __scatterload_null                       0x0800b63b   Thumb Code     2  handlers.o(i.__scatterload_null)
    __scatterload_zeroinit                   0x0800b63d   Thumb Code    14  handlers.o(i.__scatterload_zeroinit)
    __set_errno                              0x0800b64d   Thumb Code     6  errno.o(i.__set_errno)
    _is_digit                                0x0800b7dd   Thumb Code    14  scanf_fp.o(i._is_digit)
    base2_function                           0x0800bef5   Thumb Code    38  my_parser.o(i.base2_function)
    base3_function                           0x0800bf55   Thumb Code    42  my_parser.o(i.base3_function)
    caculate_DCcomponent                     0x0800bfc1   Thumb Code    40  my_freq_config.o(i.caculate_DCcomponent)
    delay_us                                 0x0800c0c1   Thumb Code    26  ad9954.o(i.delay_us)
    fputc                                    0x0800cacd   Thumb Code    20  main.o(i.fputc)
    generate_window                          0x0800cae5   Thumb Code   312  my_freq_config.o(i.generate_window)
    handle_get_command                       0x0800cc39   Thumb Code   218  my_uart_task.o(i.handle_get_command)
    handle_legacy_command                    0x0800cec1   Thumb Code    82  my_uart_task.o(i.handle_legacy_command)
    handle_serial_lcd_set_command            0x0800cf89   Thumb Code   194  my_uart_task.o(i.handle_serial_lcd_set_command)
    handle_set_command                       0x0800d149   Thumb Code   898  my_uart_task.o(i.handle_set_command)
    identify_filter                          0x0800d7d1   Thumb Code    76  filter_identification.o(i.identify_filter)
    improve1_function                        0x0800d81d   Thumb Code    24  my_parser.o(i.improve1_function)
    improve2_function                        0x0800d871   Thumb Code    30  my_parser.o(i.improve2_function)
    main                                     0x0800d8d1   Thumb Code   376  main.o(i.main)
    myParserTask                             0x0800da75   Thumb Code   798  my_parser.o(i.myParserTask)
    my_armcfft32_apply                       0x0800e051   Thumb Code   398  my_freq_config.o(i.my_armcfft32_apply)
    my_time_domain_analysis_optimized        0x0800e201   Thumb Code   544  my_time_detect.o(i.my_time_domain_analysis_optimized)
    osDelay                                  0x0800e42d   Thumb Code    28  cmsis_os2.o(i.osDelay)
    osKernelGetTickCount                     0x0800e449   Thumb Code    14  cmsis_os2.o(i.osKernelGetTickCount)
    osKernelInitialize                       0x0800e459   Thumb Code    32  cmsis_os2.o(i.osKernelInitialize)
    osKernelStart                            0x0800e47d   Thumb Code    48  cmsis_os2.o(i.osKernelStart)
    osThreadNew                              0x0800e4b5   Thumb Code   144  cmsis_os2.o(i.osThreadNew)
    parse_serial_lcd_command                 0x0800e545   Thumb Code   300  my_uart_task.o(i.parse_serial_lcd_command)
    parse_uart_command                       0x0800e7dd   Thumb Code   118  my_uart_task.o(i.parse_uart_command)
    pvPortMalloc                             0x0800f161   Thumb Code   216  heap_4.o(i.pvPortMalloc)
    pxPortInitialiseStack                    0x0800f23d   Thumb Code    42  port.o(i.pxPortInitialiseStack)
    uart_base2_function_with_params          0x0800f309   Thumb Code    90  my_uart_task.o(i.uart_base2_function_with_params)
    uart_base3_function_with_params          0x0800f3a9   Thumb Code    90  my_uart_task.o(i.uart_base3_function_with_params)
    uart_base4_function_with_params          0x0800f449   Thumb Code   292  my_uart_task.o(i.uart_base4_function_with_params)
    update_dac_amplitude                     0x0800f73d   Thumb Code    44  my_uart_task.o(i.update_dac_amplitude)
    update_dac_frequency                     0x0800f799   Thumb Code    28  my_uart_task.o(i.update_dac_frequency)
    update_dac_waveform                      0x0800f7dd   Thumb Code    62  my_uart_task.o(i.update_dac_waveform)
    update_relay_state                       0x0800f851   Thumb Code    96  my_uart_task.o(i.update_relay_state)
    uxListRemove                             0x0800f8b9   Thumb Code    38  list.o(i.uxListRemove)
    vApplicationGetIdleTaskMemory            0x0800f8e1   Thumb Code    18  cmsis_os2.o(i.vApplicationGetIdleTaskMemory)
    vApplicationGetTimerTaskMemory           0x0800f8f9   Thumb Code    20  cmsis_os2.o(i.vApplicationGetTimerTaskMemory)
    vListInitialise                          0x0800f911   Thumb Code    22  list.o(i.vListInitialise)
    vListInitialiseItem                      0x0800f927   Thumb Code     6  list.o(i.vListInitialiseItem)
    vListInsert                              0x0800f92d   Thumb Code    48  list.o(i.vListInsert)
    vListInsertEnd                           0x0800f95d   Thumb Code    24  list.o(i.vListInsertEnd)
    vPortEnterCritical                       0x0800f975   Thumb Code    54  port.o(i.vPortEnterCritical)
    vPortExitCritical                        0x0800f9b5   Thumb Code    34  port.o(i.vPortExitCritical)
    vPortFree                                0x0800f9dd   Thumb Code    94  heap_4.o(i.vPortFree)
    vPortSetupTimerInterrupt                 0x0800fa41   Thumb Code    32  port.o(i.vPortSetupTimerInterrupt)
    vPortValidateInterruptPriority           0x0800fa65   Thumb Code    74  port.o(i.vPortValidateInterruptPriority)
    vQueueAddToRegistry                      0x0800fab9   Thumb Code    34  queue.o(i.vQueueAddToRegistry)
    vQueueWaitForMessageRestricted           0x0800fae1   Thumb Code    68  queue.o(i.vQueueWaitForMessageRestricted)
    vTaskDelay                               0x0800fb25   Thumb Code    66  tasks.o(i.vTaskDelay)
    vTaskInternalSetTimeOutState             0x0800fb71   Thumb Code    12  tasks.o(i.vTaskInternalSetTimeOutState)
    vTaskMissedYield                         0x0800fb81   Thumb Code     8  tasks.o(i.vTaskMissedYield)
    vTaskPlaceOnEventList                    0x0800fb8d   Thumb Code    44  tasks.o(i.vTaskPlaceOnEventList)
    vTaskPlaceOnEventListRestricted          0x0800fbbd   Thumb Code    52  tasks.o(i.vTaskPlaceOnEventListRestricted)
    vTaskStartScheduler                      0x0800fbf5   Thumb Code   118  tasks.o(i.vTaskStartScheduler)
    vTaskSuspendAll                          0x0800fc7d   Thumb Code    10  tasks.o(i.vTaskSuspendAll)
    vTaskSwitchContext                       0x0800fc8d   Thumb Code    90  tasks.o(i.vTaskSwitchContext)
    xPortStartScheduler                      0x0800fcf1   Thumb Code   222  port.o(i.xPortStartScheduler)
    xPortSysTickHandler                      0x0800fde5   Thumb Code    38  port.o(i.xPortSysTickHandler)
    xQueueGenericCreateStatic                0x0800fe11   Thumb Code   102  queue.o(i.xQueueGenericCreateStatic)
    xQueueGenericReset                       0x0800fe79   Thumb Code   144  queue.o(i.xQueueGenericReset)
    xQueueGenericSend                        0x0800ff0d   Thumb Code   346  queue.o(i.xQueueGenericSend)
    xQueueGenericSendFromISR                 0x0801006d   Thumb Code   190  queue.o(i.xQueueGenericSendFromISR)
    xQueueReceive                            0x0801012d   Thumb Code   310  queue.o(i.xQueueReceive)
    xTaskCheckForTimeOut                     0x08010269   Thumb Code   116  tasks.o(i.xTaskCheckForTimeOut)
    xTaskCreate                              0x080102e1   Thumb Code    90  tasks.o(i.xTaskCreate)
    xTaskCreateStatic                        0x0801033b   Thumb Code    86  tasks.o(i.xTaskCreateStatic)
    xTaskGetSchedulerState                   0x08010391   Thumb Code    22  tasks.o(i.xTaskGetSchedulerState)
    xTaskGetTickCount                        0x080103ad   Thumb Code     6  tasks.o(i.xTaskGetTickCount)
    xTaskGetTickCountFromISR                 0x080103b9   Thumb Code    12  tasks.o(i.xTaskGetTickCountFromISR)
    xTaskIncrementTick                       0x080103c9   Thumb Code   192  tasks.o(i.xTaskIncrementTick)
    xTaskPriorityDisinherit                  0x08010491   Thumb Code   116  tasks.o(i.xTaskPriorityDisinherit)
    xTaskRemoveFromEventList                 0x0801050d   Thumb Code   100  tasks.o(i.xTaskRemoveFromEventList)
    xTaskResumeAll                           0x0801057d   Thumb Code   184  tasks.o(i.xTaskResumeAll)
    xTimerCreateTimerTask                    0x08010641   Thumb Code    78  timers.o(i.xTimerCreateTimerTask)
    xTimerGenericCommand                     0x080106a1   Thumb Code    98  timers.o(i.xTimerGenericCommand)
    defaultTask_attributes                   0x08010708   Data          36  main.o(.constdata)
    ADCProcessingTask_attributes             0x0801072c   Data          36  main.o(.constdata)
    UARTProcessingTask_attributes            0x08010750   Data          36  main.o(.constdata)
    myParserTask_attributes                  0x08010774   Data          36  main.o(.constdata)
    UARTPrescTable                           0x080107a0   Data          24  stm32h7xx_hal_uart.o(.constdata)
    D1CorePrescTable                         0x080107c8   Data          16  system_stm32h7xx.o(.constdata)
    g_sine_wave_64                           0x080107ec   Data         128  my_dac_config.o(.constdata)
    g_square_wave_64                         0x0801086c   Data         128  my_dac_config.o(.constdata)
    g_triangle_wave_64                       0x080108ec   Data         128  my_dac_config.o(.constdata)
    fir_coeffs_reversed                      0x0801096c   Data         404  my_freq_config.o(.constdata)
    g_arbitrary_waveform                     0x08010b16   Data         128  my_parser.o(.constdata)
    __ctype_table                            0x08010d98   Data         129  ctype_o.o(.constdata)
    armBitRevTable                           0x080111cc   Data        2048  arm_common_tables.o(.rodata.armBitRevTable)
    sinTable_f32                             0x080119cc   Data        2052  arm_common_tables.o(.rodata.sinTable_f32)
    twiddleCoef_4096                         0x080121d0   Data       32768  arm_common_tables.o(.rodata.twiddleCoef_4096)
    Region$$Table$$Base                      0x0801a1d0   Number         0  anon$$obj.o(Region$$Table)
    Region$$Table$$Limit                     0x0801a1f0   Number         0  anon$$obj.o(Region$$Table)
    defaultTaskHandle                        0x24000000   Data           4  main.o(.data)
    ADCProcessingTaskHandle                  0x24000004   Data           4  main.o(.data)
    UARTProcessingTaskHandle                 0x24000008   Data           4  main.o(.data)
    myParserTaskHandle                       0x2400000c   Data           4  main.o(.data)
    uwTickFreq                               0x24000014   Data           1  stm32h7xx_hal.o(.data)
    uwTickPrio                               0x24000018   Data           4  stm32h7xx_hal.o(.data)
    uwTick                                   0x2400001c   Data           4  stm32h7xx_hal.o(.data)
    SystemCoreClock                          0x24000020   Data           4  system_stm32h7xx.o(.data)
    SystemD2Clock                            0x24000024   Data           4  system_stm32h7xx.o(.data)
    pxCurrentTCB                             0x24000028   Data           4  tasks.o(.data)
    fH_Num                                   0x240000a8   Data           8  ad9954.o(.data)
    g_time_detect_enabled                    0x240000b0   Data           1  my_adc_task.o(.data)
    g_right_shift                            0x240000b2   Data           2  my_adc_task.o(.data)
    g_and_mask                               0x240000b4   Data           2  my_adc_task.o(.data)
    g_adc_dma_transfer_flag                  0x240000b6   Data           2  my_adc_task.o(.data)
    g_ADC_SAMPLE_RATE_Hz                     0x240000b8   Data           4  my_adc_task.o(.data)
    DAC_ACTUAL_V_ZERO                        0x240000c0   Data           4  my_dac_config.o(.data)
    DAC_ACTUAL_V_FULL                        0x240000c4   Data           4  my_dac_config.o(.data)
    DAC_ACTUAL_SPAN                          0x240000c8   Data           4  my_dac_config.o(.data)
    uart1_rx_cnt                             0x240000d0   Data           1  my_uart_task.o(.data)
    g_uart1_ex_flag                          0x240000d1   Data           1  my_uart_task.o(.data)
    uart6_rx_cnt                             0x240000d2   Data           1  my_uart_task.o(.data)
    g_uart6_ex_flag                          0x240000d3   Data           1  my_uart_task.o(.data)
    aRxBuffer                                0x240000d5   Data           1  my_uart_task.o(.data)
    aRxBuffer_uart6                          0x240000d6   Data           1  my_uart_task.o(.data)
    g_short_pressed_key                      0x24000108   Data           1  my_button_config.o(.data)
    g_long_pressed_key                       0x24000109   Data           1  my_button_config.o(.data)
    g_desired_dds_frequency                  0x24000130   Data           4  my_parameter_config.o(.data)
    g_desired_dds_type                       0x24000134   Data           1  my_parameter_config.o(.data)
    g_desired_dds_phase                      0x24000138   Data           4  my_parameter_config.o(.data)
    g_desired_dds_amplitude                  0x2400013c   Data           4  my_parameter_config.o(.data)
    g_desired_ADC_sample_rate_Hz             0x24000140   Data           4  my_parameter_config.o(.data)
    g_desired_DAC_output_waveform            0x24000144   Data           1  my_parameter_config.o(.data)
    g_desired_DAC_output_frequency           0x24000148   Data           4  my_parameter_config.o(.data)
    g_desired_DAC_single_output_amplitude    0x2400014c   Data           4  my_parameter_config.o(.data)
    g_desired_switch2which_relay             0x24000150   Data           1  my_parameter_config.o(.data)
    g_desired_function_state                 0x24000151   Data           1  my_parameter_config.o(.data)
    key1_pressed_count                       0x24000158   Data           1  my_parser.o(.data)
    key2_pressed_count                       0x24000159   Data           1  my_parser.o(.data)
    key3_pressed_count                       0x2400015a   Data           1  my_parser.o(.data)
    current_function_mode                    0x2400015b   Data           1  my_parser.o(.data)
    base2_ad9833_amplitude                   0x2400015c   Data           1  my_parser.o(.data)
    base2_ad9954_amplitude                   0x2400015e   Data           2  my_parser.o(.data)
    base3_ad9954_amplitude                   0x24000160   Data           2  my_parser.o(.data)
    base2_current_frequency                  0x24000168   Data           8  my_parser.o(.data)
    base4_desired_model_output_voltage       0x24000170   Data           8  my_parser.o(.data)
    base4_desired_model_output_frequency     0x24000178   Data           8  my_parser.o(.data)
    base4_table                              0x24000180   Data        2640  my_parser.o(.data)
    __stdout                                 0x24000bd4   Data           4  stdout.o(.data)
    hadc1                                    0x24000bdc   Data         100  main.o(.bss)
    hadc2                                    0x24000c40   Data         100  main.o(.bss)
    hdac1                                    0x24000ca4   Data          20  main.o(.bss)
    hi2c1                                    0x24000cb8   Data          84  main.o(.bss)
    hspi1                                    0x24000d0c   Data         136  main.o(.bss)
    htim3                                    0x24000d94   Data          76  main.o(.bss)
    htim4                                    0x24000de0   Data          76  main.o(.bss)
    htim6                                    0x24000e2c   Data          76  main.o(.bss)
    huart1                                   0x24000e78   Data         148  main.o(.bss)
    huart6                                   0x24000f0c   Data         148  main.o(.bss)
    hdma_adc1                                0x24000fa0   Data         120  main.o(.bss)
    hdma_dac1_ch1                            0x24001018   Data         120  main.o(.bss)
    htim1                                    0x24001090   Data          76  stm32h7xx_hal_timebase_tim.o(.bss)
    xQueueRegistry                           0x240010dc   Data          64  queue.o(.bss)
    g_adc_dma_buffer                         0x240059c0   Data       16384  my_adc_task.o(.bss)
    g_adc1_data_8bit                         0x240099c0   Data       16384  my_adc_task.o(.bss)
    g_adc2_data_8bit                         0x2400d9c0   Data       16384  my_adc_task.o(.bss)
    g_adc1_temp_buffer                       0x240119c0   Data       16384  my_adc_task.o(.bss)
    g_adc2_temp_buffer                       0x240159c0   Data       16384  my_adc_task.o(.bss)
    g_fft_input_buffer                       0x2401b0dc   Data       32768  my_freq_config.o(.bss)
    g_fft_output_buffer                      0x240230dc   Data       16384  my_freq_config.o(.bss)
    fft_instance_radix4                      0x240270dc   Data          20  my_freq_config.o(.bss)
    g_filtered_adc_data                      0x240270f0   Data       16384  my_freq_config.o(.bss)
    g_windowed_adc_data                      0x2402b0f0   Data       16384  my_freq_config.o(.bss)
    fir_instance                             0x2402f0f0   Data          12  my_freq_config.o(.bss)
    rx_buffer                                0x2403328c   Data         256  my_uart_task.o(.bss)
    rx_buffer_uart6                          0x2403338c   Data         256  my_uart_task.o(.bss)
    g_adc1_spectrum_data                     0x2403348c   Data        8192  my_parameter_config.o(.bss)
    g_adc2_spectrum_data                     0x2403548c   Data        8192  my_parameter_config.o(.bss)
    g_dds_generator                          0x24037490   Data         304  my_parser.o(.bss)
    __initial_sp                             0x240518e8   Data           0  startup_stm32h750xx.o(STACK)



==============================================================================

Memory Map of the image

  Image Entry point : 0x08000299

  Load Region LR_IROM1 (Base: 0x08000000, Size: 0x0001adcc, Max: 0x00200000, ABSOLUTE, COMPRESSED[0x0001a32c])

    Execution Region ER_IROM1 (Exec base: 0x08000000, Load base: 0x08000000, Size: 0x0001a1f0, Max: 0x00200000, ABSOLUTE)

    Exec Addr    Load Addr    Size         Type   Attr      Idx    E Section Name        Object

    0x08000000   0x08000000   0x00000298   Data   RO            3    RESET               startup_stm32h750xx.o
    0x08000298   0x08000298   0x00000000   Code   RO         9289  * .ARM.Collect$$$$00000000  mc_w.l(entry.o)
    0x08000298   0x08000298   0x00000004   Code   RO         9626    .ARM.Collect$$$$00000001  mc_w.l(entry2.o)
    0x0800029c   0x0800029c   0x00000004   Code   RO         9629    .ARM.Collect$$$$00000004  mc_w.l(entry5.o)
    0x080002a0   0x080002a0   0x00000000   Code   RO         9631    .ARM.Collect$$$$00000008  mc_w.l(entry7b.o)
    0x080002a0   0x080002a0   0x00000000   Code   RO         9633    .ARM.Collect$$$$0000000A  mc_w.l(entry8b.o)
    0x080002a0   0x080002a0   0x00000008   Code   RO         9634    .ARM.Collect$$$$0000000B  mc_w.l(entry9a.o)
    0x080002a8   0x080002a8   0x00000004   Code   RO         9641    .ARM.Collect$$$$0000000E  mc_w.l(entry12b.o)
    0x080002ac   0x080002ac   0x00000000   Code   RO         9636    .ARM.Collect$$$$0000000F  mc_w.l(entry10a.o)
    0x080002ac   0x080002ac   0x00000000   Code   RO         9638    .ARM.Collect$$$$00000011  mc_w.l(entry11a.o)
    0x080002ac   0x080002ac   0x00000004   Code   RO         9627    .ARM.Collect$$$$00002712  mc_w.l(entry2.o)
    0x080002b0   0x080002b0   0x000000be   Code   RO         7315    .emb_text           port.o
    0x0800036e   0x0800036e   0x00000002   PAD
    0x08000370   0x08000370   0x00000024   Code   RO            4    .text               startup_stm32h750xx.o
    0x08000394   0x08000394   0x00000062   Code   RO         9292    .text               mc_w.l(uldiv.o)
    0x080003f6   0x080003f6   0x00000020   Code   RO         9294    .text               mc_w.l(llushr.o)
    0x08000416   0x08000416   0x00000024   Code   RO         9296    .text               mc_w.l(memcpya.o)
    0x0800043a   0x0800043a   0x00000024   Code   RO         9300    .text               mc_w.l(memseta.o)
    0x0800045e   0x0800045e   0x00000018   Code   RO         9302    .text               mc_w.l(strncpy.o)
    0x08000476   0x08000476   0x0000001c   Code   RO         9304    .text               mc_w.l(strcmp.o)
    0x08000492   0x08000492   0x00000002   PAD
    0x08000494   0x08000494   0x00000044   Code   RO         9306    .text               mc_w.l(strtok.o)
    0x080004d8   0x080004d8   0x00000072   Code   RO         9603    .text               mc_w.l(strtoul.o)
    0x0800054a   0x0800054a   0x00000030   Code   RO         9605    .text               mf_w.l(dfixul.o)
    0x0800057a   0x0800057a   0x0000002c   Code   RO         9643    .text               mc_w.l(uidiv.o)
    0x080005a6   0x080005a6   0x0000001e   Code   RO         9645    .text               mc_w.l(llshl.o)
    0x080005c4   0x080005c4   0x00000008   Code   RO         9647    .text               mc_w.l(ctype_o.o)
    0x080005cc   0x080005cc   0x00000012   Code   RO         9669    .text               mc_w.l(isspace_o.o)
    0x080005de   0x080005de   0x0000009e   Code   RO         9684    .text               mc_w.l(_strtoul.o)
    0x0800067c   0x0800067c   0x0000009c   Code   RO         9686    .text               mc_w.l(strtod.o)
    0x08000718   0x08000718   0x00000000   Code   RO         9688    .text               mc_w.l(iusefp.o)
    0x08000718   0x08000718   0x0000014e   Code   RO         9689    .text               mf_w.l(dadd.o)
    0x08000866   0x08000866   0x000000e4   Code   RO         9691    .text               mf_w.l(dmul.o)
    0x0800094a   0x0800094a   0x000000de   Code   RO         9693    .text               mf_w.l(ddiv.o)
    0x08000a28   0x08000a28   0x00000030   Code   RO         9695    .text               mf_w.l(cdrcmple.o)
    0x08000a58   0x08000a58   0x00000004   Code   RO         9697    .text               mf_w.l(fpstat.o)
    0x08000a5c   0x08000a5c   0x00000024   Code   RO         9699    .text               mc_w.l(init.o)
    0x08000a80   0x08000a80   0x00000024   Code   RO         9701    .text               mc_w.l(llsshr.o)
    0x08000aa4   0x08000aa4   0x0000001c   Code   RO         9705    .text               mc_w.l(_chval.o)
    0x08000ac0   0x08000ac0   0x00000360   Code   RO         9707    .text               mc_w.l(scanf_fp.o)
    0x08000e20   0x08000e20   0x00000040   Code   RO         9711    .text               mc_w.l(_sgetc.o)
    0x08000e60   0x08000e60   0x000000ba   Code   RO         9713    .text               mf_w.l(depilogue.o)
    0x08000f1a   0x08000f1a   0x00000018   Code   RO         9718    .text               mf_w.l(dfltul.o)
    0x08000f32   0x08000f32   0x00000038   Code   RO         9720    .text               mf_w.l(d2f.o)
    0x08000f6a   0x08000f6a   0x0000006e   Code   RO         9722    .text               mf_w.l(fepilogue.o)
    0x08000fd8   0x08000fd8   0x00000056   Code   RO         9732    .text               mc_w.l(__dczerorl2.o)
    0x0800102e   0x0800102e   0x00000002   PAD
    0x08001030   0x08001030   0x000000ba   Code   RO         9070    .text.arm_bitreversal_f32  arm_cortexM7lfdp_math.lib(arm_bitreversal.o)
    0x080010ea   0x080010ea   0x00000040   Code   RO         9005    .text.arm_cfft_radix4_f32  arm_cortexM7lfdp_math.lib(arm_cfft_radix4_f32.o)
    0x0800112a   0x0800112a   0x00000002   PAD
    0x0800112c   0x0800112c   0x00000094   Code   RO         9020    .text.arm_cfft_radix4_init_f32  arm_cortexM7lfdp_math.lib(arm_cfft_radix4_init_f32.o)
    0x080011c0   0x080011c0   0x00000138   Code   RO         8934    .text.arm_cmplx_mag_f32  arm_cortexM7lfdp_math.lib(arm_cmplx_mag_f32.o)
    0x080012f8   0x080012f8   0x000000a6   Code   RO         8945    .text.arm_cmplx_mag_squared_f32  arm_cortexM7lfdp_math.lib(arm_cmplx_mag_squared_f32.o)
    0x0800139e   0x0800139e   0x00000002   PAD
    0x080013a0   0x080013a0   0x00000052   Code   RO         9050    .text.arm_copy_f32  arm_cortexM7lfdp_math.lib(arm_copy_f32.o)
    0x080013f2   0x080013f2   0x00000002   PAD
    0x080013f4   0x080013f4   0x00000090   Code   RO         8914    .text.arm_cos_f32   arm_cortexM7lfdp_math.lib(arm_cos_f32.o)
    0x08001484   0x08001484   0x00000088   Code   RO         8884    .text.arm_dot_prod_f32  arm_cortexM7lfdp_math.lib(arm_dot_prod_f32.o)
    0x0800150c   0x0800150c   0x00000042   Code   RO         9060    .text.arm_fill_f32  arm_cortexM7lfdp_math.lib(arm_fill_f32.o)
    0x0800154e   0x0800154e   0x00000002   PAD
    0x08001550   0x08001550   0x000003a0   Code   RO         8955    .text.arm_fir_f32   arm_cortexM7lfdp_math.lib(arm_fir_f32.o)
    0x080018f0   0x080018f0   0x00000024   Code   RO         8965    .text.arm_fir_init_f32  arm_cortexM7lfdp_math.lib(arm_fir_init_f32.o)
    0x08001914   0x08001914   0x000002cc   Code   RO         8975    .text.arm_mat_inverse_f32  arm_cortexM7lfdp_math.lib(arm_mat_inverse_f32.o)
    0x08001be0   0x08001be0   0x00000130   Code   RO         8985    .text.arm_mat_mult_f32  arm_cortexM7lfdp_math.lib(arm_mat_mult_f32.o)
    0x08001d10   0x08001d10   0x000000b4   Code   RO         8995    .text.arm_mat_trans_f32  arm_cortexM7lfdp_math.lib(arm_mat_trans_f32.o)
    0x08001dc4   0x08001dc4   0x00000092   Code   RO         8894    .text.arm_mult_f32  arm_cortexM7lfdp_math.lib(arm_mult_f32.o)
    0x08001e56   0x08001e56   0x00000002   PAD
    0x08001e58   0x08001e58   0x00000074   Code   RO         9040    .text.arm_power_f32  arm_cortexM7lfdp_math.lib(arm_power_f32.o)
    0x08001ecc   0x08001ecc   0x00000326   Code   RO         9009    .text.arm_radix4_butterfly_f32  arm_cortexM7lfdp_math.lib(arm_cfft_radix4_f32.o)
    0x080021f2   0x080021f2   0x00000002   PAD
    0x080021f4   0x080021f4   0x00000354   Code   RO         9007    .text.arm_radix4_butterfly_inverse_f32  arm_cortexM7lfdp_math.lib(arm_cfft_radix4_f32.o)
    0x08002548   0x08002548   0x0000008c   Code   RO         8924    .text.arm_sin_f32   arm_cortexM7lfdp_math.lib(arm_sin_f32.o)
    0x080025d4   0x080025d4   0x00000092   Code   RO         8904    .text.arm_sub_f32   arm_cortexM7lfdp_math.lib(arm_sub_f32.o)
    0x08002666   0x08002666   0x00000002   PAD
    0x08002668   0x08002668   0x0000006c   Code   RO         8184    i.AD9833_AmpSet     ad9833.o
    0x080026d4   0x080026d4   0x00000010   Code   RO         8185    i.AD9833_Delay      ad9833.o
    0x080026e4   0x080026e4   0x0000009c   Code   RO         8187    i.AD9833_WaveSeting  ad9833.o
    0x08002780   0x08002780   0x00000080   Code   RO         8188    i.AD9833_Write      ad9833.o
    0x08002800   0x08002800   0x00000088   Code   RO         7470    i.AD9954_GPIO_Init  ad9954.o
    0x08002888   0x08002888   0x0000006c   Code   RO         7471    i.AD9954_Init       ad9954.o
    0x080028f4   0x080028f4   0x00000054   Code   RO         7472    i.AD9954_RESET      ad9954.o
    0x08002948   0x08002948   0x0000005c   Code   RO         7475    i.AD9954_Send_Byte  ad9954.o
    0x080029a4   0x080029a4   0x00000040   Code   RO         7478    i.AD9954_Set_Amp    ad9954.o
    0x080029e4   0x080029e4   0x00000050   Code   RO         7479    i.AD9954_Set_Fre    ad9954.o
    0x08002a34   0x08002a34   0x00000040   Code   RO         7481    i.AD9954_Set_Phase  ad9954.o
    0x08002a74   0x08002a74   0x0000001e   Code   RO         7482    i.AD9954_Write_nByte  ad9954.o
    0x08002a92   0x08002a92   0x00000002   PAD
    0x08002a94   0x08002a94   0x00000108   Code   RO          615    i.ADC_ConfigureBoostMode  stm32h7xx_hal_adc.o
    0x08002b9c   0x08002b9c   0x00000068   Code   RO          617    i.ADC_DMAConvCplt   stm32h7xx_hal_adc.o
    0x08002c04   0x08002c04   0x0000001a   Code   RO          618    i.ADC_DMAError      stm32h7xx_hal_adc.o
    0x08002c1e   0x08002c1e   0x0000000a   Code   RO          619    i.ADC_DMAHalfConvCplt  stm32h7xx_hal_adc.o
    0x08002c28   0x08002c28   0x00000070   Code   RO          620    i.ADC_Disable       stm32h7xx_hal_adc.o
    0x08002c98   0x08002c98   0x000000a8   Code   RO          621    i.ADC_Enable        stm32h7xx_hal_adc.o
    0x08002d40   0x08002d40   0x00000002   Code   RO          383    i.BusFault_Handler  stm32h7xx_it.o
    0x08002d42   0x08002d42   0x00000010   Code   RO         3456    i.DAC_DMAConvCpltCh1  stm32h7xx_hal_dac.o
    0x08002d52   0x08002d52   0x00000010   Code   RO         3600    i.DAC_DMAConvCpltCh2  stm32h7xx_hal_dac_ex.o
    0x08002d62   0x08002d62   0x00000018   Code   RO         3457    i.DAC_DMAErrorCh1   stm32h7xx_hal_dac.o
    0x08002d7a   0x08002d7a   0x00000018   Code   RO         3601    i.DAC_DMAErrorCh2   stm32h7xx_hal_dac_ex.o
    0x08002d92   0x08002d92   0x0000000a   Code   RO         3458    i.DAC_DMAHalfConvCpltCh1  stm32h7xx_hal_dac.o
    0x08002d9c   0x08002d9c   0x0000000a   Code   RO         3602    i.DAC_DMAHalfConvCpltCh2  stm32h7xx_hal_dac_ex.o
    0x08002da6   0x08002da6   0x00000002   PAD
    0x08002da8   0x08002da8   0x00000034   Code   RO         7704    i.DDS_Callback_FullTransfer  my_dds.o
    0x08002ddc   0x08002ddc   0x00000034   Code   RO         7705    i.DDS_Callback_HalfTransfer  my_dds.o
    0x08002e10   0x08002e10   0x0000008c   Code   RO         7706    i.DDS_GenerateSamples  my_dds.o
    0x08002e9c   0x08002e9c   0x0000002a   Code   RO         7707    i.DDS_Init          my_dds.o
    0x08002ec6   0x08002ec6   0x00000002   PAD
    0x08002ec8   0x08002ec8   0x00000028   Code   RO         7708    i.DDS_SetAmplitude  my_dds.o
    0x08002ef0   0x08002ef0   0x0000003c   Code   RO         7709    i.DDS_SetFrequency  my_dds.o
    0x08002f2c   0x08002f2c   0x00000014   Code   RO         7710    i.DDS_SetWaveform   my_dds.o
    0x08002f40   0x08002f40   0x0000005c   Code   RO         7711    i.DDS_Start         my_dds.o
    0x08002f9c   0x08002f9c   0x00000016   Code   RO         7712    i.DDS_Stop          my_dds.o
    0x08002fb2   0x08002fb2   0x00000002   PAD
    0x08002fb4   0x08002fb4   0x0000000c   Code   RO          384    i.DMA1_Stream0_IRQHandler  stm32h7xx_it.o
    0x08002fc0   0x08002fc0   0x0000000c   Code   RO          385    i.DMA1_Stream1_IRQHandler  stm32h7xx_it.o
    0x08002fcc   0x08002fcc   0x000000b4   Code   RO         1686    i.DMA_CalcBaseAndBitshift  stm32h7xx_hal_dma.o
    0x08003080   0x08003080   0x0000009c   Code   RO         1687    i.DMA_CalcDMAMUXChannelBaseAndMask  stm32h7xx_hal_dma.o
    0x0800311c   0x0800311c   0x00000074   Code   RO         1688    i.DMA_CalcDMAMUXRequestGenBaseAndMask  stm32h7xx_hal_dma.o
    0x08003190   0x08003190   0x00000054   Code   RO         1689    i.DMA_CheckFifoParam  stm32h7xx_hal_dma.o
    0x080031e4   0x080031e4   0x00000220   Code   RO         1690    i.DMA_SetConfig     stm32h7xx_hal_dma.o
    0x08003404   0x08003404   0x00000002   Code   RO          386    i.DebugMon_Handler  stm32h7xx_it.o
    0x08003406   0x08003406   0x00000004   Code   RO           13    i.Error_Handler     main.o
    0x0800340a   0x0800340a   0x00000002   PAD
    0x0800340c   0x0800340c   0x00000018   Code   RO         7483    i.Get_FTW           ad9954.o
    0x08003424   0x08003424   0x0000009c   Code   RO          837    i.HAL_ADCEx_Calibration_Start  stm32h7xx_hal_adc_ex.o
    0x080034c0   0x080034c0   0x00000128   Code   RO          857    i.HAL_ADCEx_MultiModeConfigChannel  stm32h7xx_hal_adc_ex.o
    0x080035e8   0x080035e8   0x00000118   Code   RO          859    i.HAL_ADCEx_MultiModeStart_DMA  stm32h7xx_hal_adc_ex.o
    0x08003700   0x08003700   0x000003d8   Code   RO          623    i.HAL_ADC_ConfigChannel  stm32h7xx_hal_adc.o
    0x08003ad8   0x08003ad8   0x00000024   Code   RO         7592    i.HAL_ADC_ConvCpltCallback  my_adc_task.o
    0x08003afc   0x08003afc   0x00000002   Code   RO          625    i.HAL_ADC_ConvHalfCpltCallback  stm32h7xx_hal_adc.o
    0x08003afe   0x08003afe   0x00000002   Code   RO          627    i.HAL_ADC_ErrorCallback  stm32h7xx_hal_adc.o
    0x08003b00   0x08003b00   0x00000228   Code   RO          632    i.HAL_ADC_Init      stm32h7xx_hal_adc.o
    0x08003d28   0x08003d28   0x000000f4   Code   RO          478    i.HAL_ADC_MspInit   stm32h7xx_hal_msp.o
    0x08003e1c   0x08003e1c   0x00000108   Code   RO          638    i.HAL_ADC_Start     stm32h7xx_hal_adc.o
    0x08003f24   0x08003f24   0x00000002   Code   RO         3603    i.HAL_DACEx_ConvCpltCallbackCh2  stm32h7xx_hal_dac_ex.o
    0x08003f26   0x08003f26   0x00000002   Code   RO         3604    i.HAL_DACEx_ConvHalfCpltCallbackCh2  stm32h7xx_hal_dac_ex.o
    0x08003f28   0x08003f28   0x00000002   Code   RO         3605    i.HAL_DACEx_DMAUnderrunCallbackCh2  stm32h7xx_hal_dac_ex.o
    0x08003f2a   0x08003f2a   0x00000002   Code   RO         3612    i.HAL_DACEx_ErrorCallbackCh2  stm32h7xx_hal_dac_ex.o
    0x08003f2c   0x08003f2c   0x0000014c   Code   RO         3459    i.HAL_DAC_ConfigChannel  stm32h7xx_hal_dac.o
    0x08004078   0x08004078   0x0000000c   Code   RO         8726    i.HAL_DAC_ConvCpltCallbackCh1  my_parser.o
    0x08004084   0x08004084   0x0000000c   Code   RO         8727    i.HAL_DAC_ConvHalfCpltCallbackCh1  my_parser.o
    0x08004090   0x08004090   0x00000002   Code   RO         3462    i.HAL_DAC_DMAUnderrunCallbackCh1  stm32h7xx_hal_dac.o
    0x08004092   0x08004092   0x00000002   Code   RO         3464    i.HAL_DAC_ErrorCallbackCh1  stm32h7xx_hal_dac.o
    0x08004094   0x08004094   0x00000066   Code   RO         3468    i.HAL_DAC_IRQHandler  stm32h7xx_hal_dac.o
    0x080040fa   0x080040fa   0x00000028   Code   RO         3469    i.HAL_DAC_Init      stm32h7xx_hal_dac.o
    0x08004122   0x08004122   0x00000002   PAD
    0x08004124   0x08004124   0x000000bc   Code   RO          480    i.HAL_DAC_MspInit   stm32h7xx_hal_msp.o
    0x080041e0   0x080041e0   0x000000e0   Code   RO         3474    i.HAL_DAC_Start_DMA  stm32h7xx_hal_dac.o
    0x080042c0   0x080042c0   0x0000005a   Code   RO         3476    i.HAL_DAC_Stop_DMA  stm32h7xx_hal_dac.o
    0x0800431a   0x0800431a   0x00000002   PAD
    0x0800431c   0x0800431c   0x00000360   Code   RO         1691    i.HAL_DMA_Abort     stm32h7xx_hal_dma.o
    0x0800467c   0x0800467c   0x00000284   Code   RO         1692    i.HAL_DMA_Abort_IT  stm32h7xx_hal_dma.o
    0x08004900   0x08004900   0x000006e8   Code   RO         1696    i.HAL_DMA_IRQHandler  stm32h7xx_hal_dma.o
    0x08004fe8   0x08004fe8   0x000003c4   Code   RO         1697    i.HAL_DMA_Init      stm32h7xx_hal_dma.o
    0x080053ac   0x080053ac   0x0000029c   Code   RO         1701    i.HAL_DMA_Start_IT  stm32h7xx_hal_dma.o
    0x08005648   0x08005648   0x0000022c   Code   RO         1539    i.HAL_GPIO_Init     stm32h7xx_hal_gpio.o
    0x08005874   0x08005874   0x0000000a   Code   RO         1541    i.HAL_GPIO_ReadPin  stm32h7xx_hal_gpio.o
    0x0800587e   0x0800587e   0x00000010   Code   RO         1542    i.HAL_GPIO_TogglePin  stm32h7xx_hal_gpio.o
    0x0800588e   0x0800588e   0x0000000a   Code   RO         1543    i.HAL_GPIO_WritePin  stm32h7xx_hal_gpio.o
    0x08005898   0x08005898   0x0000000c   Code   RO         2564    i.HAL_GetREVID      stm32h7xx_hal.o
    0x080058a4   0x080058a4   0x0000000c   Code   RO         2565    i.HAL_GetTick       stm32h7xx_hal.o
    0x080058b0   0x080058b0   0x00000058   Code   RO         3330    i.HAL_I2CEx_ConfigAnalogFilter  stm32h7xx_hal_i2c_ex.o
    0x08005908   0x08005908   0x00000054   Code   RO         3331    i.HAL_I2CEx_ConfigDigitalFilter  stm32h7xx_hal_i2c_ex.o
    0x0800595c   0x0800595c   0x000000c0   Code   RO         2869    i.HAL_I2C_Init      stm32h7xx_hal_i2c.o
    0x08005a1c   0x08005a1c   0x00000084   Code   RO          482    i.HAL_I2C_MspInit   stm32h7xx_hal_msp.o
    0x08005aa0   0x08005aa0   0x00000010   Code   RO         2571    i.HAL_IncTick       stm32h7xx_hal.o
    0x08005ab0   0x08005ab0   0x0000005c   Code   RO         2572    i.HAL_Init          stm32h7xx_hal.o
    0x08005b0c   0x08005b0c   0x00000084   Code   RO          576    i.HAL_InitTick      stm32h7xx_hal_timebase_tim.o
    0x08005b90   0x08005b90   0x0000005c   Code   RO         2394    i.HAL_MPU_ConfigRegion  stm32h7xx_hal_cortex.o
    0x08005bec   0x08005bec   0x0000001c   Code   RO         2395    i.HAL_MPU_Disable   stm32h7xx_hal_cortex.o
    0x08005c08   0x08005c08   0x00000024   Code   RO         2397    i.HAL_MPU_Enable    stm32h7xx_hal_cortex.o
    0x08005c2c   0x08005c2c   0x00000024   Code   RO          483    i.HAL_MspInit       stm32h7xx_hal_msp.o
    0x08005c50   0x08005c50   0x0000001a   Code   RO         2401    i.HAL_NVIC_EnableIRQ  stm32h7xx_hal_cortex.o
    0x08005c6a   0x08005c6a   0x00000002   PAD
    0x08005c6c   0x08005c6c   0x00000040   Code   RO         2407    i.HAL_NVIC_SetPriority  stm32h7xx_hal_cortex.o
    0x08005cac   0x08005cac   0x00000024   Code   RO         2408    i.HAL_NVIC_SetPriorityGrouping  stm32h7xx_hal_cortex.o
    0x08005cd0   0x08005cd0   0x00000054   Code   RO         2140    i.HAL_PWREx_ConfigSupply  stm32h7xx_hal_pwr_ex.o
    0x08005d24   0x08005d24   0x00000024   Code   RO         1182    i.HAL_RCCEx_GetD3PCLK1Freq  stm32h7xx_hal_rcc_ex.o
    0x08005d48   0x08005d48   0x00000148   Code   RO         1183    i.HAL_RCCEx_GetPLL1ClockFreq  stm32h7xx_hal_rcc_ex.o
    0x08005e90   0x08005e90   0x00000144   Code   RO         1184    i.HAL_RCCEx_GetPLL2ClockFreq  stm32h7xx_hal_rcc_ex.o
    0x08005fd4   0x08005fd4   0x00000144   Code   RO         1185    i.HAL_RCCEx_GetPLL3ClockFreq  stm32h7xx_hal_rcc_ex.o
    0x08006118   0x08006118   0x000002c8   Code   RO         1187    i.HAL_RCCEx_GetPeriphCLKFreq  stm32h7xx_hal_rcc_ex.o
    0x080063e0   0x080063e0   0x000009ac   Code   RO         1191    i.HAL_RCCEx_PeriphCLKConfig  stm32h7xx_hal_rcc_ex.o
    0x08006d8c   0x08006d8c   0x0000025c   Code   RO         1067    i.HAL_RCC_ClockConfig  stm32h7xx_hal_rcc.o
    0x08006fe8   0x08006fe8   0x0000005c   Code   RO         1071    i.HAL_RCC_GetClockConfig  stm32h7xx_hal_rcc.o
    0x08007044   0x08007044   0x00000044   Code   RO         1072    i.HAL_RCC_GetHCLKFreq  stm32h7xx_hal_rcc.o
    0x08007088   0x08007088   0x00000024   Code   RO         1074    i.HAL_RCC_GetPCLK1Freq  stm32h7xx_hal_rcc.o
    0x080070ac   0x080070ac   0x00000024   Code   RO         1075    i.HAL_RCC_GetPCLK2Freq  stm32h7xx_hal_rcc.o
    0x080070d0   0x080070d0   0x00000138   Code   RO         1076    i.HAL_RCC_GetSysClockFreq  stm32h7xx_hal_rcc.o
    0x08007208   0x08007208   0x00000582   Code   RO         1079    i.HAL_RCC_OscConfig  stm32h7xx_hal_rcc.o
    0x0800778a   0x0800778a   0x00000002   PAD
    0x0800778c   0x0800778c   0x0000017c   Code   RO         3737    i.HAL_SPI_Init      stm32h7xx_hal_spi.o
    0x08007908   0x08007908   0x000000c4   Code   RO          485    i.HAL_SPI_MspInit   stm32h7xx_hal_msp.o
    0x080079cc   0x080079cc   0x00000002   Code   RO         4771    i.HAL_TIMEx_Break2Callback  stm32h7xx_hal_tim_ex.o
    0x080079ce   0x080079ce   0x00000002   Code   RO         4772    i.HAL_TIMEx_BreakCallback  stm32h7xx_hal_tim_ex.o
    0x080079d0   0x080079d0   0x00000002   Code   RO         4773    i.HAL_TIMEx_CommutCallback  stm32h7xx_hal_tim_ex.o
    0x080079d2   0x080079d2   0x00000002   PAD
    0x080079d4   0x080079d4   0x000000a4   Code   RO         4793    i.HAL_TIMEx_MasterConfigSynchronization  stm32h7xx_hal_tim_ex.o
    0x08007a78   0x08007a78   0x00000062   Code   RO         4057    i.HAL_TIM_Base_Init  stm32h7xx_hal_tim.o
    0x08007ada   0x08007ada   0x00000002   PAD
    0x08007adc   0x08007adc   0x00000070   Code   RO          487    i.HAL_TIM_Base_MspInit  stm32h7xx_hal_msp.o
    0x08007b4c   0x08007b4c   0x00000080   Code   RO         4060    i.HAL_TIM_Base_Start  stm32h7xx_hal_tim.o
    0x08007bcc   0x08007bcc   0x0000008c   Code   RO         4062    i.HAL_TIM_Base_Start_IT  stm32h7xx_hal_tim.o
    0x08007c58   0x08007c58   0x00000026   Code   RO         4063    i.HAL_TIM_Base_Stop  stm32h7xx_hal_tim.o
    0x08007c7e   0x08007c7e   0x00000030   Code   RO         4065    i.HAL_TIM_Base_Stop_IT  stm32h7xx_hal_tim.o
    0x08007cae   0x08007cae   0x00000002   PAD
    0x08007cb0   0x08007cb0   0x000000fc   Code   RO         4066    i.HAL_TIM_ConfigClockSource  stm32h7xx_hal_tim.o
    0x08007dac   0x08007dac   0x00000002   Code   RO         4091    i.HAL_TIM_IC_CaptureCallback  stm32h7xx_hal_tim.o
    0x08007dae   0x08007dae   0x00000148   Code   RO         4105    i.HAL_TIM_IRQHandler  stm32h7xx_hal_tim.o
    0x08007ef6   0x08007ef6   0x00000002   Code   RO         4108    i.HAL_TIM_OC_DelayElapsedCallback  stm32h7xx_hal_tim.o
    0x08007ef8   0x08007ef8   0x00000002   Code   RO         4135    i.HAL_TIM_PWM_PulseFinishedCallback  stm32h7xx_hal_tim.o
    0x08007efa   0x08007efa   0x00000002   PAD
    0x08007efc   0x08007efc   0x00000044   Code   RO           14    i.HAL_TIM_PeriodElapsedCallback  main.o
    0x08007f40   0x08007f40   0x00000002   Code   RO         4148    i.HAL_TIM_TriggerCallback  stm32h7xx_hal_tim.o
    0x08007f42   0x08007f42   0x00000040   Code   RO         5482    i.HAL_UARTEx_DisableFifoMode  stm32h7xx_hal_uart_ex.o
    0x08007f82   0x08007f82   0x00000002   Code   RO         5071    i.HAL_UARTEx_RxEventCallback  stm32h7xx_hal_uart.o
    0x08007f84   0x08007f84   0x00000002   Code   RO         5490    i.HAL_UARTEx_RxFifoFullCallback  stm32h7xx_hal_uart_ex.o
    0x08007f86   0x08007f86   0x0000004c   Code   RO         5491    i.HAL_UARTEx_SetRxFifoThreshold  stm32h7xx_hal_uart_ex.o
    0x08007fd2   0x08007fd2   0x0000004c   Code   RO         5492    i.HAL_UARTEx_SetTxFifoThreshold  stm32h7xx_hal_uart_ex.o
    0x0800801e   0x0800801e   0x00000002   Code   RO         5494    i.HAL_UARTEx_TxFifoEmptyCallback  stm32h7xx_hal_uart_ex.o
    0x08008020   0x08008020   0x00000002   Code   RO         5495    i.HAL_UARTEx_WakeupCallback  stm32h7xx_hal_uart_ex.o
    0x08008022   0x08008022   0x00000002   Code   RO         5087    i.HAL_UART_ErrorCallback  stm32h7xx_hal_uart.o
    0x08008024   0x08008024   0x00000388   Code   RO         5090    i.HAL_UART_IRQHandler  stm32h7xx_hal_uart.o
    0x080083ac   0x080083ac   0x0000006a   Code   RO         5091    i.HAL_UART_Init     stm32h7xx_hal_uart.o
    0x08008416   0x08008416   0x00000002   PAD
    0x08008418   0x08008418   0x00000100   Code   RO          489    i.HAL_UART_MspInit  stm32h7xx_hal_msp.o
    0x08008518   0x08008518   0x00000048   Code   RO         5096    i.HAL_UART_Receive_IT  stm32h7xx_hal_uart.o
    0x08008560   0x08008560   0x000000a8   Code   RO         7895    i.HAL_UART_RxCpltCallback  my_uart_task.o
    0x08008608   0x08008608   0x000000b0   Code   RO         5100    i.HAL_UART_Transmit  stm32h7xx_hal_uart.o
    0x080086b8   0x080086b8   0x00000002   Code   RO         5103    i.HAL_UART_TxCpltCallback  stm32h7xx_hal_uart.o
    0x080086ba   0x080086ba   0x00000002   Code   RO          387    i.HardFault_Handler  stm32h7xx_it.o
    0x080086bc   0x080086bc   0x00000008   Code   RO          644    i.LL_ADC_INJ_IsConversionOngoing  stm32h7xx_hal_adc.o
    0x080086c4   0x080086c4   0x00000008   Code   RO          645    i.LL_ADC_REG_IsConversionOngoing  stm32h7xx_hal_adc.o
    0x080086cc   0x080086cc   0x00000008   Code   RO          867    i.LL_ADC_REG_IsConversionOngoing  stm32h7xx_hal_adc_ex.o
    0x080086d4   0x080086d4   0x00000010   Code   RO          646    i.LL_ADC_REG_IsTriggerSourceSWStart  stm32h7xx_hal_adc.o
    0x080086e4   0x080086e4   0x0000001e   Code   RO          648    i.LL_ADC_SetChannelSamplingTime  stm32h7xx_hal_adc.o
    0x08008702   0x08008702   0x00000002   PAD
    0x08008704   0x08008704   0x000000ac   Code   RO           15    i.MX_ADC1_Init      main.o
    0x080087b0   0x080087b0   0x00000084   Code   RO           16    i.MX_ADC2_Init      main.o
    0x08008834   0x08008834   0x00000060   Code   RO           17    i.MX_DAC1_Init      main.o
    0x08008894   0x08008894   0x00000140   Code   RO           18    i.MX_GPIO_Init      main.o
    0x080089d4   0x080089d4   0x00000054   Code   RO           19    i.MX_I2C1_Init      main.o
    0x08008a28   0x08008a28   0x00000054   Code   RO           20    i.MX_SPI1_Init      main.o
    0x08008a7c   0x08008a7c   0x0000006c   Code   RO           21    i.MX_TIM3_Init      main.o
    0x08008ae8   0x08008ae8   0x00000068   Code   RO           22    i.MX_TIM4_Init      main.o
    0x08008b50   0x08008b50   0x00000064   Code   RO           23    i.MX_USART1_UART_Init  main.o
    0x08008bb4   0x08008bb4   0x00000064   Code   RO           24    i.MX_USART6_UART_Init  main.o
    0x08008c18   0x08008c18   0x000000a0   Code   RO         8472    i.Matrix_Keypad_Get_Raw_Key  my_button_config.o
    0x08008cb8   0x08008cb8   0x00000064   Code   RO         8474    i.Matrix_Keypad_Scan  my_button_config.o
    0x08008d1c   0x08008d1c   0x00000002   Code   RO          388    i.MemManage_Handler  stm32h7xx_it.o
    0x08008d1e   0x08008d1e   0x00000002   Code   RO          389    i.NMI_Handler       stm32h7xx_it.o
    0x08008d20   0x08008d20   0x00000042   Code   RO           25    i.PeriphCommonClock_Config  main.o
    0x08008d62   0x08008d62   0x00000002   PAD
    0x08008d64   0x08008d64   0x00000120   Code   RO         1194    i.RCCEx_PLL2_Config  stm32h7xx_hal_rcc_ex.o
    0x08008e84   0x08008e84   0x00000120   Code   RO         1195    i.RCCEx_PLL3_Config  stm32h7xx_hal_rcc_ex.o
    0x08008fa4   0x08008fa4   0x00000a88   Code   RO         7593    i.StartADCProcessingTask  my_adc_task.o
    0x08009a2c   0x08009a2c   0x00000008   Code   RO           26    i.StartDefaultTask  main.o
    0x08009a34   0x08009a34   0x0000008c   Code   RO         7896    i.StartUARTProcessingTask  my_uart_task.o
    0x08009ac0   0x08009ac0   0x0000001a   Code   RO         6747    i.SysTick_Handler   cmsis_os2.o
    0x08009ada   0x08009ada   0x00000002   PAD
    0x08009adc   0x08009adc   0x000000a8   Code   RO           27    i.SystemClock_Config  main.o
    0x08009b84   0x08009b84   0x000000dc   Code   RO         5601    i.SystemInit        system_stm32h7xx.o
    0x08009c60   0x08009c60   0x0000000c   Code   RO          390    i.TIM1_UP_IRQHandler  stm32h7xx_it.o
    0x08009c6c   0x08009c6c   0x0000001c   Code   RO          391    i.TIM6_DAC_IRQHandler  stm32h7xx_it.o
    0x08009c88   0x08009c88   0x000000d0   Code   RO         4150    i.TIM_Base_SetConfig  stm32h7xx_hal_tim.o
    0x08009d58   0x08009d58   0x00000012   Code   RO         4161    i.TIM_ETR_SetConfig  stm32h7xx_hal_tim.o
    0x08009d6a   0x08009d6a   0x00000002   PAD
    0x08009d6c   0x08009d6c   0x00000014   Code   RO         4162    i.TIM_ITRx_SetConfig  stm32h7xx_hal_tim.o
    0x08009d80   0x08009d80   0x00000022   Code   RO         4170    i.TIM_TI1_ConfigInputStage  stm32h7xx_hal_tim.o
    0x08009da2   0x08009da2   0x00000024   Code   RO         4172    i.TIM_TI2_ConfigInputStage  stm32h7xx_hal_tim.o
    0x08009dc6   0x08009dc6   0x00000002   PAD
    0x08009dc8   0x08009dc8   0x00000044   Code   RO         5496    i.UARTEx_SetNbDataToProcess  stm32h7xx_hal_uart_ex.o
    0x08009e0c   0x08009e0c   0x000000c8   Code   RO         5105    i.UART_AdvFeatureConfig  stm32h7xx_hal_uart.o
    0x08009ed4   0x08009ed4   0x000000aa   Code   RO         5106    i.UART_CheckIdleState  stm32h7xx_hal_uart.o
    0x08009f7e   0x08009f7e   0x00000014   Code   RO         5107    i.UART_DMAAbortOnError  stm32h7xx_hal_uart.o
    0x08009f92   0x08009f92   0x00000002   PAD
    0x08009f94   0x08009f94   0x00000054   Code   RO         5117    i.UART_EndRxTransfer  stm32h7xx_hal_uart.o
    0x08009fe8   0x08009fe8   0x000000c8   Code   RO         5119    i.UART_RxISR_16BIT  stm32h7xx_hal_uart.o
    0x0800a0b0   0x0800a0b0   0x000001a0   Code   RO         5120    i.UART_RxISR_16BIT_FIFOEN  stm32h7xx_hal_uart.o
    0x0800a250   0x0800a250   0x000000c8   Code   RO         5121    i.UART_RxISR_8BIT   stm32h7xx_hal_uart.o
    0x0800a318   0x0800a318   0x000001a0   Code   RO         5122    i.UART_RxISR_8BIT_FIFOEN  stm32h7xx_hal_uart.o
    0x0800a4b8   0x0800a4b8   0x000003ac   Code   RO         5123    i.UART_SetConfig    stm32h7xx_hal_uart.o
    0x0800a864   0x0800a864   0x00000110   Code   RO         5125    i.UART_Start_Receive_IT  stm32h7xx_hal_uart.o
    0x0800a974   0x0800a974   0x00000094   Code   RO         5130    i.UART_WaitOnFlagUntilTimeout  stm32h7xx_hal_uart.o
    0x0800aa08   0x0800aa08   0x00000028   Code   RO         7484    i.UPDATE            ad9954.o
    0x0800aa30   0x0800aa30   0x0000000c   Code   RO          392    i.USART1_IRQHandler  stm32h7xx_it.o
    0x0800aa3c   0x0800aa3c   0x0000000c   Code   RO          393    i.USART6_IRQHandler  stm32h7xx_it.o
    0x0800aa48   0x0800aa48   0x00000002   Code   RO          394    i.UsageFault_Handler  stm32h7xx_it.o
    0x0800aa4a   0x0800aa4a   0x00000002   PAD
    0x0800aa4c   0x0800aa4c   0x00000020   Code   RO         9547    i.__0printf         mc_w.l(printfa.o)
    0x0800aa6c   0x0800aa6c   0x00000026   Code   RO         9607    i.__ARM_fpclassifyf  m_wv.l(fpclassifyf.o)
    0x0800aa92   0x0800aa92   0x00000022   Code   RO         2414    i.__NVIC_SetPriority  stm32h7xx_hal_cortex.o
    0x0800aab4   0x0800aab4   0x00000008   Code   RO         9677    i.__aeabi_errno_addr  mc_w.l(errno.o)
    0x0800aabc   0x0800aabc   0x000002b4   Code   RO         9179    i.__hardfp_atan2f   m_wv.l(atan2f.o)
    0x0800ad70   0x0800ad70   0x00000038   Code   RO         9191    i.__hardfp_atof     m_wv.l(atof.o)
    0x0800ada8   0x0800ada8   0x00000190   Code   RO         9235    i.__hardfp_log10f   m_wv.l(log10f.o)
    0x0800af38   0x0800af38   0x00000658   Code   RO         9263    i.__hardfp_powf     m_wv.l(powf.o)
    0x0800b590   0x0800b590   0x0000003a   Code   RO         9277    i.__hardfp_sqrtf    m_wv.l(sqrtf.o)
    0x0800b5ca   0x0800b5ca   0x00000002   PAD
    0x0800b5cc   0x0800b5cc   0x00000018   Code   RO         9609    i.__mathlib_flt_divzero  m_wv.l(funder.o)
    0x0800b5e4   0x0800b5e4   0x00000006   Code   RO         9610    i.__mathlib_flt_infnan  m_wv.l(funder.o)
    0x0800b5ea   0x0800b5ea   0x00000006   Code   RO         9611    i.__mathlib_flt_infnan2  m_wv.l(funder.o)
    0x0800b5f0   0x0800b5f0   0x00000010   Code   RO         9612    i.__mathlib_flt_invalid  m_wv.l(funder.o)
    0x0800b600   0x0800b600   0x00000010   Code   RO         9613    i.__mathlib_flt_overflow  m_wv.l(funder.o)
    0x0800b610   0x0800b610   0x00000010   Code   RO         9615    i.__mathlib_flt_underflow  m_wv.l(funder.o)
    0x0800b620   0x0800b620   0x0000000c   Code   RO         9678    i.__read_errno      mc_w.l(errno.o)
    0x0800b62c   0x0800b62c   0x0000000e   Code   RO         9726    i.__scatterload_copy  mc_w.l(handlers.o)
    0x0800b63a   0x0800b63a   0x00000002   Code   RO         9727    i.__scatterload_null  mc_w.l(handlers.o)
    0x0800b63c   0x0800b63c   0x0000000e   Code   RO         9728    i.__scatterload_zeroinit  mc_w.l(handlers.o)
    0x0800b64a   0x0800b64a   0x00000002   PAD
    0x0800b64c   0x0800b64c   0x0000000c   Code   RO         9679    i.__set_errno       mc_w.l(errno.o)
    0x0800b658   0x0800b658   0x00000184   Code   RO         9554    i._fp_digits        mc_w.l(printfa.o)
    0x0800b7dc   0x0800b7dc   0x0000000e   Code   RO         9709    i._is_digit         mc_w.l(scanf_fp.o)
    0x0800b7ea   0x0800b7ea   0x00000002   PAD
    0x0800b7ec   0x0800b7ec   0x000006b4   Code   RO         9555    i._printf_core      mc_w.l(printfa.o)
    0x0800bea0   0x0800bea0   0x00000024   Code   RO         9556    i._printf_post_padding  mc_w.l(printfa.o)
    0x0800bec4   0x0800bec4   0x0000002e   Code   RO         9557    i._printf_pre_padding  mc_w.l(printfa.o)
    0x0800bef2   0x0800bef2   0x00000002   PAD
    0x0800bef4   0x0800bef4   0x00000060   Code   RO         8728    i.base2_function    my_parser.o
    0x0800bf54   0x0800bf54   0x0000006c   Code   RO         8729    i.base3_function    my_parser.o
    0x0800bfc0   0x0800bfc0   0x0000002c   Code   RO         7837    i.caculate_DCcomponent  my_freq_config.o
    0x0800bfec   0x0800bfec   0x000000b8   Code   RO         8816    i.classify_filter_type  filter_identification.o
    0x0800c0a4   0x0800c0a4   0x0000001a   Code   RO         7485    i.delay_ms          ad9954.o
    0x0800c0be   0x0800c0be   0x00000002   PAD
    0x0800c0c0   0x0800c0c0   0x00000024   Code   RO         7486    i.delay_us          ad9954.o
    0x0800c0e4   0x0800c0e4   0x0000025c   Code   RO         8817    i.fit_bsf_iterative_constrained_arm  filter_identification.o
    0x0800c340   0x0800c340   0x00000278   Code   RO         8818    i.fit_hpf_iterative_arm  filter_identification.o
    0x0800c5b8   0x0800c5b8   0x00000258   Code   RO         8819    i.fit_lpf_iterative_constrained_arm  filter_identification.o
    0x0800c810   0x0800c810   0x000002bc   Code   RO         8820    i.fit_ssk_general_arm  filter_identification.o
    0x0800cacc   0x0800cacc   0x00000018   Code   RO           29    i.fputc             main.o
    0x0800cae4   0x0800cae4   0x00000154   Code   RO         7838    i.generate_window   my_freq_config.o
    0x0800cc38   0x0800cc38   0x00000288   Code   RO         7897    i.handle_get_command  my_uart_task.o
    0x0800cec0   0x0800cec0   0x000000c8   Code   RO         7898    i.handle_legacy_command  my_uart_task.o
    0x0800cf88   0x0800cf88   0x000001c0   Code   RO         7899    i.handle_serial_lcd_set_command  my_uart_task.o
    0x0800d148   0x0800d148   0x00000688   Code   RO         7900    i.handle_set_command  my_uart_task.o
    0x0800d7d0   0x0800d7d0   0x0000004c   Code   RO         8821    i.identify_filter   filter_identification.o
    0x0800d81c   0x0800d81c   0x00000054   Code   RO         8731    i.improve1_function  my_parser.o
    0x0800d870   0x0800d870   0x00000060   Code   RO         8732    i.improve2_function  my_parser.o
    0x0800d8d0   0x0800d8d0   0x000001a4   Code   RO           30    i.main              main.o
    0x0800da74   0x0800da74   0x000005dc   Code   RO         8733    i.myParserTask      my_parser.o
    0x0800e050   0x0800e050   0x000001b0   Code   RO         7839    i.my_armcfft32_apply  my_freq_config.o
    0x0800e200   0x0800e200   0x0000022c   Code   RO         8440    i.my_time_domain_analysis_optimized  my_time_detect.o
    0x0800e42c   0x0800e42c   0x0000001c   Code   RO         6749    i.osDelay           cmsis_os2.o
    0x0800e448   0x0800e448   0x0000000e   Code   RO         6761    i.osKernelGetTickCount  cmsis_os2.o
    0x0800e456   0x0800e456   0x00000002   PAD
    0x0800e458   0x0800e458   0x00000024   Code   RO         6763    i.osKernelInitialize  cmsis_os2.o
    0x0800e47c   0x0800e47c   0x00000038   Code   RO         6766    i.osKernelStart     cmsis_os2.o
    0x0800e4b4   0x0800e4b4   0x00000090   Code   RO         6808    i.osThreadNew       cmsis_os2.o
    0x0800e544   0x0800e544   0x00000298   Code   RO         7901    i.parse_serial_lcd_command  my_uart_task.o
    0x0800e7dc   0x0800e7dc   0x000000d8   Code   RO         7902    i.parse_uart_command  my_uart_task.o
    0x0800e8b4   0x0800e8b4   0x00000114   Code   RO         7840    i.perform_spectral_interpolation  my_freq_config.o
    0x0800e9c8   0x0800e9c8   0x0000005c   Code   RO         6208    i.prvAddCurrentTaskToDelayedList  tasks.o
    0x0800ea24   0x0800ea24   0x000000d0   Code   RO         6209    i.prvAddNewTaskToReadyList  tasks.o
    0x0800eaf4   0x0800eaf4   0x00000058   Code   RO         6573    i.prvCheckForValidListAndQueue  timers.o
    0x0800eb4c   0x0800eb4c   0x00000026   Code   RO         5805    i.prvCopyDataFromQueue  queue.o
    0x0800eb72   0x0800eb72   0x0000006c   Code   RO         5806    i.prvCopyDataToQueue  queue.o
    0x0800ebde   0x0800ebde   0x00000034   Code   RO         6210    i.prvDeleteTCB      tasks.o
    0x0800ec12   0x0800ec12   0x00000002   PAD
    0x0800ec14   0x0800ec14   0x00000050   Code   RO         7260    i.prvHeapInit       heap_4.o
    0x0800ec64   0x0800ec64   0x00000060   Code   RO         6211    i.prvIdleTask       tasks.o
    0x0800ecc4   0x0800ecc4   0x00000022   Code   RO         5808    i.prvInitialiseNewQueue  queue.o
    0x0800ece6   0x0800ece6   0x000000b0   Code   RO         6212    i.prvInitialiseNewTask  tasks.o
    0x0800ed96   0x0800ed96   0x00000002   PAD
    0x0800ed98   0x0800ed98   0x0000004c   Code   RO         7261    i.prvInsertBlockIntoFreeList  heap_4.o
    0x0800ede4   0x0800ede4   0x0000003c   Code   RO         6575    i.prvInsertTimerInActiveList  timers.o
    0x0800ee20   0x0800ee20   0x0000001c   Code   RO         5809    i.prvIsQueueEmpty   queue.o
    0x0800ee3c   0x0800ee3c   0x000000f8   Code   RO         6576    i.prvProcessReceivedCommands  timers.o
    0x0800ef34   0x0800ef34   0x000000c0   Code   RO         6577    i.prvProcessTimerOrBlockTask  timers.o
    0x0800eff4   0x0800eff4   0x00000020   Code   RO         6214    i.prvResetNextTaskUnblockTime  tasks.o
    0x0800f014   0x0800f014   0x00000028   Code   RO         6578    i.prvSampleTimeNow  timers.o
    0x0800f03c   0x0800f03c   0x0000006c   Code   RO         6579    i.prvSwitchTimerLists  timers.o
    0x0800f0a8   0x0800f0a8   0x00000028   Code   RO         7316    i.prvTaskExitError  port.o
    0x0800f0d0   0x0800f0d0   0x00000024   Code   RO         6580    i.prvTimerTask      timers.o
    0x0800f0f4   0x0800f0f4   0x0000006a   Code   RO         5810    i.prvUnlockQueue    queue.o
    0x0800f15e   0x0800f15e   0x00000002   PAD
    0x0800f160   0x0800f160   0x000000dc   Code   RO         7262    i.pvPortMalloc      heap_4.o
    0x0800f23c   0x0800f23c   0x00000030   Code   RO         7317    i.pxPortInitialiseStack  port.o
    0x0800f26c   0x0800f26c   0x0000009c   Code   RO         8822    i.solve_least_squares_qr  filter_identification.o
    0x0800f308   0x0800f308   0x000000a0   Code   RO         7903    i.uart_base2_function_with_params  my_uart_task.o
    0x0800f3a8   0x0800f3a8   0x000000a0   Code   RO         7904    i.uart_base3_function_with_params  my_uart_task.o
    0x0800f448   0x0800f448   0x000002f4   Code   RO         7905    i.uart_base4_function_with_params  my_uart_task.o
    0x0800f73c   0x0800f73c   0x0000005c   Code   RO         7906    i.update_dac_amplitude  my_uart_task.o
    0x0800f798   0x0800f798   0x00000044   Code   RO         7907    i.update_dac_frequency  my_uart_task.o
    0x0800f7dc   0x0800f7dc   0x00000074   Code   RO         7908    i.update_dac_waveform  my_uart_task.o
    0x0800f850   0x0800f850   0x00000068   Code   RO         7909    i.update_relay_state  my_uart_task.o
    0x0800f8b8   0x0800f8b8   0x00000026   Code   RO         5765    i.uxListRemove      list.o
    0x0800f8de   0x0800f8de   0x00000002   PAD
    0x0800f8e0   0x0800f8e0   0x00000018   Code   RO         6820    i.vApplicationGetIdleTaskMemory  cmsis_os2.o
    0x0800f8f8   0x0800f8f8   0x00000018   Code   RO         6821    i.vApplicationGetTimerTaskMemory  cmsis_os2.o
    0x0800f910   0x0800f910   0x00000016   Code   RO         5766    i.vListInitialise   list.o
    0x0800f926   0x0800f926   0x00000006   Code   RO         5767    i.vListInitialiseItem  list.o
    0x0800f92c   0x0800f92c   0x00000030   Code   RO         5768    i.vListInsert       list.o
    0x0800f95c   0x0800f95c   0x00000018   Code   RO         5769    i.vListInsertEnd    list.o
    0x0800f974   0x0800f974   0x00000040   Code   RO         7319    i.vPortEnterCritical  port.o
    0x0800f9b4   0x0800f9b4   0x00000028   Code   RO         7320    i.vPortExitCritical  port.o
    0x0800f9dc   0x0800f9dc   0x00000064   Code   RO         7263    i.vPortFree         heap_4.o
    0x0800fa40   0x0800fa40   0x00000024   Code   RO         7321    i.vPortSetupTimerInterrupt  port.o
    0x0800fa64   0x0800fa64   0x00000054   Code   RO         7322    i.vPortValidateInterruptPriority  port.o
    0x0800fab8   0x0800fab8   0x00000028   Code   RO         5816    i.vQueueAddToRegistry  queue.o
    0x0800fae0   0x0800fae0   0x00000044   Code   RO         5820    i.vQueueWaitForMessageRestricted  queue.o
    0x0800fb24   0x0800fb24   0x0000004c   Code   RO         6227    i.vTaskDelay        tasks.o
    0x0800fb70   0x0800fb70   0x00000010   Code   RO         6232    i.vTaskInternalSetTimeOutState  tasks.o
    0x0800fb80   0x0800fb80   0x0000000c   Code   RO         6233    i.vTaskMissedYield  tasks.o
    0x0800fb8c   0x0800fb8c   0x00000030   Code   RO         6235    i.vTaskPlaceOnEventList  tasks.o
    0x0800fbbc   0x0800fbbc   0x00000038   Code   RO         6236    i.vTaskPlaceOnEventListRestricted  tasks.o
    0x0800fbf4   0x0800fbf4   0x00000088   Code   RO         6244    i.vTaskStartScheduler  tasks.o
    0x0800fc7c   0x0800fc7c   0x00000010   Code   RO         6246    i.vTaskSuspendAll   tasks.o
    0x0800fc8c   0x0800fc8c   0x00000064   Code   RO         6247    i.vTaskSwitchContext  tasks.o
    0x0800fcf0   0x0800fcf0   0x000000f4   Code   RO         7323    i.xPortStartScheduler  port.o
    0x0800fde4   0x0800fde4   0x0000002c   Code   RO         7324    i.xPortSysTickHandler  port.o
    0x0800fe10   0x0800fe10   0x00000066   Code   RO         5826    i.xQueueGenericCreateStatic  queue.o
    0x0800fe76   0x0800fe76   0x00000002   PAD
    0x0800fe78   0x0800fe78   0x00000094   Code   RO         5827    i.xQueueGenericReset  queue.o
    0x0800ff0c   0x0800ff0c   0x00000160   Code   RO         5828    i.xQueueGenericSend  queue.o
    0x0801006c   0x0801006c   0x000000be   Code   RO         5829    i.xQueueGenericSendFromISR  queue.o
    0x0801012a   0x0801012a   0x00000002   PAD
    0x0801012c   0x0801012c   0x0000013c   Code   RO         5838    i.xQueueReceive     queue.o
    0x08010268   0x08010268   0x00000078   Code   RO         6249    i.xTaskCheckForTimeOut  tasks.o
    0x080102e0   0x080102e0   0x0000005a   Code   RO         6250    i.xTaskCreate       tasks.o
    0x0801033a   0x0801033a   0x00000056   Code   RO         6251    i.xTaskCreateStatic  tasks.o
    0x08010390   0x08010390   0x0000001c   Code   RO         6255    i.xTaskGetSchedulerState  tasks.o
    0x080103ac   0x080103ac   0x0000000c   Code   RO         6256    i.xTaskGetTickCount  tasks.o
    0x080103b8   0x080103b8   0x00000010   Code   RO         6257    i.xTaskGetTickCountFromISR  tasks.o
    0x080103c8   0x080103c8   0x000000c8   Code   RO         6258    i.xTaskIncrementTick  tasks.o
    0x08010490   0x08010490   0x0000007c   Code   RO         6261    i.xTaskPriorityDisinherit  tasks.o
    0x0801050c   0x0801050c   0x00000070   Code   RO         6263    i.xTaskRemoveFromEventList  tasks.o
    0x0801057c   0x0801057c   0x000000c4   Code   RO         6264    i.xTaskResumeAll    tasks.o
    0x08010640   0x08010640   0x00000060   Code   RO         6589    i.xTimerCreateTimerTask  timers.o
    0x080106a0   0x080106a0   0x00000068   Code   RO         6590    i.xTimerGenericCommand  timers.o
    0x08010708   0x08010708   0x00000090   Data   RO           34    .constdata          main.o
    0x08010798   0x08010798   0x00000008   Data   RO         1703    .constdata          stm32h7xx_hal_dma.o
    0x080107a0   0x080107a0   0x00000018   Data   RO         5131    .constdata          stm32h7xx_hal_uart.o
    0x080107b8   0x080107b8   0x00000010   Data   RO         5497    .constdata          stm32h7xx_hal_uart_ex.o
    0x080107c8   0x080107c8   0x00000010   Data   RO         5602    .constdata          system_stm32h7xx.o
    0x080107d8   0x080107d8   0x00000014   Data   RO         7595    .constdata          my_adc_task.o
    0x080107ec   0x080107ec   0x00000080   Data   RO         7663    .constdata          my_dac_config.o
    0x0801086c   0x0801086c   0x00000080   Data   RO         7664    .constdata          my_dac_config.o
    0x080108ec   0x080108ec   0x00000080   Data   RO         7665    .constdata          my_dac_config.o
    0x0801096c   0x0801096c   0x00000194   Data   RO         7848    .constdata          my_freq_config.o
    0x08010b00   0x08010b00   0x00000015   Data   RO         8475    .constdata          my_button_config.o
    0x08010b15   0x08010b15   0x00000001   PAD
    0x08010b16   0x08010b16   0x00000080   Data   RO         8736    .constdata          my_parser.o
    0x08010b96   0x08010b96   0x00000002   PAD
    0x08010b98   0x08010b98   0x00000080   Data   RO         8828    .constdata          filter_identification.o
    0x08010c18   0x08010c18   0x00000040   Data   RO         9238    .constdata          m_wv.l(log10f.o)
    0x08010c58   0x08010c58   0x00000140   Data   RO         9266    .constdata          m_wv.l(powf.o)
    0x08010d98   0x08010d98   0x00000081   Data   RO         9648    .constdata          mc_w.l(ctype_o.o)
    0x08010e19   0x08010e19   0x00000003   PAD
    0x08010e1c   0x08010e1c   0x00000004   Data   RO         9649    .constdata          mc_w.l(ctype_o.o)
    0x08010e20   0x08010e20   0x00000044   Data   RO           36    .conststring        main.o
    0x08010e64   0x08010e64   0x000000b4   Data   RO         7596    .conststring        my_adc_task.o
    0x08010f18   0x08010f18   0x00000101   Data   RO         7911    .conststring        my_uart_task.o
    0x08011019   0x08011019   0x00000003   PAD
    0x0801101c   0x0801101c   0x000001af   Data   RO         8737    .conststring        my_parser.o
    0x080111cb   0x080111cb   0x00000001   PAD
    0x080111cc   0x080111cc   0x00000800   Data   RO         9085    .rodata.armBitRevTable  arm_cortexM7lfdp_math.lib(arm_common_tables.o)
    0x080119cc   0x080119cc   0x00000804   Data   RO         9171    .rodata.sinTable_f32  arm_cortexM7lfdp_math.lib(arm_common_tables.o)
    0x080121d0   0x080121d0   0x00008000   Data   RO         9094    .rodata.twiddleCoef_4096  arm_cortexM7lfdp_math.lib(arm_common_tables.o)
    0x0801a1d0   0x0801a1d0   0x00000020   Data   RO         9724    Region$$Table       anon$$obj.o


    Execution Region RW_IRAM1 (Exec base: 0x20000000, Load base: 0x0801a1f0, Size: 0x00000000, Max: 0x00020000, ABSOLUTE)

    **** No section assigned to this execution region ****


    Execution Region RW_IRAM2 (Exec base: 0x24000000, Load base: 0x0801a1f0, Size: 0x000518e8, Max: 0x00080000, ABSOLUTE, COMPRESSED[0x0000013c])

    Exec Addr    Load Addr    Size         Type   Attr      Idx    E Section Name        Object

    0x24000000   COMPRESSED   0x00000010   Data   RW           38    .data               main.o
    0x24000010   COMPRESSED   0x00000004   Data   RW          490    .data               stm32h7xx_hal_msp.o
    0x24000014   COMPRESSED   0x0000000c   Data   RW         2594    .data               stm32h7xx_hal.o
    0x24000020   COMPRESSED   0x00000008   Data   RW         5603    .data               system_stm32h7xx.o
    0x24000028   COMPRESSED   0x0000003c   Data   RW         6267    .data               tasks.o
    0x24000064   COMPRESSED   0x00000014   Data   RW         6598    .data               timers.o
    0x24000078   COMPRESSED   0x00000004   Data   RW         6823    .data               cmsis_os2.o
    0x2400007c   COMPRESSED   0x00000020   Data   RW         7269    .data               heap_4.o
    0x2400009c   COMPRESSED   0x0000000c   Data   RW         7325    .data               port.o
    0x240000a8   COMPRESSED   0x00000008   Data   RW         7487    .data               ad9954.o
    0x240000b0   COMPRESSED   0x00000010   Data   RW         7597    .data               my_adc_task.o
    0x240000c0   COMPRESSED   0x00000004   Data   RW         7666    .data               my_dac_config.o
    0x240000c4   COMPRESSED   0x00000004   Data   RW         7667    .data               my_dac_config.o
    0x240000c8   COMPRESSED   0x00000004   Data   RW         7668    .data               my_dac_config.o
    0x240000cc   COMPRESSED   0x00000004   PAD
    0x240000d0   COMPRESSED   0x00000038   Data   RW         7912    .data               my_uart_task.o
    0x24000108   COMPRESSED   0x00000028   Data   RW         8476    .data               my_button_config.o
    0x24000130   COMPRESSED   0x00000004   Data   RW         8681    .data               my_parameter_config.o
    0x24000134   COMPRESSED   0x00000001   Data   RW         8682    .data               my_parameter_config.o
    0x24000135   COMPRESSED   0x00000003   PAD
    0x24000138   COMPRESSED   0x00000004   Data   RW         8683    .data               my_parameter_config.o
    0x2400013c   COMPRESSED   0x00000004   Data   RW         8684    .data               my_parameter_config.o
    0x24000140   COMPRESSED   0x00000004   Data   RW         8685    .data               my_parameter_config.o
    0x24000144   COMPRESSED   0x00000001   Data   RW         8686    .data               my_parameter_config.o
    0x24000145   COMPRESSED   0x00000003   PAD
    0x24000148   COMPRESSED   0x00000004   Data   RW         8687    .data               my_parameter_config.o
    0x2400014c   COMPRESSED   0x00000004   Data   RW         8688    .data               my_parameter_config.o
    0x24000150   COMPRESSED   0x00000001   Data   RW         8689    .data               my_parameter_config.o
    0x24000151   COMPRESSED   0x00000001   Data   RW         8690    .data               my_parameter_config.o
    0x24000152   COMPRESSED   0x00000006   PAD
    0x24000158   COMPRESSED   0x00000028   Data   RW         8738    .data               my_parser.o
    0x24000180   COMPRESSED   0x00000a50   Data   RW         8747    .data               my_parser.o
    0x24000bd0   COMPRESSED   0x00000004   Data   RW         9307    .data               mc_w.l(strtok.o)
    0x24000bd4   COMPRESSED   0x00000004   Data   RW         9642    .data               mc_w.l(stdout.o)
    0x24000bd8   COMPRESSED   0x00000004   Data   RW         9680    .data               mc_w.l(errno.o)
    0x24000bdc        -       0x000003c4   Zero   RW           31    .bss                main.o
    0x24000fa0        -       0x00000078   Zero   RW           32    .bss                main.o
    0x24001018        -       0x00000078   Zero   RW           33    .bss                main.o
    0x24001090        -       0x0000004c   Zero   RW          579    .bss                stm32h7xx_hal_timebase_tim.o
    0x240010dc        -       0x00000040   Zero   RW         5842    .bss                queue.o
    0x2400111c        -       0x000004c4   Zero   RW         6266    .bss                tasks.o
    0x240015e0        -       0x00000118   Zero   RW         6597    .bss                timers.o
    0x240016f8        -       0x000006b8   Zero   RW         6822    .bss                cmsis_os2.o
    0x24001db0        -       0x00003c00   Zero   RW         7268    .bss                heap_4.o
    0x240059b0   COMPRESSED   0x00000010   PAD
    0x240059c0        -       0x0001571c   Zero   RW         7594    .bss                my_adc_task.o
    0x2401b0dc        -       0x000181b0   Zero   RW         7841    .bss                my_freq_config.o
    0x2403328c        -       0x00000200   Zero   RW         7910    .bss                my_uart_task.o
    0x2403348c        -       0x00002000   Zero   RW         8679    .bss                my_parameter_config.o
    0x2403548c        -       0x00002000   Zero   RW         8680    .bss                my_parameter_config.o
    0x2403748c   COMPRESSED   0x00000004   PAD
    0x24037490        -       0x00000130   Zero   RW         8735    .bss                my_parser.o
    0x240375c0        -       0x00000064   Zero   RW         8823    .bss                filter_identification.o
    0x24037624        -       0x00004cb8   Zero   RW         8824    .bss                filter_identification.o
    0x2403c2dc        -       0x00000064   Zero   RW         8825    .bss                filter_identification.o
    0x2403c340        -       0x00000014   Zero   RW         8826    .bss                filter_identification.o
    0x2403c354        -       0x00015190   Zero   RW         8827    .bss                filter_identification.o
    0x240514e4   COMPRESSED   0x00000004   PAD
    0x240514e8        -       0x00000400   Zero   RW            1    STACK               startup_stm32h750xx.o


    Execution Region RW_IRAM3 (Exec base: 0x30000000, Load base: 0x0801a32c, Size: 0x00000000, Max: 0x00048000, ABSOLUTE)

    **** No section assigned to this execution region ****


    Execution Region RW_IRAM4 (Exec base: 0x38000000, Load base: 0x0801a32c, Size: 0x00000000, Max: 0x00010000, ABSOLUTE)

    **** No section assigned to this execution region ****


==============================================================================

Image component sizes


      Code (inc. data)   RO Data    RW Data    ZI Data      Debug   Object Name

       408         30          0          0          0       4131   ad9833.o
       784         74          0          8          0       7882   ad9954.o
       352         22          0          4       1720      71958   cmsis_os2.o
         0          0          0          0          0      19452   event_groups.o
      2952        178        128          0     106276      29546   filter_identification.o
       476         24          0         32      15360       5043   heap_4.o
       138          0          0          0          0       3734   list.o
      2058        202        212         16       1204    1439404   main.o
      2732       1240        200         16      87836      43949   my_adc_task.o
       260         14         21         40          0       2854   my_button_config.o
         0          0        384         12          0       1785   my_dac_config.o
       520         34          0          0          0      42749   my_dds.o
      1092         76        404          0      98736       7918   my_freq_config.o
         0          0          0         28      16384       2519   my_parameter_config.o
      1908        974        559       2680        304       7120   my_parser.o
         0          0          0          0          0       4471   my_pid_config.o
       556         12          0          0          0       3480   my_time_detect.o
      5612       2868        257         56        512      16387   my_uart_task.o
       790         84          0         12          0      11757   port.o
      1530         22          0          0         64      17744   queue.o
        36          8        664          0       1024        844   startup_stm32h750xx.o
       132         32          0         12          0      22165   stm32h7xx_hal.o
      2550        200          0          0          0      75693   stm32h7xx_hal_adc.o
       740         64          0          0          0      65672   stm32h7xx_hal_adc_ex.o
       316         28          0          0          0      41176   stm32h7xx_hal_cortex.o
       842         28          0          0          0       8423   stm32h7xx_hal_dac.o
        58          0          0          0          0       4756   stm32h7xx_hal_dac_ex.o
      5988        246          8          0          0      12046   stm32h7xx_hal_dma.o
       592         50          0          0          0       3668   stm32h7xx_hal_gpio.o
       192          6          0          0          0       3387   stm32h7xx_hal_i2c.o
       172          0          0          0          0       2123   stm32h7xx_hal_i2c_ex.o
      1164        132          0          4          0       6346   stm32h7xx_hal_msp.o
        84          6          0          0          0        801   stm32h7xx_hal_pwr_ex.o
      2558        110          0          0          0       7965   stm32h7xx_hal_rcc.o
      4776        174          0          0          0      10663   stm32h7xx_hal_rcc_ex.o
       380         14          0          0          0       1735   stm32h7xx_hal_spi.o
      1356        114          0          0          0      12633   stm32h7xx_hal_tim.o
       170         30          0          0          0       3296   stm32h7xx_hal_tim_ex.o
       132         22          0          0         76       1611   stm32h7xx_hal_timebase_tim.o
      4330        192         24          0          0      37838   stm32h7xx_hal_uart.o
       290          6         16          0          0       5610   stm32h7xx_hal_uart_ex.o
       100         40          0          0          0       5792   stm32h7xx_it.o
         0          0          0          0          0        384   stream_buffer.o
       220         40         16          8          0       1526   system_stm32h7xx.o
      2100        166          0         60       1220      27935   tasks.o
       972         84          0         20        280      32379   timers.o

    ----------------------------------------------------------------------
     52478       7646       2932       3024     331020    2140350   Object Totals
         0          0         32          0          0          0   (incl. Generated)
        60          0          7         16         24          0   (incl. Padding)

    ----------------------------------------------------------------------

      Code (inc. data)   RO Data    RW Data    ZI Data      Debug   Library Member Name

       186          0          0          0          0       2608   arm_bitreversal.o
      1722          0          0          0          0       8704   arm_cfft_radix4_f32.o
       148         20          0          0          0       1568   arm_cfft_radix4_init_f32.o
       312          0          0          0          0       2017   arm_cmplx_mag_f32.o
       166          0          0          0          0       1256   arm_cmplx_mag_squared_f32.o
         0          0      36868          0          0       4961   arm_common_tables.o
        82          0          0          0          0        982   arm_copy_f32.o
       144         12          0          0          0       1111   arm_cos_f32.o
       136          4          0          0          0       1118   arm_dot_prod_f32.o
        66          0          0          0          0        921   arm_fill_f32.o
       928          4          0          0          0       3533   arm_fir_f32.o
        36          0          0          0          0       1058   arm_fir_init_f32.o
       716          4          0          0          0       3547   arm_mat_inverse_f32.o
       304          4          0          0          0       2362   arm_mat_mult_f32.o
       180          0          0          0          0       1862   arm_mat_trans_f32.o
       146          0          0          0          0       1126   arm_mult_f32.o
       116          4          0          0          0       1078   arm_power_f32.o
       140         12          0          0          0       1098   arm_sin_f32.o
       146          0          0          0          0       1123   arm_sub_f32.o
       692         98          0          0          0        208   atan2f.o
        56         12          0          0          0        132   atof.o
        38          0          0          0          0        116   fpclassifyf.o
        84         28          0          0          0        696   funder.o
       400         64         64          0          0        140   log10f.o
      1624        130        320          0          0        400   powf.o
        58          0          0          0          0        136   sqrtf.o
        86          0          0          0          0          0   __dczerorl2.o
        28          0          0          0          0         68   _chval.o
        64          0          0          0          0         84   _sgetc.o
       158          0          0          0          0         92   _strtoul.o
         8          4        133          0          0         68   ctype_o.o
         0          0          0          0          0          0   entry.o
         0          0          0          0          0          0   entry10a.o
         0          0          0          0          0          0   entry11a.o
         4          0          0          0          0          0   entry12b.o
         8          4          0          0          0          0   entry2.o
         4          0          0          0          0          0   entry5.o
         0          0          0          0          0          0   entry7b.o
         0          0          0          0          0          0   entry8b.o
         8          4          0          0          0          0   entry9a.o
        32         16          0          4          0        204   errno.o
        30          0          0          0          0          0   handlers.o
        36          8          0          0          0         68   init.o
        18          0          0          0          0         76   isspace_o.o
         0          0          0          0          0          0   iusefp.o
        30          0          0          0          0         68   llshl.o
        36          0          0          0          0         68   llsshr.o
        32          0          0          0          0         68   llushr.o
        36          0          0          0          0         68   memcpya.o
        36          0          0          0          0        108   memseta.o
      2218         90          0          0          0        464   printfa.o
       878         12          0          0          0        216   scanf_fp.o
         0          0          0          4          0          0   stdout.o
        28          0          0          0          0         76   strcmp.o
        24          0          0          0          0         76   strncpy.o
       156         12          0          0          0        120   strtod.o
        68          6          0          4          0         80   strtok.o
       114          0          0          0          0         92   strtoul.o
        44          0          0          0          0         80   uidiv.o
        98          0          0          0          0         92   uldiv.o
        48          0          0          0          0         68   cdrcmple.o
        56          0          0          0          0         88   d2f.o
       334          0          0          0          0        148   dadd.o
       222          0          0          0          0        100   ddiv.o
       186          0          0          0          0        176   depilogue.o
        48          0          0          0          0         68   dfixul.o
        24          0          0          0          0         76   dfltul.o
       228          0          0          0          0         96   dmul.o
       110          0          0          0          0        168   fepilogue.o
         4          0          0          0          0         68   fpstat.o

    ----------------------------------------------------------------------
     14194        552      37388         12          0      47253   Library Totals
        26          0          3          0          0          0   (incl. Padding)

    ----------------------------------------------------------------------

      Code (inc. data)   RO Data    RW Data    ZI Data      Debug   Library Name

      5674         64      36868          0          0      42033   arm_cortexM7lfdp_math.lib
      2952        332        384          0          0       1828   m_wv.l
      4282        156        133         12          0       2336   mc_w.l
      1260          0          0          0          0       1056   mf_w.l

    ----------------------------------------------------------------------
     14194        552      37388         12          0      47253   Library Totals

    ----------------------------------------------------------------------

==============================================================================


      Code (inc. data)   RO Data    RW Data    ZI Data      Debug   

     66672       8198      40320       3036     331020    2156047   Grand Totals
     66672       8198      40320        316     331020    2156047   ELF Image Totals (compressed)
     66672       8198      40320        316          0          0   ROM Totals

==============================================================================

    Total RO  Size (Code + RO Data)               106992 ( 104.48kB)
    Total RW  Size (RW Data + ZI Data)            334056 ( 326.23kB)
    Total ROM Size (Code + RO Data + RW Data)     107308 ( 104.79kB)

==============================================================================

