<html>
<body>
<pre>
<h1>�Vision Build Log</h1>
<h2>Tool Versions:</h2>
IDE-Version: ��Vision V5.41.0.0
Copyright (C) 2024 ARM Ltd and ARM Germany GmbH. All rights reserved.
License Information: 1 1140527828@qq.com, 1, LIC=CZLZX-HJXE5-NNBAF-65NPN-WGZ9K-JT7B9
 
Tool Versions:
Toolchain:       MDK-ARM Plus  Version: 5.41.0.0
Toolchain Path:  D:\KEIL\ARM\ARMCC\Bin
C Compiler:      Armcc.exe V5.06 update 7 (build 960)
Assembler:       Armasm.exe V5.06 update 7 (build 960)
Linker/Locator:  ArmLink.exe V5.06 update 7 (build 960)
Library Manager: ArmAr.exe V5.06 update 7 (build 960)
Hex Converter:   FromElf.exe V5.06 update 7 (build 960)
CPU DLL:         SARMCM3.DLL V5.41.0.0
Dialog DLL:      DCM.DLL V1.17.5.0
Target DLL:      STLink\ST-LINKIII-KEIL_SWO.dll V3.3.0.0
Dialog DLL:      TCM.DLL V1.56.4.0
 
<h2>Project:</h2>
D:\Musii-SnapShot\GithubRepo\STM32-accelerator\MDK-ARM\FinallAttackProject.uvprojx
Project File Date:  07/18/2025

<h2>Output:</h2>
*** Using Compiler 'V5.06 update 7 (build 960)', folder: 'D:\KEIL\ARM\ARMCC\Bin'
Build target 'FinallAttackProject'
assembling startup_stm32h750xx.s...
compiling main.c...
../Drivers/INA226/INA226.h(15): warning:  #1-D: last line of file ends without a newline
  #endif /* INA226_H_ */
../Core/Src/main.c(49): warning:  #2532-D: support for trigraphs is disabled
    uint8_t found;               // 是否找到基波 (1=找到, 0=未找�???)
../Core/Src/main.c(961): warning:  #177-D: function "PrintFrequencySpectrumVOFA"  was declared but never referenced
  static void PrintFrequencySpectrumVOFA(float actual_sampling_rate, uint8_t remove_dc, float shi)
../Core/Src/main.c(993): warning:  #177-D: function "BuildMagnitudeArray"  was declared but never referenced
  static void BuildMagnitudeArray(float actual_sampling_rate, uint8_t remove_dc, float shi)
../Core/Src/main.c(1014): warning:  #177-D: function "FindFundamentalComponent"  was declared but never referenced
  static fundamental_result_t FindFundamentalComponent(float min_freq, float max_freq)
../Core/Src/main.c: 5 warnings, 0 errors
linking...
Program Size: Code=36060 RO-data=808 RW-data=188 ZI-data=151708  
FromELF: creating hex file...
"FinallAttackProject\FinallAttackProject.axf" - 0 Error(s), 5 Warning(s).

<h2>Software Packages used:</h2>

Package Vendor: ARM
                https://www.keil.com/pack/ARM.CMSIS.6.1.0.pack
                ARM::CMSIS@6.1.0
                CMSIS (Common Microcontroller Software Interface Standard)
   * Component: CORE Version: 6.1.0

Package Vendor: Keil
                https://www.keil.com/pack/Keil.STM32H7xx_DFP.4.1.0.pack
                Keil::STM32H7xx_DFP@4.1.0
                STMicroelectronics STM32H7 Series Device Support

<h2>Collection of Component include folders:</h2>
  ./RTE/_FinallAttackProject
  D:/KEIL-PACK/ARM/CMSIS/6.1.0/CMSIS/Core/Include

<h2>Collection of Component Files used:</h2>

   * Component: ARM::CMSIS:CORE@6.1.0
      Include file:  CMSIS/Core/Include/tz_context.h
Build Time Elapsed:  00:00:08
</pre>
</body>
</html>
