Component: ARM Compiler 5.06 update 7 (build 960) Tool: armlink [4d3601]

==============================================================================

Section Cross References

    startup_stm32h750xx.o(RESET) refers to startup_stm32h750xx.o(STACK) for __initial_sp
    startup_stm32h750xx.o(RESET) refers to startup_stm32h750xx.o(.text) for Reset_Handler
    startup_stm32h750xx.o(RESET) refers to stm32h7xx_it.o(i.NMI_Handler) for NMI_Handler
    startup_stm32h750xx.o(RESET) refers to stm32h7xx_it.o(i.HardFault_Handler) for HardFault_Handler
    startup_stm32h750xx.o(RESET) refers to stm32h7xx_it.o(i.MemManage_Handler) for MemManage_Handler
    startup_stm32h750xx.o(RESET) refers to stm32h7xx_it.o(i.BusFault_Handler) for BusFault_Handler
    startup_stm32h750xx.o(RESET) refers to stm32h7xx_it.o(i.UsageFault_Handler) for UsageFault_Handler
    startup_stm32h750xx.o(RESET) refers to port.o(.emb_text) for SVC_Handler
    startup_stm32h750xx.o(RESET) refers to stm32h7xx_it.o(i.DebugMon_Handler) for DebugMon_Handler
    startup_stm32h750xx.o(RESET) refers to cmsis_os2.o(i.SysTick_Handler) for SysTick_Handler
    startup_stm32h750xx.o(RESET) refers to stm32h7xx_it.o(i.DMA1_Stream0_IRQHandler) for DMA1_Stream0_IRQHandler
    startup_stm32h750xx.o(RESET) refers to stm32h7xx_it.o(i.TIM1_UP_IRQHandler) for TIM1_UP_IRQHandler
    startup_stm32h750xx.o(.text) refers to system_stm32h7xx.o(i.SystemInit) for SystemInit
    startup_stm32h750xx.o(.text) refers to entry.o(.ARM.Collect$$$$00000000) for __main
    main.o(i.HAL_ADC_ConvCpltCallback) refers to main.o(.data) for .data
    main.o(i.HAL_TIM_PeriodElapsedCallback) refers to stm32h7xx_hal.o(i.HAL_IncTick) for HAL_IncTick
    main.o(i.MX_ADC1_Init) refers to memseta.o(.text) for __aeabi_memclr4
    main.o(i.MX_ADC1_Init) refers to stm32h7xx_hal_adc.o(i.HAL_ADC_Init) for HAL_ADC_Init
    main.o(i.MX_ADC1_Init) refers to stm32h7xx_hal_adc_ex.o(i.HAL_ADCEx_MultiModeConfigChannel) for HAL_ADCEx_MultiModeConfigChannel
    main.o(i.MX_ADC1_Init) refers to stm32h7xx_hal_adc.o(i.HAL_ADC_ConfigChannel) for HAL_ADC_ConfigChannel
    main.o(i.MX_ADC1_Init) refers to main.o(.bss) for .bss
    main.o(i.MX_ADC2_Init) refers to memseta.o(.text) for __aeabi_memclr4
    main.o(i.MX_ADC2_Init) refers to stm32h7xx_hal_adc.o(i.HAL_ADC_Init) for HAL_ADC_Init
    main.o(i.MX_ADC2_Init) refers to stm32h7xx_hal_adc.o(i.HAL_ADC_ConfigChannel) for HAL_ADC_ConfigChannel
    main.o(i.MX_ADC2_Init) refers to main.o(.bss) for .bss
    main.o(i.MX_GPIO_Init) refers to memseta.o(.text) for __aeabi_memclr4
    main.o(i.MX_GPIO_Init) refers to stm32h7xx_hal_gpio.o(i.HAL_GPIO_WritePin) for HAL_GPIO_WritePin
    main.o(i.MX_GPIO_Init) refers to stm32h7xx_hal_gpio.o(i.HAL_GPIO_Init) for HAL_GPIO_Init
    main.o(i.MX_I2C1_Init) refers to stm32h7xx_hal_i2c.o(i.HAL_I2C_Init) for HAL_I2C_Init
    main.o(i.MX_I2C1_Init) refers to stm32h7xx_hal_i2c_ex.o(i.HAL_I2CEx_ConfigAnalogFilter) for HAL_I2CEx_ConfigAnalogFilter
    main.o(i.MX_I2C1_Init) refers to stm32h7xx_hal_i2c_ex.o(i.HAL_I2CEx_ConfigDigitalFilter) for HAL_I2CEx_ConfigDigitalFilter
    main.o(i.MX_I2C1_Init) refers to main.o(.bss) for .bss
    main.o(i.MX_SPI1_Init) refers to stm32h7xx_hal_spi.o(i.HAL_SPI_Init) for HAL_SPI_Init
    main.o(i.MX_SPI1_Init) refers to main.o(.bss) for .bss
    main.o(i.MX_USART1_UART_Init) refers to stm32h7xx_hal_uart.o(i.HAL_UART_Init) for HAL_UART_Init
    main.o(i.MX_USART1_UART_Init) refers to stm32h7xx_hal_uart_ex.o(i.HAL_UARTEx_SetTxFifoThreshold) for HAL_UARTEx_SetTxFifoThreshold
    main.o(i.MX_USART1_UART_Init) refers to stm32h7xx_hal_uart_ex.o(i.HAL_UARTEx_SetRxFifoThreshold) for HAL_UARTEx_SetRxFifoThreshold
    main.o(i.MX_USART1_UART_Init) refers to stm32h7xx_hal_uart_ex.o(i.HAL_UARTEx_DisableFifoMode) for HAL_UARTEx_DisableFifoMode
    main.o(i.MX_USART1_UART_Init) refers to main.o(.bss) for .bss
    main.o(i.PeriphCommonClock_Config) refers to memseta.o(.text) for __aeabi_memclr4
    main.o(i.PeriphCommonClock_Config) refers to stm32h7xx_hal_rcc_ex.o(i.HAL_RCCEx_PeriphCLKConfig) for HAL_RCCEx_PeriphCLKConfig
    main.o(i.ProcessCompleteBuffer) refers to printfa.o(i.__0printf) for __2printf
    main.o(i.ProcessCompleteBuffer) refers to main.o(.bss) for .bss
    main.o(i.ProcessCompleteBuffer) refers to main.o(.data) for .data
    main.o(i.StartDefaultTask) refers to printfa.o(i.__0printf) for __2printf
    main.o(i.StartDefaultTask) refers to stm32h7xx_hal_adc_ex.o(i.HAL_ADCEx_MultiModeStop_DMA) for HAL_ADCEx_MultiModeStop_DMA
    main.o(i.StartDefaultTask) refers to stm32h7xx_hal_adc_ex.o(i.HAL_ADCEx_MultiModeStart_DMA) for HAL_ADCEx_MultiModeStart_DMA
    main.o(i.StartDefaultTask) refers to main.o(i.ProcessCompleteBuffer) for ProcessCompleteBuffer
    main.o(i.StartDefaultTask) refers to cmsis_os2.o(i.osKernelGetTickCount) for osKernelGetTickCount
    main.o(i.StartDefaultTask) refers to cmsis_os2.o(i.osDelay) for osDelay
    main.o(i.StartDefaultTask) refers to main.o(.data) for .data
[...]
    prvTimerTask                             0x08007f45   Thumb Code    32  timers.o(i.prvTimerTask)
    i.prvUnlockQueue                         0x08007f68   Section        0  queue.o(i.prvUnlockQueue)
    prvUnlockQueue                           0x08007f69   Thumb Code   106  queue.o(i.prvUnlockQueue)
    i.pvPortMalloc                           0x08007fd4   Section        0  heap_4.o(i.pvPortMalloc)
    i.pxPortInitialiseStack                  0x080080b0   Section        0  port.o(i.pxPortInitialiseStack)
    i.uxListRemove                           0x080080e0   Section        0  list.o(i.uxListRemove)
    i.vApplicationGetIdleTaskMemory          0x08008108   Section        0  cmsis_os2.o(i.vApplicationGetIdleTaskMemory)
    i.vApplicationGetTimerTaskMemory         0x08008120   Section        0  cmsis_os2.o(i.vApplicationGetTimerTaskMemory)
    i.vListInitialise                        0x08008138   Section        0  list.o(i.vListInitialise)
    i.vListInitialiseItem                    0x0800814e   Section        0  list.o(i.vListInitialiseItem)
    i.vListInsert                            0x08008154   Section        0  list.o(i.vListInsert)
    i.vListInsertEnd                         0x08008184   Section        0  list.o(i.vListInsertEnd)
    i.vPortEnterCritical                     0x0800819c   Section        0  port.o(i.vPortEnterCritical)
    i.vPortExitCritical                      0x080081dc   Section        0  port.o(i.vPortExitCritical)
    i.vPortFree                              0x08008204   Section        0  heap_4.o(i.vPortFree)
    i.vPortSetupTimerInterrupt               0x08008268   Section        0  port.o(i.vPortSetupTimerInterrupt)
    i.vPortValidateInterruptPriority         0x0800828c   Section        0  port.o(i.vPortValidateInterruptPriority)
    i.vQueueAddToRegistry                    0x080082e0   Section        0  queue.o(i.vQueueAddToRegistry)
    i.vQueueWaitForMessageRestricted         0x08008308   Section        0  queue.o(i.vQueueWaitForMessageRestricted)
    i.vTaskDelay                             0x0800834c   Section        0  tasks.o(i.vTaskDelay)
    i.vTaskInternalSetTimeOutState           0x08008398   Section        0  tasks.o(i.vTaskInternalSetTimeOutState)
    i.vTaskMissedYield                       0x080083a8   Section        0  tasks.o(i.vTaskMissedYield)
    i.vTaskPlaceOnEventList                  0x080083b4   Section        0  tasks.o(i.vTaskPlaceOnEventList)
    i.vTaskPlaceOnEventListRestricted        0x080083e4   Section        0  tasks.o(i.vTaskPlaceOnEventListRestricted)
    i.vTaskStartScheduler                    0x0800841c   Section        0  tasks.o(i.vTaskStartScheduler)
    i.vTaskSuspendAll                        0x080084a4   Section        0  tasks.o(i.vTaskSuspendAll)
    i.vTaskSwitchContext                     0x080084b4   Section        0  tasks.o(i.vTaskSwitchContext)
    i.xPortStartScheduler                    0x08008518   Section        0  port.o(i.xPortStartScheduler)
    i.xPortSysTickHandler                    0x0800860c   Section        0  port.o(i.xPortSysTickHandler)
    i.xQueueGenericCreate                    0x08008638   Section        0  queue.o(i.xQueueGenericCreate)
    i.xQueueGenericCreateStatic              0x0800867a   Section        0  queue.o(i.xQueueGenericCreateStatic)
    i.xQueueGenericReset                     0x080086e0   Section        0  queue.o(i.xQueueGenericReset)
    i.xQueueGenericSend                      0x08008774   Section        0  queue.o(i.xQueueGenericSend)
    i.xQueueGenericSendFromISR               0x080088d4   Section        0  queue.o(i.xQueueGenericSendFromISR)
    i.xQueueReceive                          0x08008994   Section        0  queue.o(i.xQueueReceive)
    i.xTaskCheckForTimeOut                   0x08008ad0   Section        0  tasks.o(i.xTaskCheckForTimeOut)
    i.xTaskCreate                            0x08008b48   Section        0  tasks.o(i.xTaskCreate)
    i.xTaskCreateStatic                      0x08008ba2   Section        0  tasks.o(i.xTaskCreateStatic)
    i.xTaskGetSchedulerState                 0x08008bf8   Section        0  tasks.o(i.xTaskGetSchedulerState)
    i.xTaskGetTickCount                      0x08008c14   Section        0  tasks.o(i.xTaskGetTickCount)
    i.xTaskGetTickCountFromISR               0x08008c20   Section        0  tasks.o(i.xTaskGetTickCountFromISR)
    i.xTaskIncrementTick                     0x08008c30   Section        0  tasks.o(i.xTaskIncrementTick)
    i.xTaskPriorityDisinherit                0x08008cf8   Section        0  tasks.o(i.xTaskPriorityDisinherit)
    i.xTaskRemoveFromEventList               0x08008d74   Section        0  tasks.o(i.xTaskRemoveFromEventList)
    i.xTaskResumeAll                         0x08008de4   Section        0  tasks.o(i.xTaskResumeAll)
    i.xTimerCreateTimerTask                  0x08008ea8   Section        0  timers.o(i.xTimerCreateTimerTask)
    i.xTimerGenericCommand                   0x08008f08   Section        0  timers.o(i.xTimerGenericCommand)
    .constdata                               0x08008f70   Section       36  main.o(.constdata)
    .constdata                               0x08008f94   Section        8  stm32h7xx_hal_dma.o(.constdata)
    flagBitshiftOffset                       0x08008f94   Data           8  stm32h7xx_hal_dma.o(.constdata)
    .constdata                               0x08008f9c   Section       24  stm32h7xx_hal_uart.o(.constdata)
    .constdata                               0x08008fb4   Section       16  stm32h7xx_hal_uart_ex.o(.constdata)
    numerator                                0x08008fb4   Data           8  stm32h7xx_hal_uart_ex.o(.constdata)
    denominator                              0x08008fbc   Data           8  stm32h7xx_hal_uart_ex.o(.constdata)
    .constdata                               0x08008fc4   Section       16  system_stm32h7xx.o(.constdata)
    .conststring                             0x08008fd4   Section       88  main.o(.conststring)
    .data                                    0x24000000   Section       24  main.o(.data)
    sample_index                             0x2400000c   Data           4  main.o(.data)
    .data                                    0x24000018   Section        4  stm32h7xx_hal_msp.o(.data)
    HAL_RCC_ADC12_CLK_ENABLED                0x24000018   Data           4  stm32h7xx_hal_msp.o(.data)
    .data                                    0x2400001c   Section       12  stm32h7xx_hal.o(.data)
    .data                                    0x24000028   Section        8  system_stm32h7xx.o(.data)
    .data                                    0x24000030   Section       60  tasks.o(.data)
    uxDeletedTasksWaitingCleanUp             0x24000034   Data           4  tasks.o(.data)
    uxCurrentNumberOfTasks                   0x24000038   Data           4  tasks.o(.data)
    xTickCount                               0x2400003c   Data           4  tasks.o(.data)
    uxTopReadyPriority                       0x24000040   Data           4  tasks.o(.data)
    xSchedulerRunning                        0x24000044   Data           4  tasks.o(.data)
    xPendedTicks                             0x24000048   Data           4  tasks.o(.data)
    xYieldPending                            0x2400004c   Data           4  tasks.o(.data)
    xNumOfOverflows                          0x24000050   Data           4  tasks.o(.data)
    uxTaskNumber                             0x24000054   Data           4  tasks.o(.data)
    xNextTaskUnblockTime                     0x24000058   Data           4  tasks.o(.data)
    xIdleTaskHandle                          0x2400005c   Data           4  tasks.o(.data)
    uxSchedulerSuspended                     0x24000060   Data           4  tasks.o(.data)
    pxDelayedTaskList                        0x24000064   Data           4  tasks.o(.data)
    pxOverflowDelayedTaskList                0x24000068   Data           4  tasks.o(.data)
    .data                                    0x2400006c   Section       20  timers.o(.data)
    xTimerQueue                              0x2400006c   Data           4  timers.o(.data)
    xTimerTaskHandle                         0x24000070   Data           4  timers.o(.data)
    xLastTime                                0x24000074   Data           4  timers.o(.data)
    pxCurrentTimerList                       0x24000078   Data           4  timers.o(.data)
    pxOverflowTimerList                      0x2400007c   Data           4  timers.o(.data)
    .data                                    0x24000080   Section        4  cmsis_os2.o(.data)
    KernelState                              0x24000080   Data           4  cmsis_os2.o(.data)
    .data                                    0x24000084   Section       32  heap_4.o(.data)
    pxEnd                                    0x24000084   Data           4  heap_4.o(.data)
    xFreeBytesRemaining                      0x24000088   Data           4  heap_4.o(.data)
    xMinimumEverFreeBytesRemaining           0x2400008c   Data           4  heap_4.o(.data)
    xNumberOfSuccessfulAllocations           0x24000090   Data           4  heap_4.o(.data)
    xNumberOfSuccessfulFrees                 0x24000094   Data           4  heap_4.o(.data)
    xBlockAllocatedBit                       0x24000098   Data           4  heap_4.o(.data)
    xStart                                   0x2400009c   Data           8  heap_4.o(.data)
    .data                                    0x240000a4   Section       12  port.o(.data)
    ucMaxSysCallPriority                     0x240000a4   Data           1  port.o(.data)
    uxCriticalNesting                        0x240000a8   Data           4  port.o(.data)
    ulMaxPRIGROUPValue                       0x240000ac   Data           4  port.o(.data)
    .data                                    0x240000b0   Section        8  ad9954.o(.data)
    .data                                    0x240000b8   Section        4  stdout.o(.data)
    .bss                                     0x240000c0   Section    16960  main.o(.bss)
    .bss                                     0x24004300   Section      120  main.o(.bss)
    .bss                                     0x24004378   Section       76  stm32h7xx_hal_timebase_tim.o(.bss)
    .bss                                     0x240043c4   Section       64  queue.o(.bss)
    .bss                                     0x24004404   Section     1220  tasks.o(.bss)
    pxReadyTasksLists                        0x24004404   Data        1120  tasks.o(.bss)
    xDelayedTaskList1                        0x24004864   Data          20  tasks.o(.bss)
    xDelayedTaskList2                        0x24004878   Data          20  tasks.o(.bss)
    xPendingReadyList                        0x2400488c   Data          20  tasks.o(.bss)
    xTasksWaitingTermination                 0x240048a0   Data          20  tasks.o(.bss)
    xSuspendedTaskList                       0x240048b4   Data          20  tasks.o(.bss)
    .bss                                     0x240048c8   Section      280  timers.o(.bss)
    xStaticTimerQueue                        0x240048c8   Data          80  timers.o(.bss)
    ucStaticTimerQueueStorage                0x24004918   Data         160  timers.o(.bss)
    xActiveTimerList1                        0x240049b8   Data          20  timers.o(.bss)
    xActiveTimerList2                        0x240049cc   Data          20  timers.o(.bss)
    .bss                                     0x240049e0   Section     1720  cmsis_os2.o(.bss)
    Idle_TCB                                 0x240049e0   Data          92  cmsis_os2.o(.bss)
    Idle_Stack                               0x24004a3c   Data         512  cmsis_os2.o(.bss)
    Timer_TCB                                0x24004c3c   Data          92  cmsis_os2.o(.bss)
    Timer_Stack                              0x24004c98   Data        1024  cmsis_os2.o(.bss)
    .bss                                     0x24005098   Section    15360  heap_4.o(.bss)
    ucHeap                                   0x24005098   Data       15360  heap_4.o(.bss)
    STACK                                    0x24008c98   Section     1024  startup_stm32h750xx.o(STACK)

    Global Symbols

    Symbol Name                              Value     Ov Type        Size  Object(Section)

    BuildAttributes$$THM_ISAv4$E$P$D$K$B$S$7EM$VFPv5_D16$PE$PLD8$A:L22UL41UL21$X:L11$S22US41US21$IEEE1$IW$USESV6$~STKCKD$USESV7$~SHL$OSPACE$ROPI$EBA8$MICROLIB$REQ8$PRES8$EABIv2 0x00000000   Number         0  anon$$obj.o ABSOLUTE
    __ARM_use_no_argv                        0x00000000   Number         0  main.o ABSOLUTE
    _printf_a                                0x00000000   Number         0  stubs.o ABSOLUTE
    _printf_c                                0x00000000   Number         0  stubs.o ABSOLUTE
    _printf_charcount                        0x00000000   Number         0  stubs.o ABSOLUTE
    _printf_d                                0x00000000   Number         0  stubs.o ABSOLUTE
    _printf_e                                0x00000000   Number         0  stubs.o ABSOLUTE
    _printf_f                                0x00000000   Number         0  stubs.o ABSOLUTE
    _printf_flags                            0x00000000   Number         0  stubs.o ABSOLUTE
    _printf_fp_dec                           0x00000000   Number         0  stubs.o ABSOLUTE
    _printf_fp_hex                           0x00000000   Number         0  stubs.o ABSOLUTE
    _printf_g                                0x00000000   Number         0  stubs.o ABSOLUTE
    _printf_i                                0x00000000   Number         0  stubs.o ABSOLUTE
    _printf_int_dec                          0x00000000   Number         0  stubs.o ABSOLUTE
    _printf_l                                0x00000000   Number         0  stubs.o ABSOLUTE
    _printf_lc                               0x00000000   Number         0  stubs.o ABSOLUTE
    _printf_ll                               0x00000000   Number         0  stubs.o ABSOLUTE
    _printf_lld                              0x00000000   Number         0  stubs.o ABSOLUTE
    _printf_lli                              0x00000000   Number         0  stubs.o ABSOLUTE
    _printf_llo                              0x00000000   Number         0  stubs.o ABSOLUTE
    _printf_llu                              0x00000000   Number         0  stubs.o ABSOLUTE
    _printf_llx                              0x00000000   Number         0  stubs.o ABSOLUTE
    _printf_longlong_dec                     0x00000000   Number         0  stubs.o ABSOLUTE
    _printf_longlong_hex                     0x00000000   Number         0  stubs.o ABSOLUTE
    _printf_longlong_oct                     0x00000000   Number         0  stubs.o ABSOLUTE
    _printf_ls                               0x00000000   Number         0  stubs.o ABSOLUTE
    _printf_mbtowc                           0x00000000   Number         0  stubs.o ABSOLUTE
    _printf_n                                0x00000000   Number         0  stubs.o ABSOLUTE
    _printf_o                                0x00000000   Number         0  stubs.o ABSOLUTE
    _printf_p                                0x00000000   Number         0  stubs.o ABSOLUTE
    _printf_percent                          0x00000000   Number         0  stubs.o ABSOLUTE
    _printf_pre_padding                      0x00000000   Number         0  stubs.o ABSOLUTE
    _printf_return_value                     0x00000000   Number         0  stubs.o ABSOLUTE
    _printf_s                                0x00000000   Number         0  stubs.o ABSOLUTE
    _printf_sizespec                         0x00000000   Number         0  stubs.o ABSOLUTE
    _printf_str                              0x00000000   Number         0  stubs.o ABSOLUTE
    _printf_truncate_signed                  0x00000000   Number         0  stubs.o ABSOLUTE
    _printf_truncate_unsigned                0x00000000   Number         0  stubs.o ABSOLUTE
    _printf_u                                0x00000000   Number         0  stubs.o ABSOLUTE
    _printf_wc                               0x00000000   Number         0  stubs.o ABSOLUTE
    _printf_wctomb                           0x00000000   Number         0  stubs.o ABSOLUTE
    _printf_widthprec                        0x00000000   Number         0  stubs.o ABSOLUTE
    _printf_x                                0x00000000   Number         0  stubs.o ABSOLUTE
    __arm_fini_                               - Undefined Weak Reference
    __cpp_initialize__aeabi_                  - Undefined Weak Reference
    __cxa_finalize                            - Undefined Weak Reference
    __decompress                              - Undefined Weak Reference
    _clock_init                               - Undefined Weak Reference
    _microlib_exit                            - Undefined Weak Reference
    __Vectors_Size                           0x00000298   Number         0  startup_stm32h750xx.o ABSOLUTE
    __Vectors                                0x08000000   Data           4  startup_stm32h750xx.o(RESET)
    __Vectors_End                            0x08000298   Data           0  startup_stm32h750xx.o(RESET)
    __main                                   0x08000299   Thumb Code     0  entry.o(.ARM.Collect$$$$00000000)
    _main_stk                                0x08000299   Thumb Code     0  entry2.o(.ARM.Collect$$$$00000001)
    _main_scatterload                        0x0800029d   Thumb Code     0  entry5.o(.ARM.Collect$$$$00000004)
    __main_after_scatterload                 0x080002a1   Thumb Code     0  entry5.o(.ARM.Collect$$$$00000004)
    _main_clock                              0x080002a1   Thumb Code     0  entry7b.o(.ARM.Collect$$$$00000008)
    _main_cpp_init                           0x080002a1   Thumb Code     0  entry8b.o(.ARM.Collect$$$$0000000A)
    _main_init                               0x080002a1   Thumb Code     0  entry9a.o(.ARM.Collect$$$$0000000B)
    __rt_lib_shutdown_fini                   0x080002a9   Thumb Code     0  entry12b.o(.ARM.Collect$$$$0000000E)
    __rt_final_cpp                           0x080002ad   Thumb Code     0  entry10a.o(.ARM.Collect$$$$0000000F)
    __rt_final_exit                          0x080002ad   Thumb Code     0  entry11a.o(.ARM.Collect$$$$00000011)
    SVC_Handler                              0x080002b1   Thumb Code    28  port.o(.emb_text)
    __asm___6_port_c_39a90d8d__prvStartFirstTask 0x080002d1   Thumb Code    36  port.o(.emb_text)
    __asm___6_port_c_39a90d8d__prvEnableVFP  0x080002f9   Thumb Code    16  port.o(.emb_text)
    PendSV_Handler                           0x0800030d   Thumb Code    88  port.o(.emb_text)
    vPortGetIPSR                             0x08000369   Thumb Code     6  port.o(.emb_text)
    Reset_Handler                            0x08000371   Thumb Code     8  startup_stm32h750xx.o(.text)
    ADC3_IRQHandler                          0x0800038b   Thumb Code     0  startup_stm32h750xx.o(.text)
    ADC_IRQHandler                           0x0800038b   Thumb Code     0  startup_stm32h750xx.o(.text)
    BDMA_Channel0_IRQHandler                 0x0800038b   Thumb Code     0  startup_stm32h750xx.o(.text)
    BDMA_Channel1_IRQHandler                 0x0800038b   Thumb Code     0  startup_stm32h750xx.o(.text)
    BDMA_Channel2_IRQHandler                 0x0800038b   Thumb Code     0  startup_stm32h750xx.o(.text)
    BDMA_Channel3_IRQHandler                 0x0800038b   Thumb Code     0  startup_stm32h750xx.o(.text)
    BDMA_Channel4_IRQHandler                 0x0800038b   Thumb Code     0  startup_stm32h750xx.o(.text)
    BDMA_Channel5_IRQHandler                 0x0800038b   Thumb Code     0  startup_stm32h750xx.o(.text)
    BDMA_Channel6_IRQHandler                 0x0800038b   Thumb Code     0  startup_stm32h750xx.o(.text)
    BDMA_Channel7_IRQHandler                 0x0800038b   Thumb Code     0  startup_stm32h750xx.o(.text)
    CEC_IRQHandler                           0x0800038b   Thumb Code     0  startup_stm32h750xx.o(.text)
    COMP1_IRQHandler                         0x0800038b   Thumb Code     0  startup_stm32h750xx.o(.text)
    CRS_IRQHandler                           0x0800038b   Thumb Code     0  startup_stm32h750xx.o(.text)
    CRYP_IRQHandler                          0x0800038b   Thumb Code     0  startup_stm32h750xx.o(.text)
    DCMI_IRQHandler                          0x0800038b   Thumb Code     0  startup_stm32h750xx.o(.text)
    DFSDM1_FLT0_IRQHandler                   0x0800038b   Thumb Code     0  startup_stm32h750xx.o(.text)
    DFSDM1_FLT1_IRQHandler                   0x0800038b   Thumb Code     0  startup_stm32h750xx.o(.text)
    DFSDM1_FLT2_IRQHandler                   0x0800038b   Thumb Code     0  startup_stm32h750xx.o(.text)
    DFSDM1_FLT3_IRQHandler                   0x0800038b   Thumb Code     0  startup_stm32h750xx.o(.text)
    DMA1_Stream1_IRQHandler                  0x0800038b   Thumb Code     0  startup_stm32h750xx.o(.text)
    DMA1_Stream2_IRQHandler                  0x0800038b   Thumb Code     0  startup_stm32h750xx.o(.text)
    DMA1_Stream3_IRQHandler                  0x0800038b   Thumb Code     0  startup_stm32h750xx.o(.text)
    DMA1_Stream4_IRQHandler                  0x0800038b   Thumb Code     0  startup_stm32h750xx.o(.text)
    DMA1_Stream5_IRQHandler                  0x0800038b   Thumb Code     0  startup_stm32h750xx.o(.text)
    DMA1_Stream6_IRQHandler                  0x0800038b   Thumb Code     0  startup_stm32h750xx.o(.text)
    DMA1_Stream7_IRQHandler                  0x0800038b   Thumb Code     0  startup_stm32h750xx.o(.text)
    DMA2D_IRQHandler                         0x0800038b   Thumb Code     0  startup_stm32h750xx.o(.text)
    DMA2_Stream0_IRQHandler                  0x0800038b   Thumb Code     0  startup_stm32h750xx.o(.text)
    DMA2_Stream1_IRQHandler                  0x0800038b   Thumb Code     0  startup_stm32h750xx.o(.text)
    DMA2_Stream2_IRQHandler                  0x0800038b   Thumb Code     0  startup_stm32h750xx.o(.text)
    DMA2_Stream3_IRQHandler                  0x0800038b   Thumb Code     0  startup_stm32h750xx.o(.text)
    DMA2_Stream4_IRQHandler                  0x0800038b   Thumb Code     0  startup_stm32h750xx.o(.text)
    DMA2_Stream5_IRQHandler                  0x0800038b   Thumb Code     0  startup_stm32h750xx.o(.text)
    DMA2_Stream6_IRQHandler                  0x0800038b   Thumb Code     0  startup_stm32h750xx.o(.text)
    DMA2_Stream7_IRQHandler                  0x0800038b   Thumb Code     0  startup_stm32h750xx.o(.text)
    DMAMUX1_OVR_IRQHandler                   0x0800038b   Thumb Code     0  startup_stm32h750xx.o(.text)
    DMAMUX2_OVR_IRQHandler                   0x0800038b   Thumb Code     0  startup_stm32h750xx.o(.text)
    ECC_IRQHandler                           0x0800038b   Thumb Code     0  startup_stm32h750xx.o(.text)
    ETH_IRQHandler                           0x0800038b   Thumb Code     0  startup_stm32h750xx.o(.text)
    ETH_WKUP_IRQHandler                      0x0800038b   Thumb Code     0  startup_stm32h750xx.o(.text)
    EXTI0_IRQHandler                         0x0800038b   Thumb Code     0  startup_stm32h750xx.o(.text)
    EXTI15_10_IRQHandler                     0x0800038b   Thumb Code     0  startup_stm32h750xx.o(.text)
    EXTI1_IRQHandler                         0x0800038b   Thumb Code     0  startup_stm32h750xx.o(.text)
    EXTI2_IRQHandler                         0x0800038b   Thumb Code     0  startup_stm32h750xx.o(.text)
    EXTI3_IRQHandler                         0x0800038b   Thumb Code     0  startup_stm32h750xx.o(.text)
    EXTI4_IRQHandler                         0x0800038b   Thumb Code     0  startup_stm32h750xx.o(.text)
    EXTI9_5_IRQHandler                       0x0800038b   Thumb Code     0  startup_stm32h750xx.o(.text)
    FDCAN1_IT0_IRQHandler                    0x0800038b   Thumb Code     0  startup_stm32h750xx.o(.text)
    FDCAN1_IT1_IRQHandler                    0x0800038b   Thumb Code     0  startup_stm32h750xx.o(.text)
    FDCAN2_IT0_IRQHandler                    0x0800038b   Thumb Code     0  startup_stm32h750xx.o(.text)
    FDCAN2_IT1_IRQHandler                    0x0800038b   Thumb Code     0  startup_stm32h750xx.o(.text)
    FDCAN_CAL_IRQHandler                     0x0800038b   Thumb Code     0  startup_stm32h750xx.o(.text)
    FLASH_IRQHandler                         0x0800038b   Thumb Code     0  startup_stm32h750xx.o(.text)
    FMC_IRQHandler                           0x0800038b   Thumb Code     0  startup_stm32h750xx.o(.text)
    FPU_IRQHandler                           0x0800038b   Thumb Code     0  startup_stm32h750xx.o(.text)
    HASH_RNG_IRQHandler                      0x0800038b   Thumb Code     0  startup_stm32h750xx.o(.text)
    HRTIM1_FLT_IRQHandler                    0x0800038b   Thumb Code     0  startup_stm32h750xx.o(.text)
    HRTIM1_Master_IRQHandler                 0x0800038b   Thumb Code     0  startup_stm32h750xx.o(.text)
    HRTIM1_TIMA_IRQHandler                   0x0800038b   Thumb Code     0  startup_stm32h750xx.o(.text)
    HRTIM1_TIMB_IRQHandler                   0x0800038b   Thumb Code     0  startup_stm32h750xx.o(.text)
    HRTIM1_TIMC_IRQHandler                   0x0800038b   Thumb Code     0  startup_stm32h750xx.o(.text)
    HRTIM1_TIMD_IRQHandler                   0x0800038b   Thumb Code     0  startup_stm32h750xx.o(.text)
    HRTIM1_TIME_IRQHandler                   0x0800038b   Thumb Code     0  startup_stm32h750xx.o(.text)
    HSEM1_IRQHandler                         0x0800038b   Thumb Code     0  startup_stm32h750xx.o(.text)
    I2C1_ER_IRQHandler                       0x0800038b   Thumb Code     0  startup_stm32h750xx.o(.text)
    I2C1_EV_IRQHandler                       0x0800038b   Thumb Code     0  startup_stm32h750xx.o(.text)
    I2C2_ER_IRQHandler                       0x0800038b   Thumb Code     0  startup_stm32h750xx.o(.text)
    I2C2_EV_IRQHandler                       0x0800038b   Thumb Code     0  startup_stm32h750xx.o(.text)
    I2C3_ER_IRQHandler                       0x0800038b   Thumb Code     0  startup_stm32h750xx.o(.text)
    I2C3_EV_IRQHandler                       0x0800038b   Thumb Code     0  startup_stm32h750xx.o(.text)
    I2C4_ER_IRQHandler                       0x0800038b   Thumb Code     0  startup_stm32h750xx.o(.text)
    I2C4_EV_IRQHandler                       0x0800038b   Thumb Code     0  startup_stm32h750xx.o(.text)
    JPEG_IRQHandler                          0x0800038b   Thumb Code     0  startup_stm32h750xx.o(.text)
    LPTIM1_IRQHandler                        0x0800038b   Thumb Code     0  startup_stm32h750xx.o(.text)
    LPTIM2_IRQHandler                        0x0800038b   Thumb Code     0  startup_stm32h750xx.o(.text)
    LPTIM3_IRQHandler                        0x0800038b   Thumb Code     0  startup_stm32h750xx.o(.text)
    LPTIM4_IRQHandler                        0x0800038b   Thumb Code     0  startup_stm32h750xx.o(.text)
    LPTIM5_IRQHandler                        0x0800038b   Thumb Code     0  startup_stm32h750xx.o(.text)
    LPUART1_IRQHandler                       0x0800038b   Thumb Code     0  startup_stm32h750xx.o(.text)
    LTDC_ER_IRQHandler                       0x0800038b   Thumb Code     0  startup_stm32h750xx.o(.text)
    LTDC_IRQHandler                          0x0800038b   Thumb Code     0  startup_stm32h750xx.o(.text)
    MDIOS_IRQHandler                         0x0800038b   Thumb Code     0  startup_stm32h750xx.o(.text)
    MDIOS_WKUP_IRQHandler                    0x0800038b   Thumb Code     0  startup_stm32h750xx.o(.text)
    MDMA_IRQHandler                          0x0800038b   Thumb Code     0  startup_stm32h750xx.o(.text)
    OTG_FS_EP1_IN_IRQHandler                 0x0800038b   Thumb Code     0  startup_stm32h750xx.o(.text)
    OTG_FS_EP1_OUT_IRQHandler                0x0800038b   Thumb Code     0  startup_stm32h750xx.o(.text)
    OTG_FS_IRQHandler                        0x0800038b   Thumb Code     0  startup_stm32h750xx.o(.text)
    OTG_FS_WKUP_IRQHandler                   0x0800038b   Thumb Code     0  startup_stm32h750xx.o(.text)
    OTG_HS_EP1_IN_IRQHandler                 0x0800038b   Thumb Code     0  startup_stm32h750xx.o(.text)
    OTG_HS_EP1_OUT_IRQHandler                0x0800038b   Thumb Code     0  startup_stm32h750xx.o(.text)
    OTG_HS_IRQHandler                        0x0800038b   Thumb Code     0  startup_stm32h750xx.o(.text)
    OTG_HS_WKUP_IRQHandler                   0x0800038b   Thumb Code     0  startup_stm32h750xx.o(.text)
    PVD_AVD_IRQHandler                       0x0800038b   Thumb Code     0  startup_stm32h750xx.o(.text)
    QUADSPI_IRQHandler                       0x0800038b   Thumb Code     0  startup_stm32h750xx.o(.text)
    RCC_IRQHandler                           0x0800038b   Thumb Code     0  startup_stm32h750xx.o(.text)
    RTC_Alarm_IRQHandler                     0x0800038b   Thumb Code     0  startup_stm32h750xx.o(.text)
    RTC_WKUP_IRQHandler                      0x0800038b   Thumb Code     0  startup_stm32h750xx.o(.text)
    SAI1_IRQHandler                          0x0800038b   Thumb Code     0  startup_stm32h750xx.o(.text)
    SAI2_IRQHandler                          0x0800038b   Thumb Code     0  startup_stm32h750xx.o(.text)
    SAI3_IRQHandler                          0x0800038b   Thumb Code     0  startup_stm32h750xx.o(.text)
    SAI4_IRQHandler                          0x0800038b   Thumb Code     0  startup_stm32h750xx.o(.text)
    SDMMC1_IRQHandler                        0x0800038b   Thumb Code     0  startup_stm32h750xx.o(.text)
    SDMMC2_IRQHandler                        0x0800038b   Thumb Code     0  startup_stm32h750xx.o(.text)
    SPDIF_RX_IRQHandler                      0x0800038b   Thumb Code     0  startup_stm32h750xx.o(.text)
    SPI1_IRQHandler                          0x0800038b   Thumb Code     0  startup_stm32h750xx.o(.text)
    SPI2_IRQHandler                          0x0800038b   Thumb Code     0  startup_stm32h750xx.o(.text)
    SPI3_IRQHandler                          0x0800038b   Thumb Code     0  startup_stm32h750xx.o(.text)
    SPI4_IRQHandler                          0x0800038b   Thumb Code     0  startup_stm32h750xx.o(.text)
    SPI5_IRQHandler                          0x0800038b   Thumb Code     0  startup_stm32h750xx.o(.text)
    SPI6_IRQHandler                          0x0800038b   Thumb Code     0  startup_stm32h750xx.o(.text)
    SWPMI1_IRQHandler                        0x0800038b   Thumb Code     0  startup_stm32h750xx.o(.text)
    TAMP_STAMP_IRQHandler                    0x0800038b   Thumb Code     0  startup_stm32h750xx.o(.text)
    TIM15_IRQHandler                         0x0800038b   Thumb Code     0  startup_stm32h750xx.o(.text)
    TIM16_IRQHandler                         0x0800038b   Thumb Code     0  startup_stm32h750xx.o(.text)
    TIM17_IRQHandler                         0x0800038b   Thumb Code     0  startup_stm32h750xx.o(.text)
    TIM1_BRK_IRQHandler                      0x0800038b   Thumb Code     0  startup_stm32h750xx.o(.text)
    TIM1_CC_IRQHandler                       0x0800038b   Thumb Code     0  startup_stm32h750xx.o(.text)
    TIM1_TRG_COM_IRQHandler                  0x0800038b   Thumb Code     0  startup_stm32h750xx.o(.text)
    TIM2_IRQHandler                          0x0800038b   Thumb Code     0  startup_stm32h750xx.o(.text)
    TIM3_IRQHandler                          0x0800038b   Thumb Code     0  startup_stm32h750xx.o(.text)
    TIM4_IRQHandler                          0x0800038b   Thumb Code     0  startup_stm32h750xx.o(.text)
    TIM5_IRQHandler                          0x0800038b   Thumb Code     0  startup_stm32h750xx.o(.text)
    TIM6_DAC_IRQHandler                      0x0800038b   Thumb Code     0  startup_stm32h750xx.o(.text)
    TIM7_IRQHandler                          0x0800038b   Thumb Code     0  startup_stm32h750xx.o(.text)
    TIM8_BRK_TIM12_IRQHandler                0x0800038b   Thumb Code     0  startup_stm32h750xx.o(.text)
    TIM8_CC_IRQHandler                       0x0800038b   Thumb Code     0  startup_stm32h750xx.o(.text)
    TIM8_TRG_COM_TIM14_IRQHandler            0x0800038b   Thumb Code     0  startup_stm32h750xx.o(.text)
    TIM8_UP_TIM13_IRQHandler                 0x0800038b   Thumb Code     0  startup_stm32h750xx.o(.text)
    UART4_IRQHandler                         0x0800038b   Thumb Code     0  startup_stm32h750xx.o(.text)
    UART5_IRQHandler                         0x0800038b   Thumb Code     0  startup_stm32h750xx.o(.text)
    UART7_IRQHandler                         0x0800038b   Thumb Code     0  startup_stm32h750xx.o(.text)
    UART8_IRQHandler                         0x0800038b   Thumb Code     0  startup_stm32h750xx.o(.text)
    USART1_IRQHandler                        0x0800038b   Thumb Code     0  startup_stm32h750xx.o(.text)
    USART2_IRQHandler                        0x0800038b   Thumb Code     0  startup_stm32h750xx.o(.text)
    USART3_IRQHandler                        0x0800038b   Thumb Code     0  startup_stm32h750xx.o(.text)
    USART6_IRQHandler                        0x0800038b   Thumb Code     0  startup_stm32h750xx.o(.text)
    WAKEUP_PIN_IRQHandler                    0x0800038b   Thumb Code     0  startup_stm32h750xx.o(.text)
    WWDG_IRQHandler                          0x0800038b   Thumb Code     0  startup_stm32h750xx.o(.text)
    __aeabi_uldivmod                         0x08000395   Thumb Code    98  uldiv.o(.text)
    __aeabi_memcpy                           0x080003f7   Thumb Code    36  memcpya.o(.text)
    __aeabi_memcpy4                          0x080003f7   Thumb Code     0  memcpya.o(.text)
    __aeabi_memcpy8                          0x080003f7   Thumb Code     0  memcpya.o(.text)
    __aeabi_memset                           0x0800041b   Thumb Code    14  memseta.o(.text)
    __aeabi_memset4                          0x0800041b   Thumb Code     0  memseta.o(.text)
    __aeabi_memset8                          0x0800041b   Thumb Code     0  memseta.o(.text)
    __aeabi_memclr                           0x08000429   Thumb Code     4  memseta.o(.text)
    __aeabi_memclr4                          0x08000429   Thumb Code     0  memseta.o(.text)
    __aeabi_memclr8                          0x08000429   Thumb Code     0  memseta.o(.text)
    memset                                   0x0800042d   Thumb Code    18  memseta.o(.text)
    __aeabi_uidiv                            0x0800043f   Thumb Code     0  uidiv.o(.text)
    __aeabi_uidivmod                         0x0800043f   Thumb Code    44  uidiv.o(.text)
    __aeabi_llsl                             0x0800046b   Thumb Code    30  llshl.o(.text)
    _ll_shift_l                              0x0800046b   Thumb Code     0  llshl.o(.text)
    __aeabi_llsr                             0x08000489   Thumb Code    32  llushr.o(.text)
    _ll_ushift_r                             0x08000489   Thumb Code     0  llushr.o(.text)
    __I$use$fp                               0x080004a9   Thumb Code     0  iusefp.o(.text)
    __aeabi_dadd                             0x080004a9   Thumb Code   322  dadd.o(.text)
    __aeabi_dsub                             0x080005eb   Thumb Code     6  dadd.o(.text)
    __aeabi_drsub                            0x080005f1   Thumb Code     6  dadd.o(.text)
    __aeabi_dmul                             0x080005f7   Thumb Code   228  dmul.o(.text)
    __aeabi_ddiv                             0x080006db   Thumb Code   222  ddiv.o(.text)
    __aeabi_d2ulz                            0x080007b9   Thumb Code    48  dfixul.o(.text)
    __aeabi_cdrcmple                         0x080007e9   Thumb Code    48  cdrcmple.o(.text)
    __scatterload                            0x08000819   Thumb Code    28  init.o(.text)
    __scatterload_rt2                        0x08000819   Thumb Code     0  init.o(.text)
    __aeabi_lasr                             0x0800083d   Thumb Code    36  llsshr.o(.text)
    _ll_sshift_r                             0x0800083d   Thumb Code     0  llsshr.o(.text)
    _double_round                            0x08000861   Thumb Code    30  depilogue.o(.text)
    _double_epilogue                         0x0800087f   Thumb Code   156  depilogue.o(.text)
    AD9954_GPIO_Init                         0x0800091d   Thumb Code   124  ad9954.o(i.AD9954_GPIO_Init)
    AD9954_Init                              0x080009a5   Thumb Code   104  ad9954.o(i.AD9954_Init)
    AD9954_RESET                             0x08000a11   Thumb Code    68  ad9954.o(i.AD9954_RESET)
    AD9954_Send_Byte                         0x08000a59   Thumb Code    84  ad9954.o(i.AD9954_Send_Byte)
    AD9954_Set_Amp                           0x08000ab1   Thumb Code    60  ad9954.o(i.AD9954_Set_Amp)
    AD9954_Set_Fre                           0x08000af1   Thumb Code    74  ad9954.o(i.AD9954_Set_Fre)
    AD9954_Set_Phase                         0x08000b41   Thumb Code    60  ad9954.o(i.AD9954_Set_Phase)
    AD9954_Write_nByte                       0x08000b81   Thumb Code    30  ad9954.o(i.AD9954_Write_nByte)
    ADC_ConfigureBoostMode                   0x08000ba1   Thumb Code   236  stm32h7xx_hal_adc.o(i.ADC_ConfigureBoostMode)
    ADC_ConversionStop                       0x08000ca9   Thumb Code   220  stm32h7xx_hal_adc.o(i.ADC_ConversionStop)
    ADC_DMAConvCplt                          0x08000d8d   Thumb Code   104  stm32h7xx_hal_adc.o(i.ADC_DMAConvCplt)
    ADC_DMAError                             0x08000df5   Thumb Code    26  stm32h7xx_hal_adc.o(i.ADC_DMAError)
    ADC_DMAHalfConvCplt                      0x08000e0f   Thumb Code    10  stm32h7xx_hal_adc.o(i.ADC_DMAHalfConvCplt)
    ADC_Disable                              0x08000e19   Thumb Code   106  stm32h7xx_hal_adc.o(i.ADC_Disable)
    ADC_Enable                               0x08000e89   Thumb Code   148  stm32h7xx_hal_adc.o(i.ADC_Enable)
    BusFault_Handler                         0x08000f31   Thumb Code     2  stm32h7xx_it.o(i.BusFault_Handler)
    DMA1_Stream0_IRQHandler                  0x08000f35   Thumb Code     6  stm32h7xx_it.o(i.DMA1_Stream0_IRQHandler)
    DebugMon_Handler                         0x08001379   Thumb Code     2  stm32h7xx_it.o(i.DebugMon_Handler)
    Error_Handler                            0x0800137b   Thumb Code     4  main.o(i.Error_Handler)
    Get_FTW                                  0x08001381   Thumb Code    20  ad9954.o(i.Get_FTW)
    HAL_ADCEx_Calibration_Start              0x08001399   Thumb Code   146  stm32h7xx_hal_adc_ex.o(i.HAL_ADCEx_Calibration_Start)
    HAL_ADCEx_MultiModeConfigChannel         0x08001435   Thumb Code   274  stm32h7xx_hal_adc_ex.o(i.HAL_ADCEx_MultiModeConfigChannel)
    HAL_ADCEx_MultiModeStart_DMA             0x0800155d   Thumb Code   248  stm32h7xx_hal_adc_ex.o(i.HAL_ADCEx_MultiModeStart_DMA)
    HAL_ADCEx_MultiModeStop_DMA              0x08001675   Thumb Code   230  stm32h7xx_hal_adc_ex.o(i.HAL_ADCEx_MultiModeStop_DMA)
    HAL_ADC_ConfigChannel                    0x08001765   Thumb Code   926  stm32h7xx_hal_adc.o(i.HAL_ADC_ConfigChannel)
    HAL_ADC_ConvCpltCallback                 0x08001b3d   Thumb Code    18  main.o(i.HAL_ADC_ConvCpltCallback)
    HAL_ADC_ConvHalfCpltCallback             0x08001b59   Thumb Code     2  stm32h7xx_hal_adc.o(i.HAL_ADC_ConvHalfCpltCallback)
    HAL_ADC_ErrorCallback                    0x08001b5b   Thumb Code     2  stm32h7xx_hal_adc.o(i.HAL_ADC_ErrorCallback)
    HAL_ADC_Init                             0x08001b5d   Thumb Code   498  stm32h7xx_hal_adc.o(i.HAL_ADC_Init)
    HAL_ADC_MspInit                          0x08001d85   Thumb Code   220  stm32h7xx_hal_msp.o(i.HAL_ADC_MspInit)
    HAL_ADC_Start                            0x08001e7d   Thumb Code   242  stm32h7xx_hal_adc.o(i.HAL_ADC_Start)
    HAL_DMA_Abort                            0x08001f85   Thumb Code   836  stm32h7xx_hal_dma.o(i.HAL_DMA_Abort)
    HAL_DMA_IRQHandler                       0x080022e5   Thumb Code  1756  stm32h7xx_hal_dma.o(i.HAL_DMA_IRQHandler)
    HAL_DMA_Init                             0x080029cd   Thumb Code   926  stm32h7xx_hal_dma.o(i.HAL_DMA_Init)
    HAL_DMA_Start_IT                         0x08002d91   Thumb Code   628  stm32h7xx_hal_dma.o(i.HAL_DMA_Start_IT)
    HAL_GPIO_Init                            0x0800302d   Thumb Code   506  stm32h7xx_hal_gpio.o(i.HAL_GPIO_Init)
    HAL_GPIO_WritePin                        0x08003259   Thumb Code    10  stm32h7xx_hal_gpio.o(i.HAL_GPIO_WritePin)
    HAL_GetREVID                             0x08003265   Thumb Code     8  stm32h7xx_hal.o(i.HAL_GetREVID)
    HAL_GetTick                              0x08003271   Thumb Code     6  stm32h7xx_hal.o(i.HAL_GetTick)
    HAL_I2CEx_ConfigAnalogFilter             0x0800327d   Thumb Code    88  stm32h7xx_hal_i2c_ex.o(i.HAL_I2CEx_ConfigAnalogFilter)
    HAL_I2CEx_ConfigDigitalFilter            0x080032d5   Thumb Code    84  stm32h7xx_hal_i2c_ex.o(i.HAL_I2CEx_ConfigDigitalFilter)
    HAL_I2C_Init                             0x08003329   Thumb Code   186  stm32h7xx_hal_i2c.o(i.HAL_I2C_Init)
    HAL_I2C_MspInit                          0x080033e9   Thumb Code   120  stm32h7xx_hal_msp.o(i.HAL_I2C_MspInit)
    HAL_IncTick                              0x0800346d   Thumb Code    12  stm32h7xx_hal.o(i.HAL_IncTick)
    HAL_Init                                 0x0800347d   Thumb Code    74  stm32h7xx_hal.o(i.HAL_Init)
    HAL_InitTick                             0x080034d9   Thumb Code   110  stm32h7xx_hal_timebase_tim.o(i.HAL_InitTick)
    HAL_MPU_ConfigRegion                     0x0800355d   Thumb Code    86  stm32h7xx_hal_cortex.o(i.HAL_MPU_ConfigRegion)
    HAL_MPU_Disable                          0x080035b9   Thumb Code    24  stm32h7xx_hal_cortex.o(i.HAL_MPU_Disable)
    HAL_MPU_Enable                           0x080035d5   Thumb Code    30  stm32h7xx_hal_cortex.o(i.HAL_MPU_Enable)
    HAL_MspInit                              0x080035f9   Thumb Code    32  stm32h7xx_hal_msp.o(i.HAL_MspInit)
    HAL_NVIC_EnableIRQ                       0x0800361d   Thumb Code    26  stm32h7xx_hal_cortex.o(i.HAL_NVIC_EnableIRQ)
    HAL_NVIC_SetPriority                     0x08003639   Thumb Code    60  stm32h7xx_hal_cortex.o(i.HAL_NVIC_SetPriority)
    HAL_NVIC_SetPriorityGrouping             0x08003679   Thumb Code    28  stm32h7xx_hal_cortex.o(i.HAL_NVIC_SetPriorityGrouping)
    HAL_PWREx_ConfigSupply                   0x0800369d   Thumb Code    78  stm32h7xx_hal_pwr_ex.o(i.HAL_PWREx_ConfigSupply)
    HAL_RCCEx_GetD3PCLK1Freq                 0x080036f1   Thumb Code    26  stm32h7xx_hal_rcc_ex.o(i.HAL_RCCEx_GetD3PCLK1Freq)
    HAL_RCCEx_GetPLL1ClockFreq               0x08003715   Thumb Code   298  stm32h7xx_hal_rcc_ex.o(i.HAL_RCCEx_GetPLL1ClockFreq)
    HAL_RCCEx_GetPLL2ClockFreq               0x0800385d   Thumb Code   296  stm32h7xx_hal_rcc_ex.o(i.HAL_RCCEx_GetPLL2ClockFreq)
    HAL_RCCEx_GetPLL3ClockFreq               0x080039a1   Thumb Code   296  stm32h7xx_hal_rcc_ex.o(i.HAL_RCCEx_GetPLL3ClockFreq)
    HAL_RCCEx_GetPeriphCLKFreq               0x08003ae5   Thumb Code   692  stm32h7xx_hal_rcc_ex.o(i.HAL_RCCEx_GetPeriphCLKFreq)
    HAL_RCCEx_PeriphCLKConfig                0x08003dad   Thumb Code  2472  stm32h7xx_hal_rcc_ex.o(i.HAL_RCCEx_PeriphCLKConfig)
    HAL_RCC_ClockConfig                      0x08004759   Thumb Code   580  stm32h7xx_hal_rcc.o(i.HAL_RCC_ClockConfig)
    HAL_RCC_GetClockConfig                   0x080049b5   Thumb Code    84  stm32h7xx_hal_rcc.o(i.HAL_RCC_GetClockConfig)
    HAL_RCC_GetHCLKFreq                      0x08004a11   Thumb Code    52  stm32h7xx_hal_rcc.o(i.HAL_RCC_GetHCLKFreq)
    HAL_RCC_GetPCLK1Freq                     0x08004a55   Thumb Code    26  stm32h7xx_hal_rcc.o(i.HAL_RCC_GetPCLK1Freq)
    HAL_RCC_GetPCLK2Freq                     0x08004a79   Thumb Code    26  stm32h7xx_hal_rcc.o(i.HAL_RCC_GetPCLK2Freq)
    HAL_RCC_GetSysClockFreq                  0x08004a9d   Thumb Code   278  stm32h7xx_hal_rcc.o(i.HAL_RCC_GetSysClockFreq)
    HAL_RCC_OscConfig                        0x08004bd5   Thumb Code  1410  stm32h7xx_hal_rcc.o(i.HAL_RCC_OscConfig)
    HAL_SPI_Init                             0x08005159   Thumb Code   366  stm32h7xx_hal_spi.o(i.HAL_SPI_Init)
    HAL_SPI_MspInit                          0x080052d5   Thumb Code   214  stm32h7xx_hal_msp.o(i.HAL_SPI_MspInit)
    HAL_TIMEx_Break2Callback                 0x080053c1   Thumb Code     2  stm32h7xx_hal_tim_ex.o(i.HAL_TIMEx_Break2Callback)
    HAL_TIMEx_BreakCallback                  0x080053c3   Thumb Code     2  stm32h7xx_hal_tim_ex.o(i.HAL_TIMEx_BreakCallback)
    HAL_TIMEx_CommutCallback                 0x080053c5   Thumb Code     2  stm32h7xx_hal_tim_ex.o(i.HAL_TIMEx_CommutCallback)
    HAL_TIM_Base_Init                        0x080053c7   Thumb Code    98  stm32h7xx_hal_tim.o(i.HAL_TIM_Base_Init)
    HAL_TIM_Base_MspInit                     0x08005429   Thumb Code     2  stm32h7xx_hal_tim.o(i.HAL_TIM_Base_MspInit)
    HAL_TIM_Base_Start_IT                    0x0800542d   Thumb Code   106  stm32h7xx_hal_tim.o(i.HAL_TIM_Base_Start_IT)
    HAL_TIM_IC_CaptureCallback               0x080054b9   Thumb Code     2  stm32h7xx_hal_tim.o(i.HAL_TIM_IC_CaptureCallback)
    HAL_TIM_IRQHandler                       0x080054bb   Thumb Code   328  stm32h7xx_hal_tim.o(i.HAL_TIM_IRQHandler)
    HAL_TIM_OC_DelayElapsedCallback          0x08005603   Thumb Code     2  stm32h7xx_hal_tim.o(i.HAL_TIM_OC_DelayElapsedCallback)
    HAL_TIM_PWM_PulseFinishedCallback        0x08005605   Thumb Code     2  stm32h7xx_hal_tim.o(i.HAL_TIM_PWM_PulseFinishedCallback)
    HAL_TIM_PeriodElapsedCallback            0x08005609   Thumb Code    14  main.o(i.HAL_TIM_PeriodElapsedCallback)
    HAL_TIM_TriggerCallback                  0x0800561d   Thumb Code     2  stm32h7xx_hal_tim.o(i.HAL_TIM_TriggerCallback)
    HAL_UARTEx_DisableFifoMode               0x0800561f   Thumb Code    64  stm32h7xx_hal_uart_ex.o(i.HAL_UARTEx_DisableFifoMode)
    HAL_UARTEx_SetRxFifoThreshold            0x0800565f   Thumb Code    76  stm32h7xx_hal_uart_ex.o(i.HAL_UARTEx_SetRxFifoThreshold)
    HAL_UARTEx_SetTxFifoThreshold            0x080056ab   Thumb Code    76  stm32h7xx_hal_uart_ex.o(i.HAL_UARTEx_SetTxFifoThreshold)
    HAL_UART_Init                            0x080056f7   Thumb Code   106  stm32h7xx_hal_uart.o(i.HAL_UART_Init)
    HAL_UART_MspInit                         0x08005761   Thumb Code   122  stm32h7xx_hal_msp.o(i.HAL_UART_MspInit)
    HAL_UART_Transmit                        0x080057e9   Thumb Code   176  stm32h7xx_hal_uart.o(i.HAL_UART_Transmit)
    HardFault_Handler                        0x08005899   Thumb Code     2  stm32h7xx_it.o(i.HardFault_Handler)
    MemManage_Handler                        0x08005c11   Thumb Code     2  stm32h7xx_it.o(i.MemManage_Handler)
    NMI_Handler                              0x08005c13   Thumb Code     2  stm32h7xx_it.o(i.NMI_Handler)
    PeriphCommonClock_Config                 0x08005c15   Thumb Code    66  main.o(i.PeriphCommonClock_Config)
    StartDefaultTask                         0x08005f81   Thumb Code    92  main.o(i.StartDefaultTask)
    SysTick_Handler                          0x0800605d   Thumb Code    26  cmsis_os2.o(i.SysTick_Handler)
    SystemClock_Config                       0x08006079   Thumb Code   158  main.o(i.SystemClock_Config)
    SystemInit                               0x08006121   Thumb Code   180  system_stm32h7xx.o(i.SystemInit)
    TIM1_UP_IRQHandler                       0x080061fd   Thumb Code     6  stm32h7xx_it.o(i.TIM1_UP_IRQHandler)
    TIM_Base_SetConfig                       0x08006209   Thumb Code   176  stm32h7xx_hal_tim.o(i.TIM_Base_SetConfig)
    UART_AdvFeatureConfig                    0x0800631d   Thumb Code   200  stm32h7xx_hal_uart.o(i.UART_AdvFeatureConfig)
    UART_CheckIdleState                      0x080063e5   Thumb Code   170  stm32h7xx_hal_uart.o(i.UART_CheckIdleState)
    UART_SetConfig                           0x080064e5   Thumb Code   876  stm32h7xx_hal_uart.o(i.UART_SetConfig)
    UART_WaitOnFlagUntilTimeout              0x08006891   Thumb Code   148  stm32h7xx_hal_uart.o(i.UART_WaitOnFlagUntilTimeout)
    UPDATE                                   0x08006925   Thumb Code    36  ad9954.o(i.UPDATE)
    UsageFault_Handler                       0x0800694d   Thumb Code     2  stm32h7xx_it.o(i.UsageFault_Handler)
    __0printf                                0x08006951   Thumb Code    22  printfa.o(i.__0printf)
    __1printf                                0x08006951   Thumb Code     0  printfa.o(i.__0printf)
    __2printf                                0x08006951   Thumb Code     0  printfa.o(i.__0printf)
    __c89printf                              0x08006951   Thumb Code     0  printfa.o(i.__0printf)
    printf                                   0x08006951   Thumb Code     0  printfa.o(i.__0printf)
    __scatterload_copy                       0x08006993   Thumb Code    14  handlers.o(i.__scatterload_copy)
    __scatterload_null                       0x080069a1   Thumb Code     2  handlers.o(i.__scatterload_null)
    __scatterload_zeroinit                   0x080069a3   Thumb Code    14  handlers.o(i.__scatterload_zeroinit)
    delay_us                                 0x08007255   Thumb Code    26  ad9954.o(i.delay_us)
    fputc                                    0x08007279   Thumb Code    20  main.o(i.fputc)
    main                                     0x08007291   Thumb Code   566  main.o(i.main)
    osDelay                                  0x080076cd   Thumb Code    28  cmsis_os2.o(i.osDelay)
    osKernelGetTickCount                     0x080076e9   Thumb Code    14  cmsis_os2.o(i.osKernelGetTickCount)
    osKernelInitialize                       0x080076f9   Thumb Code    32  cmsis_os2.o(i.osKernelInitialize)
    osKernelStart                            0x0800771d   Thumb Code    48  cmsis_os2.o(i.osKernelStart)
    osMessageQueueNew                        0x08007755   Thumb Code    88  cmsis_os2.o(i.osMessageQueueNew)
    osThreadNew                              0x080077ad   Thumb Code   144  cmsis_os2.o(i.osThreadNew)
    pvPortMalloc                             0x08007fd5   Thumb Code   216  heap_4.o(i.pvPortMalloc)
    pxPortInitialiseStack                    0x080080b1   Thumb Code    42  port.o(i.pxPortInitialiseStack)
    uxListRemove                             0x080080e1   Thumb Code    38  list.o(i.uxListRemove)
    vApplicationGetIdleTaskMemory            0x08008109   Thumb Code    18  cmsis_os2.o(i.vApplicationGetIdleTaskMemory)
    vApplicationGetTimerTaskMemory           0x08008121   Thumb Code    20  cmsis_os2.o(i.vApplicationGetTimerTaskMemory)
    vListInitialise                          0x08008139   Thumb Code    22  list.o(i.vListInitialise)
    vListInitialiseItem                      0x0800814f   Thumb Code     6  list.o(i.vListInitialiseItem)
    vListInsert                              0x08008155   Thumb Code    48  list.o(i.vListInsert)
    vListInsertEnd                           0x08008185   Thumb Code    24  list.o(i.vListInsertEnd)
    vPortEnterCritical                       0x0800819d   Thumb Code    54  port.o(i.vPortEnterCritical)
    vPortExitCritical                        0x080081dd   Thumb Code    34  port.o(i.vPortExitCritical)
    vPortFree                                0x08008205   Thumb Code    94  heap_4.o(i.vPortFree)
    vPortSetupTimerInterrupt                 0x08008269   Thumb Code    32  port.o(i.vPortSetupTimerInterrupt)
    vPortValidateInterruptPriority           0x0800828d   Thumb Code    74  port.o(i.vPortValidateInterruptPriority)
    vQueueAddToRegistry                      0x080082e1   Thumb Code    34  queue.o(i.vQueueAddToRegistry)
    vQueueWaitForMessageRestricted           0x08008309   Thumb Code    68  queue.o(i.vQueueWaitForMessageRestricted)
    vTaskDelay                               0x0800834d   Thumb Code    66  tasks.o(i.vTaskDelay)
    vTaskInternalSetTimeOutState             0x08008399   Thumb Code    12  tasks.o(i.vTaskInternalSetTimeOutState)
    vTaskMissedYield                         0x080083a9   Thumb Code     8  tasks.o(i.vTaskMissedYield)
    vTaskPlaceOnEventList                    0x080083b5   Thumb Code    44  tasks.o(i.vTaskPlaceOnEventList)
    vTaskPlaceOnEventListRestricted          0x080083e5   Thumb Code    52  tasks.o(i.vTaskPlaceOnEventListRestricted)
    vTaskStartScheduler                      0x0800841d   Thumb Code   118  tasks.o(i.vTaskStartScheduler)
    vTaskSuspendAll                          0x080084a5   Thumb Code    10  tasks.o(i.vTaskSuspendAll)
    vTaskSwitchContext                       0x080084b5   Thumb Code    90  tasks.o(i.vTaskSwitchContext)
    xPortStartScheduler                      0x08008519   Thumb Code   222  port.o(i.xPortStartScheduler)
    xPortSysTickHandler                      0x0800860d   Thumb Code    38  port.o(i.xPortSysTickHandler)
    xQueueGenericCreate                      0x08008639   Thumb Code    66  queue.o(i.xQueueGenericCreate)
    xQueueGenericCreateStatic                0x0800867b   Thumb Code   102  queue.o(i.xQueueGenericCreateStatic)
    xQueueGenericReset                       0x080086e1   Thumb Code   144  queue.o(i.xQueueGenericReset)
    xQueueGenericSend                        0x08008775   Thumb Code   346  queue.o(i.xQueueGenericSend)
    xQueueGenericSendFromISR                 0x080088d5   Thumb Code   190  queue.o(i.xQueueGenericSendFromISR)
    xQueueReceive                            0x08008995   Thumb Code   310  queue.o(i.xQueueReceive)
    xTaskCheckForTimeOut                     0x08008ad1   Thumb Code   116  tasks.o(i.xTaskCheckForTimeOut)
    xTaskCreate                              0x08008b49   Thumb Code    90  tasks.o(i.xTaskCreate)
    xTaskCreateStatic                        0x08008ba3   Thumb Code    86  tasks.o(i.xTaskCreateStatic)
    xTaskGetSchedulerState                   0x08008bf9   Thumb Code    22  tasks.o(i.xTaskGetSchedulerState)
    xTaskGetTickCount                        0x08008c15   Thumb Code     6  tasks.o(i.xTaskGetTickCount)
    xTaskGetTickCountFromISR                 0x08008c21   Thumb Code    12  tasks.o(i.xTaskGetTickCountFromISR)
    xTaskIncrementTick                       0x08008c31   Thumb Code   192  tasks.o(i.xTaskIncrementTick)
    xTaskPriorityDisinherit                  0x08008cf9   Thumb Code   116  tasks.o(i.xTaskPriorityDisinherit)
    xTaskRemoveFromEventList                 0x08008d75   Thumb Code   100  tasks.o(i.xTaskRemoveFromEventList)
    xTaskResumeAll                           0x08008de5   Thumb Code   184  tasks.o(i.xTaskResumeAll)
    xTimerCreateTimerTask                    0x08008ea9   Thumb Code    78  timers.o(i.xTimerCreateTimerTask)
    xTimerGenericCommand                     0x08008f09   Thumb Code    98  timers.o(i.xTimerGenericCommand)
    defaultTask_attributes                   0x08008f70   Data          36  main.o(.constdata)
    UARTPrescTable                           0x08008f9c   Data          24  stm32h7xx_hal_uart.o(.constdata)
    D1CorePrescTable                         0x08008fc4   Data          16  system_stm32h7xx.o(.constdata)
    Region$$Table$$Base                      0x0800902c   Number         0  anon$$obj.o(Region$$Table)
    Region$$Table$$Limit                     0x0800904c   Number         0  anon$$obj.o(Region$$Table)
    adc_conversion_complete                  0x24000000   Data           1  main.o(.data)
    buffer_swap_flag                         0x24000001   Data           1  main.o(.data)
    active_dma_buffer                        0x24000004   Data           4  main.o(.data)
    processing_buffer                        0x24000008   Data           4  main.o(.data)
    defaultTaskHandle                        0x24000010   Data           4  main.o(.data)
    ADCQueueHandle                           0x24000014   Data           4  main.o(.data)
    uwTickFreq                               0x2400001c   Data           1  stm32h7xx_hal.o(.data)
    uwTickPrio                               0x24000020   Data           4  stm32h7xx_hal.o(.data)
    uwTick                                   0x24000024   Data           4  stm32h7xx_hal.o(.data)
    SystemCoreClock                          0x24000028   Data           4  system_stm32h7xx.o(.data)
    SystemD2Clock                            0x2400002c   Data           4  system_stm32h7xx.o(.data)
    pxCurrentTCB                             0x24000030   Data           4  tasks.o(.data)
    fH_Num                                   0x240000b0   Data           8  ad9954.o(.data)
    __stdout                                 0x240000b8   Data           4  stdout.o(.data)
    hadc1                                    0x240000c0   Data         100  main.o(.bss)
    hadc2                                    0x24000124   Data         100  main.o(.bss)
    hi2c1                                    0x24000188   Data          84  main.o(.bss)
    hspi1                                    0x240001dc   Data         136  main.o(.bss)
    huart1                                   0x24000264   Data         148  main.o(.bss)
    dmabuffer_ping                           0x24000300   Data        4096  main.o(.bss)
    dmabuffer_pong                           0x24001300   Data        4096  main.o(.bss)
    adc1_data                                0x24002300   Data        2048  main.o(.bss)
    adc2_data                                0x24002b00   Data        2048  main.o(.bss)
    merged_adc_data                          0x24003300   Data        4096  main.o(.bss)
    hdma_adc1                                0x24004300   Data         120  main.o(.bss)
    htim1                                    0x24004378   Data          76  stm32h7xx_hal_timebase_tim.o(.bss)
    xQueueRegistry                           0x240043c4   Data          64  queue.o(.bss)
    __initial_sp                             0x24009098   Data           0  startup_stm32h750xx.o(STACK)



==============================================================================

Memory Map of the image

  Image Entry point : 0x08000299

  Load Region LR_IROM1 (Base: 0x08000000, Size: 0x00009108, Max: 0x00020000, ABSOLUTE)

    Execution Region ER_IROM1 (Exec base: 0x08000000, Load base: 0x08000000, Size: 0x0000904c, Max: 0x00020000, ABSOLUTE)

    Exec Addr    Load Addr    Size         Type   Attr      Idx    E Section Name        Object

    0x08000000   0x08000000   0x00000298   Data   RO            3    RESET               startup_stm32h750xx.o
    0x08000298   0x08000298   0x00000000   Code   RO         7227  * .ARM.Collect$$$$00000000  mc_w.l(entry.o)
    0x08000298   0x08000298   0x00000004   Code   RO         7501    .ARM.Collect$$$$00000001  mc_w.l(entry2.o)
    0x0800029c   0x0800029c   0x00000004   Code   RO         7504    .ARM.Collect$$$$00000004  mc_w.l(entry5.o)
    0x080002a0   0x080002a0   0x00000000   Code   RO         7506    .ARM.Collect$$$$00000008  mc_w.l(entry7b.o)
    0x080002a0   0x080002a0   0x00000000   Code   RO         7508    .ARM.Collect$$$$0000000A  mc_w.l(entry8b.o)
    0x080002a0   0x080002a0   0x00000008   Code   RO         7509    .ARM.Collect$$$$0000000B  mc_w.l(entry9a.o)
    0x080002a8   0x080002a8   0x00000004   Code   RO         7516    .ARM.Collect$$$$0000000E  mc_w.l(entry12b.o)
    0x080002ac   0x080002ac   0x00000000   Code   RO         7511    .ARM.Collect$$$$0000000F  mc_w.l(entry10a.o)
    0x080002ac   0x080002ac   0x00000000   Code   RO         7513    .ARM.Collect$$$$00000011  mc_w.l(entry11a.o)
    0x080002ac   0x080002ac   0x00000004   Code   RO         7502    .ARM.Collect$$$$00002712  mc_w.l(entry2.o)
    0x080002b0   0x080002b0   0x000000be   Code   RO         6953    .emb_text           port.o
    0x0800036e   0x0800036e   0x00000002   PAD
    0x08000370   0x08000370   0x00000024   Code   RO            4    .text               startup_stm32h750xx.o
    0x08000394   0x08000394   0x00000062   Code   RO         7230    .text               mc_w.l(uldiv.o)
    0x080003f6   0x080003f6   0x00000024   Code   RO         7232    .text               mc_w.l(memcpya.o)
    0x0800041a   0x0800041a   0x00000024   Code   RO         7236    .text               mc_w.l(memseta.o)
    0x0800043e   0x0800043e   0x0000002c   Code   RO         7518    .text               mc_w.l(uidiv.o)
    0x0800046a   0x0800046a   0x0000001e   Code   RO         7520    .text               mc_w.l(llshl.o)
    0x08000488   0x08000488   0x00000020   Code   RO         7522    .text               mc_w.l(llushr.o)
    0x080004a8   0x080004a8   0x00000000   Code   RO         7524    .text               mc_w.l(iusefp.o)
    0x080004a8   0x080004a8   0x0000014e   Code   RO         7525    .text               mf_w.l(dadd.o)
    0x080005f6   0x080005f6   0x000000e4   Code   RO         7527    .text               mf_w.l(dmul.o)
    0x080006da   0x080006da   0x000000de   Code   RO         7529    .text               mf_w.l(ddiv.o)
    0x080007b8   0x080007b8   0x00000030   Code   RO         7531    .text               mf_w.l(dfixul.o)
    0x080007e8   0x080007e8   0x00000030   Code   RO         7533    .text               mf_w.l(cdrcmple.o)
    0x08000818   0x08000818   0x00000024   Code   RO         7535    .text               mc_w.l(init.o)
    0x0800083c   0x0800083c   0x00000024   Code   RO         7537    .text               mc_w.l(llsshr.o)
    0x08000860   0x08000860   0x000000ba   Code   RO         7539    .text               mf_w.l(depilogue.o)
    0x0800091a   0x0800091a   0x00000002   PAD
    0x0800091c   0x0800091c   0x00000088   Code   RO         7108    i.AD9954_GPIO_Init  ad9954.o
    0x080009a4   0x080009a4   0x0000006c   Code   RO         7109    i.AD9954_Init       ad9954.o
    0x08000a10   0x08000a10   0x00000048   Code   RO         7110    i.AD9954_RESET      ad9954.o
    0x08000a58   0x08000a58   0x00000058   Code   RO         7113    i.AD9954_Send_Byte  ad9954.o
    0x08000ab0   0x08000ab0   0x00000040   Code   RO         7116    i.AD9954_Set_Amp    ad9954.o
    0x08000af0   0x08000af0   0x00000050   Code   RO         7117    i.AD9954_Set_Fre    ad9954.o
    0x08000b40   0x08000b40   0x00000040   Code   RO         7119    i.AD9954_Set_Phase  ad9954.o
    0x08000b80   0x08000b80   0x0000001e   Code   RO         7120    i.AD9954_Write_nByte  ad9954.o
    0x08000b9e   0x08000b9e   0x00000002   PAD
    0x08000ba0   0x08000ba0   0x00000108   Code   RO          523    i.ADC_ConfigureBoostMode  stm32h7xx_hal_adc.o
    0x08000ca8   0x08000ca8   0x000000e4   Code   RO          524    i.ADC_ConversionStop  stm32h7xx_hal_adc.o
    0x08000d8c   0x08000d8c   0x00000068   Code   RO          525    i.ADC_DMAConvCplt   stm32h7xx_hal_adc.o
    0x08000df4   0x08000df4   0x0000001a   Code   RO          526    i.ADC_DMAError      stm32h7xx_hal_adc.o
    0x08000e0e   0x08000e0e   0x0000000a   Code   RO          527    i.ADC_DMAHalfConvCplt  stm32h7xx_hal_adc.o
    0x08000e18   0x08000e18   0x00000070   Code   RO          528    i.ADC_Disable       stm32h7xx_hal_adc.o
    0x08000e88   0x08000e88   0x000000a8   Code   RO          529    i.ADC_Enable        stm32h7xx_hal_adc.o
    0x08000f30   0x08000f30   0x00000002   Code   RO          339    i.BusFault_Handler  stm32h7xx_it.o
    0x08000f32   0x08000f32   0x00000002   PAD
    0x08000f34   0x08000f34   0x0000000c   Code   RO          340    i.DMA1_Stream0_IRQHandler  stm32h7xx_it.o
    0x08000f40   0x08000f40   0x000000b4   Code   RO         1594    i.DMA_CalcBaseAndBitshift  stm32h7xx_hal_dma.o
    0x08000ff4   0x08000ff4   0x0000009c   Code   RO         1595    i.DMA_CalcDMAMUXChannelBaseAndMask  stm32h7xx_hal_dma.o
    0x08001090   0x08001090   0x00000074   Code   RO         1596    i.DMA_CalcDMAMUXRequestGenBaseAndMask  stm32h7xx_hal_dma.o
    0x08001104   0x08001104   0x00000054   Code   RO         1597    i.DMA_CheckFifoParam  stm32h7xx_hal_dma.o
    0x08001158   0x08001158   0x00000220   Code   RO         1598    i.DMA_SetConfig     stm32h7xx_hal_dma.o
    0x08001378   0x08001378   0x00000002   Code   RO          341    i.DebugMon_Handler  stm32h7xx_it.o
    0x0800137a   0x0800137a   0x00000004   Code   RO           13    i.Error_Handler     main.o
    0x0800137e   0x0800137e   0x00000002   PAD
    0x08001380   0x08001380   0x00000018   Code   RO         7121    i.Get_FTW           ad9954.o
    0x08001398   0x08001398   0x0000009c   Code   RO          745    i.HAL_ADCEx_Calibration_Start  stm32h7xx_hal_adc_ex.o
    0x08001434   0x08001434   0x00000128   Code   RO          765    i.HAL_ADCEx_MultiModeConfigChannel  stm32h7xx_hal_adc_ex.o
    0x0800155c   0x0800155c   0x00000118   Code   RO          767    i.HAL_ADCEx_MultiModeStart_DMA  stm32h7xx_hal_adc_ex.o
    0x08001674   0x08001674   0x000000f0   Code   RO          768    i.HAL_ADCEx_MultiModeStop_DMA  stm32h7xx_hal_adc_ex.o
    0x08001764   0x08001764   0x000003d8   Code   RO          531    i.HAL_ADC_ConfigChannel  stm32h7xx_hal_adc.o
    0x08001b3c   0x08001b3c   0x0000001c   Code   RO           14    i.HAL_ADC_ConvCpltCallback  main.o
    0x08001b58   0x08001b58   0x00000002   Code   RO          533    i.HAL_ADC_ConvHalfCpltCallback  stm32h7xx_hal_adc.o
    0x08001b5a   0x08001b5a   0x00000002   Code   RO          535    i.HAL_ADC_ErrorCallback  stm32h7xx_hal_adc.o
    0x08001b5c   0x08001b5c   0x00000228   Code   RO          540    i.HAL_ADC_Init      stm32h7xx_hal_adc.o
    0x08001d84   0x08001d84   0x000000f8   Code   RO          410    i.HAL_ADC_MspInit   stm32h7xx_hal_msp.o
    0x08001e7c   0x08001e7c   0x00000108   Code   RO          546    i.HAL_ADC_Start     stm32h7xx_hal_adc.o
    0x08001f84   0x08001f84   0x00000360   Code   RO         1599    i.HAL_DMA_Abort     stm32h7xx_hal_dma.o
    0x080022e4   0x080022e4   0x000006e8   Code   RO         1604    i.HAL_DMA_IRQHandler  stm32h7xx_hal_dma.o
    0x080029cc   0x080029cc   0x000003c4   Code   RO         1605    i.HAL_DMA_Init      stm32h7xx_hal_dma.o
    0x08002d90   0x08002d90   0x0000029c   Code   RO         1609    i.HAL_DMA_Start_IT  stm32h7xx_hal_dma.o
    0x0800302c   0x0800302c   0x0000022c   Code   RO         1447    i.HAL_GPIO_Init     stm32h7xx_hal_gpio.o
    0x08003258   0x08003258   0x0000000a   Code   RO         1451    i.HAL_GPIO_WritePin  stm32h7xx_hal_gpio.o
    0x08003262   0x08003262   0x00000002   PAD
    0x08003264   0x08003264   0x0000000c   Code   RO         2472    i.HAL_GetREVID      stm32h7xx_hal.o
    0x08003270   0x08003270   0x0000000c   Code   RO         2473    i.HAL_GetTick       stm32h7xx_hal.o
    0x0800327c   0x0800327c   0x00000058   Code   RO         3238    i.HAL_I2CEx_ConfigAnalogFilter  stm32h7xx_hal_i2c_ex.o
    0x080032d4   0x080032d4   0x00000054   Code   RO         3239    i.HAL_I2CEx_ConfigDigitalFilter  stm32h7xx_hal_i2c_ex.o
    0x08003328   0x08003328   0x000000c0   Code   RO         2777    i.HAL_I2C_Init      stm32h7xx_hal_i2c.o
    0x080033e8   0x080033e8   0x00000084   Code   RO          412    i.HAL_I2C_MspInit   stm32h7xx_hal_msp.o
    0x0800346c   0x0800346c   0x00000010   Code   RO         2479    i.HAL_IncTick       stm32h7xx_hal.o
    0x0800347c   0x0800347c   0x0000005c   Code   RO         2480    i.HAL_Init          stm32h7xx_hal.o
    0x080034d8   0x080034d8   0x00000084   Code   RO          484    i.HAL_InitTick      stm32h7xx_hal_timebase_tim.o
    0x0800355c   0x0800355c   0x0000005c   Code   RO         2302    i.HAL_MPU_ConfigRegion  stm32h7xx_hal_cortex.o
    0x080035b8   0x080035b8   0x0000001c   Code   RO         2303    i.HAL_MPU_Disable   stm32h7xx_hal_cortex.o
    0x080035d4   0x080035d4   0x00000024   Code   RO         2305    i.HAL_MPU_Enable    stm32h7xx_hal_cortex.o
    0x080035f8   0x080035f8   0x00000024   Code   RO          413    i.HAL_MspInit       stm32h7xx_hal_msp.o
    0x0800361c   0x0800361c   0x0000001a   Code   RO         2309    i.HAL_NVIC_EnableIRQ  stm32h7xx_hal_cortex.o
    0x08003636   0x08003636   0x00000002   PAD
    0x08003638   0x08003638   0x00000040   Code   RO         2315    i.HAL_NVIC_SetPriority  stm32h7xx_hal_cortex.o
    0x08003678   0x08003678   0x00000024   Code   RO         2316    i.HAL_NVIC_SetPriorityGrouping  stm32h7xx_hal_cortex.o
    0x0800369c   0x0800369c   0x00000054   Code   RO         2048    i.HAL_PWREx_ConfigSupply  stm32h7xx_hal_pwr_ex.o
    0x080036f0   0x080036f0   0x00000024   Code   RO         1090    i.HAL_RCCEx_GetD3PCLK1Freq  stm32h7xx_hal_rcc_ex.o
    0x08003714   0x08003714   0x00000148   Code   RO         1091    i.HAL_RCCEx_GetPLL1ClockFreq  stm32h7xx_hal_rcc_ex.o
    0x0800385c   0x0800385c   0x00000144   Code   RO         1092    i.HAL_RCCEx_GetPLL2ClockFreq  stm32h7xx_hal_rcc_ex.o
    0x080039a0   0x080039a0   0x00000144   Code   RO         1093    i.HAL_RCCEx_GetPLL3ClockFreq  stm32h7xx_hal_rcc_ex.o
    0x08003ae4   0x08003ae4   0x000002c8   Code   RO         1095    i.HAL_RCCEx_GetPeriphCLKFreq  stm32h7xx_hal_rcc_ex.o
    0x08003dac   0x08003dac   0x000009ac   Code   RO         1099    i.HAL_RCCEx_PeriphCLKConfig  stm32h7xx_hal_rcc_ex.o
    0x08004758   0x08004758   0x0000025c   Code   RO          975    i.HAL_RCC_ClockConfig  stm32h7xx_hal_rcc.o
    0x080049b4   0x080049b4   0x0000005c   Code   RO          979    i.HAL_RCC_GetClockConfig  stm32h7xx_hal_rcc.o
    0x08004a10   0x08004a10   0x00000044   Code   RO          980    i.HAL_RCC_GetHCLKFreq  stm32h7xx_hal_rcc.o
    0x08004a54   0x08004a54   0x00000024   Code   RO          982    i.HAL_RCC_GetPCLK1Freq  stm32h7xx_hal_rcc.o
    0x08004a78   0x08004a78   0x00000024   Code   RO          983    i.HAL_RCC_GetPCLK2Freq  stm32h7xx_hal_rcc.o
    0x08004a9c   0x08004a9c   0x00000138   Code   RO          984    i.HAL_RCC_GetSysClockFreq  stm32h7xx_hal_rcc.o
    0x08004bd4   0x08004bd4   0x00000582   Code   RO          987    i.HAL_RCC_OscConfig  stm32h7xx_hal_rcc.o
    0x08005156   0x08005156   0x00000002   PAD
    0x08005158   0x08005158   0x0000017c   Code   RO         3375    i.HAL_SPI_Init      stm32h7xx_hal_spi.o
    0x080052d4   0x080052d4   0x000000ec   Code   RO          415    i.HAL_SPI_MspInit   stm32h7xx_hal_msp.o
    0x080053c0   0x080053c0   0x00000002   Code   RO         4409    i.HAL_TIMEx_Break2Callback  stm32h7xx_hal_tim_ex.o
    0x080053c2   0x080053c2   0x00000002   Code   RO         4410    i.HAL_TIMEx_BreakCallback  stm32h7xx_hal_tim_ex.o
    0x080053c4   0x080053c4   0x00000002   Code   RO         4411    i.HAL_TIMEx_CommutCallback  stm32h7xx_hal_tim_ex.o
    0x080053c6   0x080053c6   0x00000062   Code   RO         3695    i.HAL_TIM_Base_Init  stm32h7xx_hal_tim.o
    0x08005428   0x08005428   0x00000002   Code   RO         3697    i.HAL_TIM_Base_MspInit  stm32h7xx_hal_tim.o
    0x0800542a   0x0800542a   0x00000002   PAD
    0x0800542c   0x0800542c   0x0000008c   Code   RO         3700    i.HAL_TIM_Base_Start_IT  stm32h7xx_hal_tim.o
    0x080054b8   0x080054b8   0x00000002   Code   RO         3729    i.HAL_TIM_IC_CaptureCallback  stm32h7xx_hal_tim.o
    0x080054ba   0x080054ba   0x00000148   Code   RO         3743    i.HAL_TIM_IRQHandler  stm32h7xx_hal_tim.o
    0x08005602   0x08005602   0x00000002   Code   RO         3746    i.HAL_TIM_OC_DelayElapsedCallback  stm32h7xx_hal_tim.o
    0x08005604   0x08005604   0x00000002   Code   RO         3773    i.HAL_TIM_PWM_PulseFinishedCallback  stm32h7xx_hal_tim.o
    0x08005606   0x08005606   0x00000002   PAD
    0x08005608   0x08005608   0x00000014   Code   RO           15    i.HAL_TIM_PeriodElapsedCallback  main.o
    0x0800561c   0x0800561c   0x00000002   Code   RO         3786    i.HAL_TIM_TriggerCallback  stm32h7xx_hal_tim.o
    0x0800561e   0x0800561e   0x00000040   Code   RO         5120    i.HAL_UARTEx_DisableFifoMode  stm32h7xx_hal_uart_ex.o
    0x0800565e   0x0800565e   0x0000004c   Code   RO         5129    i.HAL_UARTEx_SetRxFifoThreshold  stm32h7xx_hal_uart_ex.o
    0x080056aa   0x080056aa   0x0000004c   Code   RO         5130    i.HAL_UARTEx_SetTxFifoThreshold  stm32h7xx_hal_uart_ex.o
    0x080056f6   0x080056f6   0x0000006a   Code   RO         4729    i.HAL_UART_Init     stm32h7xx_hal_uart.o
    0x08005760   0x08005760   0x00000088   Code   RO          417    i.HAL_UART_MspInit  stm32h7xx_hal_msp.o
    0x080057e8   0x080057e8   0x000000b0   Code   RO         4738    i.HAL_UART_Transmit  stm32h7xx_hal_uart.o
    0x08005898   0x08005898   0x00000002   Code   RO          342    i.HardFault_Handler  stm32h7xx_it.o
    0x0800589a   0x0800589a   0x00000008   Code   RO          552    i.LL_ADC_INJ_IsConversionOngoing  stm32h7xx_hal_adc.o
    0x080058a2   0x080058a2   0x00000008   Code   RO          553    i.LL_ADC_REG_IsConversionOngoing  stm32h7xx_hal_adc.o
    0x080058aa   0x080058aa   0x00000008   Code   RO          775    i.LL_ADC_REG_IsConversionOngoing  stm32h7xx_hal_adc_ex.o
    0x080058b2   0x080058b2   0x00000010   Code   RO          554    i.LL_ADC_REG_IsTriggerSourceSWStart  stm32h7xx_hal_adc.o
    0x080058c2   0x080058c2   0x0000001e   Code   RO          556    i.LL_ADC_SetChannelSamplingTime  stm32h7xx_hal_adc.o
    0x080058e0   0x080058e0   0x000000ac   Code   RO           16    i.MX_ADC1_Init      main.o
    0x0800598c   0x0800598c   0x00000084   Code   RO           17    i.MX_ADC2_Init      main.o
    0x08005a10   0x08005a10   0x000000f4   Code   RO           18    i.MX_GPIO_Init      main.o
    0x08005b04   0x08005b04   0x00000054   Code   RO           19    i.MX_I2C1_Init      main.o
    0x08005b58   0x08005b58   0x00000054   Code   RO           20    i.MX_SPI1_Init      main.o
    0x08005bac   0x08005bac   0x00000064   Code   RO           21    i.MX_USART1_UART_Init  main.o
    0x08005c10   0x08005c10   0x00000002   Code   RO          343    i.MemManage_Handler  stm32h7xx_it.o
    0x08005c12   0x08005c12   0x00000002   Code   RO          344    i.NMI_Handler       stm32h7xx_it.o
    0x08005c14   0x08005c14   0x00000042   Code   RO           22    i.PeriphCommonClock_Config  main.o
    0x08005c56   0x08005c56   0x00000002   PAD
    0x08005c58   0x08005c58   0x000000e8   Code   RO           23    i.ProcessCompleteBuffer  main.o
    0x08005d40   0x08005d40   0x00000120   Code   RO         1102    i.RCCEx_PLL2_Config  stm32h7xx_hal_rcc_ex.o
    0x08005e60   0x08005e60   0x00000120   Code   RO         1103    i.RCCEx_PLL3_Config  stm32h7xx_hal_rcc_ex.o
    0x08005f80   0x08005f80   0x000000dc   Code   RO           24    i.StartDefaultTask  main.o
    0x0800605c   0x0800605c   0x0000001a   Code   RO         6385    i.SysTick_Handler   cmsis_os2.o
    0x08006076   0x08006076   0x00000002   PAD
    0x08006078   0x08006078   0x000000a8   Code   RO           25    i.SystemClock_Config  main.o
    0x08006120   0x08006120   0x000000dc   Code   RO         5239    i.SystemInit        system_stm32h7xx.o
    0x080061fc   0x080061fc   0x0000000c   Code   RO          345    i.TIM1_UP_IRQHandler  stm32h7xx_it.o
    0x08006208   0x08006208   0x000000d0   Code   RO         3788    i.TIM_Base_SetConfig  stm32h7xx_hal_tim.o
    0x080062d8   0x080062d8   0x00000044   Code   RO         5134    i.UARTEx_SetNbDataToProcess  stm32h7xx_hal_uart_ex.o
    0x0800631c   0x0800631c   0x000000c8   Code   RO         4743    i.UART_AdvFeatureConfig  stm32h7xx_hal_uart.o
    0x080063e4   0x080063e4   0x000000aa   Code   RO         4744    i.UART_CheckIdleState  stm32h7xx_hal_uart.o
    0x0800648e   0x0800648e   0x00000002   PAD
    0x08006490   0x08006490   0x00000054   Code   RO         4755    i.UART_EndRxTransfer  stm32h7xx_hal_uart.o
    0x080064e4   0x080064e4   0x000003ac   Code   RO         4761    i.UART_SetConfig    stm32h7xx_hal_uart.o
    0x08006890   0x08006890   0x00000094   Code   RO         4768    i.UART_WaitOnFlagUntilTimeout  stm32h7xx_hal_uart.o
    0x08006924   0x08006924   0x00000028   Code   RO         7122    i.UPDATE            ad9954.o
    0x0800694c   0x0800694c   0x00000002   Code   RO          346    i.UsageFault_Handler  stm32h7xx_it.o
    0x0800694e   0x0800694e   0x00000002   PAD
    0x08006950   0x08006950   0x00000020   Code   RO         7473    i.__0printf         mc_w.l(printfa.o)
    0x08006970   0x08006970   0x00000022   Code   RO         2322    i.__NVIC_SetPriority  stm32h7xx_hal_cortex.o
    0x08006992   0x08006992   0x0000000e   Code   RO         7543    i.__scatterload_copy  mc_w.l(handlers.o)
    0x080069a0   0x080069a0   0x00000002   Code   RO         7544    i.__scatterload_null  mc_w.l(handlers.o)
    0x080069a2   0x080069a2   0x0000000e   Code   RO         7545    i.__scatterload_zeroinit  mc_w.l(handlers.o)
    0x080069b0   0x080069b0   0x00000184   Code   RO         7480    i._fp_digits        mc_w.l(printfa.o)
    0x08006b34   0x08006b34   0x000006b4   Code   RO         7481    i._printf_core      mc_w.l(printfa.o)
    0x080071e8   0x080071e8   0x00000024   Code   RO         7482    i._printf_post_padding  mc_w.l(printfa.o)
    0x0800720c   0x0800720c   0x0000002e   Code   RO         7483    i._printf_pre_padding  mc_w.l(printfa.o)
    0x0800723a   0x0800723a   0x0000001a   Code   RO         7123    i.delay_ms          ad9954.o
    0x08007254   0x08007254   0x00000024   Code   RO         7124    i.delay_us          ad9954.o
    0x08007278   0x08007278   0x00000018   Code   RO           27    i.fputc             main.o
    0x08007290   0x08007290   0x0000043c   Code   RO           28    i.main              main.o
    0x080076cc   0x080076cc   0x0000001c   Code   RO         6387    i.osDelay           cmsis_os2.o
    0x080076e8   0x080076e8   0x0000000e   Code   RO         6399    i.osKernelGetTickCount  cmsis_os2.o
    0x080076f6   0x080076f6   0x00000002   PAD
    0x080076f8   0x080076f8   0x00000024   Code   RO         6401    i.osKernelInitialize  cmsis_os2.o
    0x0800771c   0x0800771c   0x00000038   Code   RO         6404    i.osKernelStart     cmsis_os2.o
    0x08007754   0x08007754   0x00000058   Code   RO         6421    i.osMessageQueueNew  cmsis_os2.o
    0x080077ac   0x080077ac   0x00000090   Code   RO         6446    i.osThreadNew       cmsis_os2.o
    0x0800783c   0x0800783c   0x0000005c   Code   RO         5846    i.prvAddCurrentTaskToDelayedList  tasks.o
    0x08007898   0x08007898   0x000000d0   Code   RO         5847    i.prvAddNewTaskToReadyList  tasks.o
    0x08007968   0x08007968   0x00000058   Code   RO         6211    i.prvCheckForValidListAndQueue  timers.o
    0x080079c0   0x080079c0   0x00000026   Code   RO         5443    i.prvCopyDataFromQueue  queue.o
    0x080079e6   0x080079e6   0x0000006c   Code   RO         5444    i.prvCopyDataToQueue  queue.o
    0x08007a52   0x08007a52   0x00000034   Code   RO         5848    i.prvDeleteTCB      tasks.o
    0x08007a86   0x08007a86   0x00000002   PAD
    0x08007a88   0x08007a88   0x00000050   Code   RO         6898    i.prvHeapInit       heap_4.o
    0x08007ad8   0x08007ad8   0x00000060   Code   RO         5849    i.prvIdleTask       tasks.o
    0x08007b38   0x08007b38   0x00000022   Code   RO         5446    i.prvInitialiseNewQueue  queue.o
    0x08007b5a   0x08007b5a   0x000000b0   Code   RO         5850    i.prvInitialiseNewTask  tasks.o
    0x08007c0a   0x08007c0a   0x00000002   PAD
    0x08007c0c   0x08007c0c   0x0000004c   Code   RO         6899    i.prvInsertBlockIntoFreeList  heap_4.o
    0x08007c58   0x08007c58   0x0000003c   Code   RO         6213    i.prvInsertTimerInActiveList  timers.o
    0x08007c94   0x08007c94   0x0000001c   Code   RO         5447    i.prvIsQueueEmpty   queue.o
    0x08007cb0   0x08007cb0   0x000000f8   Code   RO         6214    i.prvProcessReceivedCommands  timers.o
    0x08007da8   0x08007da8   0x000000c0   Code   RO         6215    i.prvProcessTimerOrBlockTask  timers.o
    0x08007e68   0x08007e68   0x00000020   Code   RO         5852    i.prvResetNextTaskUnblockTime  tasks.o
    0x08007e88   0x08007e88   0x00000028   Code   RO         6216    i.prvSampleTimeNow  timers.o
    0x08007eb0   0x08007eb0   0x0000006c   Code   RO         6217    i.prvSwitchTimerLists  timers.o
    0x08007f1c   0x08007f1c   0x00000028   Code   RO         6954    i.prvTaskExitError  port.o
    0x08007f44   0x08007f44   0x00000024   Code   RO         6218    i.prvTimerTask      timers.o
    0x08007f68   0x08007f68   0x0000006a   Code   RO         5448    i.prvUnlockQueue    queue.o
    0x08007fd2   0x08007fd2   0x00000002   PAD
    0x08007fd4   0x08007fd4   0x000000dc   Code   RO         6900    i.pvPortMalloc      heap_4.o
    0x080080b0   0x080080b0   0x00000030   Code   RO         6955    i.pxPortInitialiseStack  port.o
    0x080080e0   0x080080e0   0x00000026   Code   RO         5403    i.uxListRemove      list.o
    0x08008106   0x08008106   0x00000002   PAD
    0x08008108   0x08008108   0x00000018   Code   RO         6458    i.vApplicationGetIdleTaskMemory  cmsis_os2.o
    0x08008120   0x08008120   0x00000018   Code   RO         6459    i.vApplicationGetTimerTaskMemory  cmsis_os2.o
    0x08008138   0x08008138   0x00000016   Code   RO         5404    i.vListInitialise   list.o
    0x0800814e   0x0800814e   0x00000006   Code   RO         5405    i.vListInitialiseItem  list.o
    0x08008154   0x08008154   0x00000030   Code   RO         5406    i.vListInsert       list.o
    0x08008184   0x08008184   0x00000018   Code   RO         5407    i.vListInsertEnd    list.o
    0x0800819c   0x0800819c   0x00000040   Code   RO         6957    i.vPortEnterCritical  port.o
    0x080081dc   0x080081dc   0x00000028   Code   RO         6958    i.vPortExitCritical  port.o
    0x08008204   0x08008204   0x00000064   Code   RO         6901    i.vPortFree         heap_4.o
    0x08008268   0x08008268   0x00000024   Code   RO         6959    i.vPortSetupTimerInterrupt  port.o
    0x0800828c   0x0800828c   0x00000054   Code   RO         6960    i.vPortValidateInterruptPriority  port.o
    0x080082e0   0x080082e0   0x00000028   Code   RO         5454    i.vQueueAddToRegistry  queue.o
    0x08008308   0x08008308   0x00000044   Code   RO         5458    i.vQueueWaitForMessageRestricted  queue.o
    0x0800834c   0x0800834c   0x0000004c   Code   RO         5865    i.vTaskDelay        tasks.o
    0x08008398   0x08008398   0x00000010   Code   RO         5870    i.vTaskInternalSetTimeOutState  tasks.o
    0x080083a8   0x080083a8   0x0000000c   Code   RO         5871    i.vTaskMissedYield  tasks.o
    0x080083b4   0x080083b4   0x00000030   Code   RO         5873    i.vTaskPlaceOnEventList  tasks.o
    0x080083e4   0x080083e4   0x00000038   Code   RO         5874    i.vTaskPlaceOnEventListRestricted  tasks.o
    0x0800841c   0x0800841c   0x00000088   Code   RO         5882    i.vTaskStartScheduler  tasks.o
    0x080084a4   0x080084a4   0x00000010   Code   RO         5884    i.vTaskSuspendAll   tasks.o
    0x080084b4   0x080084b4   0x00000064   Code   RO         5885    i.vTaskSwitchContext  tasks.o
    0x08008518   0x08008518   0x000000f4   Code   RO         6961    i.xPortStartScheduler  port.o
    0x0800860c   0x0800860c   0x0000002c   Code   RO         6962    i.xPortSysTickHandler  port.o
    0x08008638   0x08008638   0x00000042   Code   RO         5463    i.xQueueGenericCreate  queue.o
    0x0800867a   0x0800867a   0x00000066   Code   RO         5464    i.xQueueGenericCreateStatic  queue.o
    0x080086e0   0x080086e0   0x00000094   Code   RO         5465    i.xQueueGenericReset  queue.o
    0x08008774   0x08008774   0x00000160   Code   RO         5466    i.xQueueGenericSend  queue.o
    0x080088d4   0x080088d4   0x000000be   Code   RO         5467    i.xQueueGenericSendFromISR  queue.o
    0x08008992   0x08008992   0x00000002   PAD
    0x08008994   0x08008994   0x0000013c   Code   RO         5476    i.xQueueReceive     queue.o
    0x08008ad0   0x08008ad0   0x00000078   Code   RO         5887    i.xTaskCheckForTimeOut  tasks.o
    0x08008b48   0x08008b48   0x0000005a   Code   RO         5888    i.xTaskCreate       tasks.o
    0x08008ba2   0x08008ba2   0x00000056   Code   RO         5889    i.xTaskCreateStatic  tasks.o
    0x08008bf8   0x08008bf8   0x0000001c   Code   RO         5893    i.xTaskGetSchedulerState  tasks.o
    0x08008c14   0x08008c14   0x0000000c   Code   RO         5894    i.xTaskGetTickCount  tasks.o
    0x08008c20   0x08008c20   0x00000010   Code   RO         5895    i.xTaskGetTickCountFromISR  tasks.o
    0x08008c30   0x08008c30   0x000000c8   Code   RO         5896    i.xTaskIncrementTick  tasks.o
    0x08008cf8   0x08008cf8   0x0000007c   Code   RO         5899    i.xTaskPriorityDisinherit  tasks.o
    0x08008d74   0x08008d74   0x00000070   Code   RO         5901    i.xTaskRemoveFromEventList  tasks.o
    0x08008de4   0x08008de4   0x000000c4   Code   RO         5902    i.xTaskResumeAll    tasks.o
    0x08008ea8   0x08008ea8   0x00000060   Code   RO         6227    i.xTimerCreateTimerTask  timers.o
    0x08008f08   0x08008f08   0x00000068   Code   RO         6228    i.xTimerGenericCommand  timers.o
    0x08008f70   0x08008f70   0x00000024   Data   RO           31    .constdata          main.o
    0x08008f94   0x08008f94   0x00000008   Data   RO         1611    .constdata          stm32h7xx_hal_dma.o
    0x08008f9c   0x08008f9c   0x00000018   Data   RO         4769    .constdata          stm32h7xx_hal_uart.o
    0x08008fb4   0x08008fb4   0x00000010   Data   RO         5135    .constdata          stm32h7xx_hal_uart_ex.o
    0x08008fc4   0x08008fc4   0x00000010   Data   RO         5240    .constdata          system_stm32h7xx.o
    0x08008fd4   0x08008fd4   0x00000058   Data   RO           32    .conststring        main.o
    0x0800902c   0x0800902c   0x00000020   Data   RO         7541    Region$$Table       anon$$obj.o


    Execution Region RW_IRAM1 (Exec base: 0x20000000, Load base: 0x0800904c, Size: 0x00000000, Max: 0x00020000, ABSOLUTE)

    **** No section assigned to this execution region ****


    Execution Region RW_IRAM2 (Exec base: 0x24000000, Load base: 0x0800904c, Size: 0x00009098, Max: 0x00080000, ABSOLUTE)

    Exec Addr    Load Addr    Size         Type   Attr      Idx    E Section Name        Object

    0x24000000   0x0800904c   0x00000018   Data   RW           33    .data               main.o
    0x24000018   0x08009064   0x00000004   Data   RW          418    .data               stm32h7xx_hal_msp.o
    0x2400001c   0x08009068   0x0000000c   Data   RW         2502    .data               stm32h7xx_hal.o
    0x24000028   0x08009074   0x00000008   Data   RW         5241    .data               system_stm32h7xx.o
    0x24000030   0x0800907c   0x0000003c   Data   RW         5905    .data               tasks.o
    0x2400006c   0x080090b8   0x00000014   Data   RW         6236    .data               timers.o
    0x24000080   0x080090cc   0x00000004   Data   RW         6461    .data               cmsis_os2.o
    0x24000084   0x080090d0   0x00000020   Data   RW         6907    .data               heap_4.o
    0x240000a4   0x080090f0   0x0000000c   Data   RW         6963    .data               port.o
    0x240000b0   0x080090fc   0x00000008   Data   RW         7125    .data               ad9954.o
    0x240000b8   0x08009104   0x00000004   Data   RW         7517    .data               mc_w.l(stdout.o)
    0x240000bc   0x08009108   0x00000004   PAD
    0x240000c0        -       0x00004240   Zero   RW           29    .bss                main.o
    0x24004300        -       0x00000078   Zero   RW           30    .bss                main.o
    0x24004378        -       0x0000004c   Zero   RW          487    .bss                stm32h7xx_hal_timebase_tim.o
    0x240043c4        -       0x00000040   Zero   RW         5480    .bss                queue.o
    0x24004404        -       0x000004c4   Zero   RW         5904    .bss                tasks.o
    0x240048c8        -       0x00000118   Zero   RW         6235    .bss                timers.o
    0x240049e0        -       0x000006b8   Zero   RW         6460    .bss                cmsis_os2.o
    0x24005098        -       0x00003c00   Zero   RW         6906    .bss                heap_4.o
    0x24008c98        -       0x00000400   Zero   RW            1    STACK               startup_stm32h750xx.o


==============================================================================

Image component sizes


      Code (inc. data)   RO Data    RW Data    ZI Data      Debug   Object Name

       768         56          0          8          0       7890   ad9954.o
       440         22          0          4       1720      72990   cmsis_os2.o
         0          0          0          0          0      19452   event_groups.o
       476         24          0         32      15360       5043   heap_4.o
       138          0          0          0          0       3734   list.o
      2662        788        124         24      17080    1420174   main.o
       790         84          0         12          0      11757   port.o
      1596         22          0          0         64      18782   queue.o
        36          8        664          0       1024        844   startup_stm32h750xx.o
       132         32          0         12          0      22165   stm32h7xx_hal.o
      2778        208          0          0          0      77222   stm32h7xx_hal_adc.o
       980         74          0          0          0      66902   stm32h7xx_hal_adc_ex.o
       316         28          0          0          0      41176   stm32h7xx_hal_cortex.o
      5344        204          8          0          0      11171   stm32h7xx_hal_dma.o
       566         50          0          0          0       2344   stm32h7xx_hal_gpio.o
       192          6          0          0          0       3387   stm32h7xx_hal_i2c.o
       172          0          0          0          0       2123   stm32h7xx_hal_i2c_ex.o
       788         80          0          4          0       4691   stm32h7xx_hal_msp.o
        84          6          0          0          0        801   stm32h7xx_hal_pwr_ex.o
      2558        110          0          0          0       7965   stm32h7xx_hal_rcc.o
      4776        174          0          0          0      10663   stm32h7xx_hal_rcc_ex.o
       380         14          0          0          0       1735   stm32h7xx_hal_spi.o
       784         66          0          0          0       7796   stm32h7xx_hal_tim.o
         6          0          0          0          0       2364   stm32h7xx_hal_tim_ex.o
       132         22          0          0         76       1611   stm32h7xx_hal_timebase_tim.o
      1824        112         24          0          0      27022   stm32h7xx_hal_uart.o
       284          6         16          0          0       3877   stm32h7xx_hal_uart_ex.o
        36         12          0          0          0       3820   stm32h7xx_it.o
         0          0          0          0          0        384   stream_buffer.o
       220         40         16          8          0       1526   system_stm32h7xx.o
      2100        166          0         60       1220      27935   tasks.o
       972         84          0         20        280      32379   timers.o

    ----------------------------------------------------------------------
     32368       2498        884        184      36824    1921725   Object Totals
         0          0         32          0          0          0   (incl. Generated)
        38          0          0          0          0          0   (incl. Padding)

    ----------------------------------------------------------------------

      Code (inc. data)   RO Data    RW Data    ZI Data      Debug   Library Member Name

         0          0          0          0          0          0   entry.o
         0          0          0          0          0          0   entry10a.o
         0          0          0          0          0          0   entry11a.o
         4          0          0          0          0          0   entry12b.o
         8          4          0          0          0          0   entry2.o
         4          0          0          0          0          0   entry5.o
         0          0          0          0          0          0   entry7b.o
         0          0          0          0          0          0   entry8b.o
         8          4          0          0          0          0   entry9a.o
        30          0          0          0          0          0   handlers.o
        36          8          0          0          0         68   init.o
         0          0          0          0          0          0   iusefp.o
        30          0          0          0          0         68   llshl.o
        36          0          0          0          0         68   llsshr.o
        32          0          0          0          0         68   llushr.o
        36          0          0          0          0         68   memcpya.o
        36          0          0          0          0        108   memseta.o
      2218         90          0          0          0        464   printfa.o
         0          0          0          4          0          0   stdout.o
        44          0          0          0          0         80   uidiv.o
        98          0          0          0          0         92   uldiv.o
        48          0          0          0          0         68   cdrcmple.o
       334          0          0          0          0        148   dadd.o
       222          0          0          0          0        100   ddiv.o
       186          0          0          0          0        176   depilogue.o
        48          0          0          0          0         68   dfixul.o
       228          0          0          0          0         96   dmul.o

    ----------------------------------------------------------------------
      3688        106          0          4          4       1740   Library Totals
         2          0          0          0          4          0   (incl. Padding)

    ----------------------------------------------------------------------

      Code (inc. data)   RO Data    RW Data    ZI Data      Debug   Library Name

      2620        106          0          4          0       1084   mc_w.l
      1066          0          0          0          0        656   mf_w.l

    ----------------------------------------------------------------------
      3688        106          0          4          4       1740   Library Totals

    ----------------------------------------------------------------------

==============================================================================


      Code (inc. data)   RO Data    RW Data    ZI Data      Debug   

     36056       2604        884        188      36828    1903685   Grand Totals
     36056       2604        884        188      36828    1903685   ELF Image Totals
     36056       2604        884        188          0          0   ROM Totals

==============================================================================

    Total RO  Size (Code + RO Data)                36940 (  36.07kB)
    Total RW  Size (RW Data + ZI Data)             37016 (  36.15kB)
    Total ROM Size (Code + RO Data + RW Data)      37128 (  36.26kB)

==============================================================================

