<html>
<body>
<pre>
<h1>µVision Build Log</h1>
<h2>Tool Versions:</h2>
IDE-Version: ¦ÌVision V5.41.0.0
Copyright (C) 2024 ARM Ltd and ARM Germany GmbH. All rights reserved.
License Information: 1 1, 1, LIC=LSNXV-P0F9R-12HLE-5QPP1-TB5K5-0RETV
 
Tool Versions:
Toolchain:       MDK-ARM Plus  Version: 5.41.0.0
Toolchain Path:  D:\Keil_v5\ARM\ARMCOMPLIER506\Bin
C Compiler:      Armcc.exe V5.06 update 7 (build 960)
Assembler:       Armasm.exe V5.06 update 7 (build 960)
Linker/Locator:  ArmLink.exe V5.06 update 7 (build 960)
Library Manager: ArmAr.exe V5.06 update 7 (build 960)
Hex Converter:   FromElf.exe V5.06 update 7 (build 960)
CPU DLL:         SARMCM3.DLL V5.41.0.0
Dialog DLL:      DCM.DLL V1.17.5.0
Target DLL:      STLink\ST-LINKIII-KEIL_SWO.dll V3.3.0.0
Dialog DLL:      TCM.DLL V1.56.4.0
 
<h2>Project:</h2>
D:\Musii-SnapShot\GithubRepo\STM32-accelerator\MDK-ARM\FinallAttackProject.uvprojx
Project File Date:  07/26/2025

<h2>Output:</h2>
*** Using Compiler 'V5.06 update 7 (build 960)', folder: 'D:\Keil_v5\ARM\ARMCOMPLIER506\Bin'
Build target 'FinallAttackProject'
compiling freertos.c...
compiling stm32h7xx_hal_adc.c...
compiling stm32h7xx_hal_msp.c...
compiling stm32h7xx_hal_flash.c...
compiling stm32h7xx_hal_flash_ex.c...
compiling stm32h7xx_hal_timebase_tim.c...
compiling stm32h7xx_it.c...
compiling stm32h7xx_hal_rcc_ex.c...
compiling stm32h7xx_hal_rcc.c...
compiling stm32h7xx_hal_adc_ex.c...
compiling main.c...
../Drivers/INA226/INA226.h(15): warning:  #1-D: last line of file ends without a newline
  #endif /* INA226_H_ */
../Module/UART/my_uart_task.h(18): warning:  #1-D: last line of file ends without a newline
  #endif /* MY_UART_TASK_H */
../Module/ADC/my_adc_task.h(23): warning:  #1-D: last line of file ends without a newline
  #endif /* MT_MY_ADC_TASK_H */
../Module/Frequency/my_freq_config.h(45): warning:  #1-D: last line of file ends without a newline
  #endif /* MY_FREQ_CONFIG_H */
../Module/ADC/my_adc_task.h(23): warning:  #1-D: last line of file ends without a newline
  #endif /* MT_MY_ADC_TASK_H */
../Module/DAC/my_dac_config.h(13): warning:  #1-D: last line of file ends without a newline
  #endif /* MY_DAC_CONFIG_H */
../Module/DAC/my_dac_task.h(15): warning:  #1-D: last line of file ends without a newline
  #endif /* MY_DAC_TASK_H */
../Module/DDS/my_dds_task.h(16): warning:  #1-D: last line of file ends without a newline
  #endif /* MY_DDS_TASK_H */
../Module/ZLCR/my_zlcr_config.h(60): warning:  #1-D: last line of file ends without a newline
  #endif // MY_ZLCR_TASK_H
../Core/Src/main.c(230): warning:  #167-D: argument of type "void (*)(const void *)" is incompatible with parameter of type "osThreadFunc_t"
    UARTProcessingTaskHandle = osThreadNew(StartUARTProcessingTask, NULL, &UARTProcessingTask_attributes);
../Core/Src/main.c(231): warning:  #167-D: argument of type "void (*)(const void *)" is incompatible with parameter of type "osThreadFunc_t"
    DDSProcessingTaskHandle = osThreadNew(StartDDSProcessingTask, NULL, &DDSProcessingTask_attributes);
../Core/Src/main.c: 11 warnings, 0 errors
compiling stm32h7xx_hal_i2c_ex.c...
compiling stm32h7xx_hal_pwr.c...
compiling stm32h7xx_hal_hsem.c...
compiling stm32h7xx_hal_mdma.c...
compiling stm32h7xx_hal_cortex.c...
compiling stm32h7xx_hal_i2c.c...
compiling stm32h7xx_hal_gpio.c...
compiling stm32h7xx_hal_dma_ex.c...
compiling stm32h7xx_hal.c...
compiling stm32h7xx_hal_pwr_ex.c...
compiling stm32h7xx_hal_dma.c...
compiling croutine.c...
compiling event_groups.c...
compiling list.c...
compiling queue.c...
compiling stream_buffer.c...
compiling tasks.c...
compiling timers.c...
compiling stm32h7xx_hal_spi.c...
compiling heap_4.c...
compiling stm32h7xx_hal_exti.c...
compiling system_stm32h7xx.c...
compiling port.c...
compiling stm32h7xx_hal_tim_ex.c...
compiling stm32h7xx_hal_spi_ex.c...
compiling stm32h7xx_hal_dac.c...
compiling stm32h7xx_hal_dac_ex.c...
compiling stm32h7xx_hal_uart_ex.c...
compiling stm32h7xx_hal_uart.c...
compiling stm32h7xx_hal_tim.c...
compiling my_pid_config.c...
compiling cmsis_os2.c...
compiling my_uart_task.c...
..\Module\UART\my_uart_task.h(18): warning:  #1-D: last line of file ends without a newline
  #endif /* MY_UART_TASK_H */
..\Module\UART\my_uart_task.c(23): warning:  #223-D: function "strtoul" declared implicitly
              g_desired_ADC_sample_rate_Hz = (uint32_t)strtoul(rx_buffer, NULL, 10);
..\Module\UART\my_uart_task.c: 2 warnings, 0 errors
compiling INA226.c...
..\Drivers\INA226\INA226.h(15): warning:  #1-D: last line of file ends without a newline
  #endif /* INA226_H_ */
..\Drivers\INA226\INA226.c(278): warning:  #1-D: last line of file ends without a newline
  // }
..\Drivers\INA226\INA226.c: 2 warnings, 0 errors
compiling AD9954.c...
compiling my_freq_config.c...
../Module/ADC/my_adc_task.h(23): warning:  #1-D: last line of file ends without a newline
  #endif /* MT_MY_ADC_TASK_H */
../Module/Frequency/my_freq_config.h(45): warning:  #1-D: last line of file ends without a newline
  #endif /* MY_FREQ_CONFIG_H */
../Module/ADC/my_adc_task.h(23): warning:  #1-D: last line of file ends without a newline
  #endif /* MT_MY_ADC_TASK_H */
..\Module\Frequency\my_freq_config.h(45): warning:  #1-D: last line of file ends without a newline
  #endif /* MY_FREQ_CONFIG_H */
..\Module\Frequency\my_freq_config.c: 4 warnings, 0 errors
compiling my_dac_config.c...
..\Module\DAC\my_dac_config.h(13): warning:  #1-D: last line of file ends without a newline
  #endif /* MY_DAC_CONFIG_H */
..\Module\DAC\my_dac_config.c(41): warning:  #1-D: last line of file ends without a newline
  };
..\Module\DAC\my_dac_config.c: 2 warnings, 0 errors
compiling my_dds_task.c...
..\Module\DDS\my_dds_task.h(16): warning:  #1-D: last line of file ends without a newline
  #endif /* MY_DDS_TASK_H */
..\Module\DDS\my_dds_task.c(28): warning:  #1-D: last line of file ends without a newline
  }
..\Module\DDS\my_dds_task.c: 2 warnings, 0 errors
compiling my_adc_task.c...
../Module/ADC/my_adc_task.h(23): warning:  #1-D: last line of file ends without a newline
  #endif /* MT_MY_ADC_TASK_H */
../Module/Frequency/my_freq_config.h(45): warning:  #1-D: last line of file ends without a newline
  #endif /* MY_FREQ_CONFIG_H */
..\Module\ADC\my_adc_task.h(23): warning:  #1-D: last line of file ends without a newline
  #endif /* MT_MY_ADC_TASK_H */
../Module/UART/my_uart_task.h(18): warning:  #1-D: last line of file ends without a newline
  #endif /* MY_UART_TASK_H */
..\Module\ADC\my_adc_task.c(185): warning:  #1-D: last line of file ends without a newline
  }
..\Module\ADC\my_adc_task.c: 5 warnings, 0 errors
compiling my_zlcr_config.c...
../Module/ADC/my_adc_task.h(23): warning:  #1-D: last line of file ends without a newline
  #endif /* MT_MY_ADC_TASK_H */
../Module/Frequency/my_freq_config.h(45): warning:  #1-D: last line of file ends without a newline
  #endif /* MY_FREQ_CONFIG_H */
../Module/ADC/my_adc_task.h(23): warning:  #1-D: last line of file ends without a newline
  #endif /* MT_MY_ADC_TASK_H */
..\Module\ZLCR\my_zlcr_config.h(60): warning:  #1-D: last line of file ends without a newline
  #endif // MY_ZLCR_TASK_H
..\Module\ZLCR\my_zlcr_config.c(54): warning:  #223-D: function "generate_logarithmic_frequency_points" declared implicitly
                  generate_logarithmic_frequency_points(decade_start, decade_stop, points_in_decade, &freq_array[total_points]);
..\Module\ZLCR\my_zlcr_config.c(60): warning:  #223-D: function "generate_logarithmic_frequency_points" declared implicitly
                      generate_logarithmic_frequency_points(decade_start, decade_stop, remaining_points, &freq_array[total_points]);
..\Module\ZLCR\my_zlcr_config.c(86): warning:  #159-D: declaration is incompatible with previous "generate_logarithmic_frequency_points"  (declared at line 54)
  void generate_logarithmic_frequency_points(uint32_t start_freq, uint32_t stop_freq, uint32_t points, uint32_t* freq_array) {
..\Module\ZLCR\my_zlcr_config.c(22): warning:  #177-D: variable "g_resonant_search_fine_array"  was declared but never referenced
  static uint32_t g_resonant_search_fine_array[400];   // çª„å¸¦ç²¾æ‰«
..\Module\ZLCR\my_zlcr_config.c: 8 warnings, 0 errors
compiling my_timer_config.c...
../Module/ADC/my_adc_task.h(23): warning:  #1-D: last line of file ends without a newline
  #endif /* MT_MY_ADC_TASK_H */
../Module/Frequency/my_freq_config.h(45): warning:  #1-D: last line of file ends without a newline
  #endif /* MY_FREQ_CONFIG_H */
../Module/ADC/my_adc_task.h(23): warning:  #1-D: last line of file ends without a newline
  #endif /* MT_MY_ADC_TASK_H */
..\Module\Timer\my_timer_config.c(202): warning:  #1-D: last line of file ends without a newline
  }
..\Module\Timer\my_timer_config.c: 4 warnings, 0 errors
compiling my_dac_task.c...
..\Module\DAC\my_dac_config.h(13): warning:  #1-D: last line of file ends without a newline
  #endif /* MY_DAC_CONFIG_H */
..\Module\DAC\my_dac_task.h(15): warning:  #1-D: last line of file ends without a newline
  #endif /* MY_DAC_TASK_H */
..\Module\DAC\my_dac_task.c: 2 warnings, 0 errors
compiling AD9833.c...
linking...
Program Size: Code=48324 RO-data=40000 RW-data=212 ZI-data=193524  
FromELF: creating hex file...
"FinallAttackProject\FinallAttackProject.axf" - 0 Error(s), 42 Warning(s).

<h2>Software Packages used:</h2>

Package Vendor: ARM
                https://www.keil.com/pack/ARM.CMSIS.6.1.0.pack
                ARM::CMSIS@6.1.0
                CMSIS (Common Microcontroller Software Interface Standard)
   * Component: CORE Version: 6.1.0

Package Vendor: Keil
                https://www.keil.com/pack/Keil.STM32H7xx_DFP.3.1.1.pack
                Keil::STM32H7xx_DFP@3.1.1
                STMicroelectronics STM32H7 Series Device Support and Examples

<h2>Collection of Component include folders:</h2>
  ./RTE/_FinallAttackProject
  D:/Keil_arm_pack/ARM/CMSIS/6.1.0/CMSIS/Core/Include
  D:/Keil_arm_pack/Keil/STM32H7xx_DFP/3.1.1/Drivers/CMSIS/Device/ST/STM32H7xx/Include

<h2>Collection of Component Files used:</h2>

   * Component: ARM::CMSIS:CORE@6.1.0
      Include file:  CMSIS/Core/Include/tz_context.h
Build Time Elapsed:  00:00:40
</pre>
</body>
</html>
